[    0.000000] Linux version 6.2.0-36-generic (buildd@lcy02-amd64-050) (x86_64-linux-gnu-gcc-11 (Ubuntu 11.4.0-1ubuntu1~22.04) 11.4.0, GNU ld (GNU Binutils for Ubuntu) 2.38) #37~22.04.1-Ubuntu SMP PREEMPT_DYNAMIC Mon Oct  9 15:34:04 UTC 2 (Ubuntu 6.2.0-36.37~22.04.1-generic 6.2.16)
[    0.000000] Command line: BOOT_IMAGE=/boot/vmlinuz-6.2.0-36-generic root=UUID=81f73b6b-69f2-406e-96ec-7fba60d03b05 ro udev.event-timeout=10 quiet splash vt.handoff=7
[    0.000000] KERNEL supported cpus:
[    0.000000]   Intel GenuineIntel
[    0.000000]   AMD AuthenticAMD
[    0.000000]   Hygon HygonGenuine
[    0.000000]   Centaur CentaurHauls
[    0.000000]   zhaoxin   Shanghai  
[    0.000000] BIOS-provided physical RAM map:
[    0.000000] BIOS-e820: [mem 0x0000000000000000-0x000000000009ffff] usable
[    0.000000] BIOS-e820: [mem 0x00000000000a0000-0x00000000000fffff] reserved
[    0.000000] BIOS-e820: [mem 0x0000000000100000-0x000000002fffffff] usable
[    0.000000] BIOS-e820: [mem 0x0000000030000000-0x000000003000afff] ACPI NVS
[    0.000000] BIOS-e820: [mem 0x000000003000b000-0x0000000075daffff] usable
[    0.000000] BIOS-e820: [mem 0x0000000075db0000-0x0000000075ffffff] reserved
[    0.000000] BIOS-e820: [mem 0x0000000076000000-0x0000000080000fff] usable
[    0.000000] BIOS-e820: [mem 0x0000000080001000-0x00000000aa567fff] reserved
[    0.000000] BIOS-e820: [mem 0x00000000aa568000-0x00000000aa652fff] ACPI data
[    0.000000] BIOS-e820: [mem 0x00000000aa653000-0x00000000aaad3fff] ACPI NVS
[    0.000000] BIOS-e820: [mem 0x00000000aaad4000-0x00000000ab9fefff] reserved
[    0.000000] BIOS-e820: [mem 0x00000000ab9ff000-0x00000000abffffff] usable
[    0.000000] BIOS-e820: [mem 0x00000000ac000000-0x00000000afffffff] reserved
[    0.000000] BIOS-e820: [mem 0x00000000b6d00000-0x00000000b6dfffff] reserved
[    0.000000] BIOS-e820: [mem 0x00000000b6f00000-0x00000000b7000fff] reserved
[    0.000000] BIOS-e820: [mem 0x00000000b7100000-0x00000000b71fffff] reserved
[    0.000000] BIOS-e820: [mem 0x00000000f2880000-0x00000000f2880fff] reserved
[    0.000000] BIOS-e820: [mem 0x00000000f3880000-0x00000000f3880fff] reserved
[    0.000000] BIOS-e820: [mem 0x00000000f9580000-0x00000000f9580fff] reserved
[    0.000000] BIOS-e820: [mem 0x00000000fea00000-0x00000000feafffff] reserved
[    0.000000] BIOS-e820: [mem 0x00000000fec00000-0x00000000fec00fff] reserved
[    0.000000] BIOS-e820: [mem 0x00000000fec10000-0x00000000fec10fff] reserved
[    0.000000] BIOS-e820: [mem 0x00000000fed00000-0x00000000fed00fff] reserved
[    0.000000] BIOS-e820: [mem 0x00000000fed40000-0x00000000fed44fff] reserved
[    0.000000] BIOS-e820: [mem 0x00000000fed80000-0x00000000fed8ffff] reserved
[    0.000000] BIOS-e820: [mem 0x00000000fedc0000-0x00000000fedc0fff] reserved
[    0.000000] BIOS-e820: [mem 0x00000000fedc2000-0x00000000fedc8fff] reserved
[    0.000000] BIOS-e820: [mem 0x00000000fee00000-0x00000000feefffff] reserved
[    0.000000] BIOS-e820: [mem 0x00000000ff000000-0x00000000ffffffff] reserved
[    0.000000] BIOS-e820: [mem 0x0000000100000000-0x000000104fe7ffff] usable
[    0.000000] BIOS-e820: [mem 0x000000104fe80000-0x000000104fffffff] reserved
[    0.000000] BIOS-e820: [mem 0x0000001050000000-0x000000204f27ffff] usable
[    0.000000] BIOS-e820: [mem 0x000000204f280000-0x000000204fffffff] reserved
[    0.000000] BIOS-e820: [mem 0x00000ffc00000000-0x00000ffc03ffffff] reserved
[    0.000000] NX (Execute Disable) protection: active
[    0.000000] e820: update [mem 0x7a5ae018-0x7a5bd057] usable ==> usable
[    0.000000] e820: update [mem 0x7a5ae018-0x7a5bd057] usable ==> usable
[    0.000000] e820: update [mem 0x7a59e018-0x7a5ad057] usable ==> usable
[    0.000000] e820: update [mem 0x7a59e018-0x7a5ad057] usable ==> usable
[    0.000000] e820: update [mem 0x7a574018-0x7a59d457] usable ==> usable
[    0.000000] e820: update [mem 0x7a574018-0x7a59d457] usable ==> usable
[    0.000000] e820: update [mem 0x7a54a018-0x7a573457] usable ==> usable
[    0.000000] e820: update [mem 0x7a54a018-0x7a573457] usable ==> usable
[    0.000000] e820: update [mem 0x7a541018-0x7a549057] usable ==> usable
[    0.000000] e820: update [mem 0x7a541018-0x7a549057] usable ==> usable
[    0.000000] e820: update [mem 0x79f57018-0x79f66057] usable ==> usable
[    0.000000] e820: update [mem 0x79f57018-0x79f66057] usable ==> usable
[    0.000000] e820: update [mem 0x79f47018-0x79f56057] usable ==> usable
[    0.000000] e820: update [mem 0x79f47018-0x79f56057] usable ==> usable
[    0.000000] extended physical RAM map:
[    0.000000] reserve setup_data: [mem 0x0000000000000000-0x000000000009ffff] usable
[    0.000000] reserve setup_data: [mem 0x00000000000a0000-0x00000000000fffff] reserved
[    0.000000] reserve setup_data: [mem 0x0000000000100000-0x000000002fffffff] usable
[    0.000000] reserve setup_data: [mem 0x0000000030000000-0x000000003000afff] ACPI NVS
[    0.000000] reserve setup_data: [mem 0x000000003000b000-0x0000000075daffff] usable
[    0.000000] reserve setup_data: [mem 0x0000000075db0000-0x0000000075ffffff] reserved
[    0.000000] reserve setup_data: [mem 0x0000000076000000-0x0000000079f47017] usable
[    0.000000] reserve setup_data: [mem 0x0000000079f47018-0x0000000079f56057] usable
[    0.000000] reserve setup_data: [mem 0x0000000079f56058-0x0000000079f57017] usable
[    0.000000] reserve setup_data: [mem 0x0000000079f57018-0x0000000079f66057] usable
[    0.000000] reserve setup_data: [mem 0x0000000079f66058-0x000000007a541017] usable
[    0.000000] reserve setup_data: [mem 0x000000007a541018-0x000000007a549057] usable
[    0.000000] reserve setup_data: [mem 0x000000007a549058-0x000000007a54a017] usable
[    0.000000] reserve setup_data: [mem 0x000000007a54a018-0x000000007a573457] usable
[    0.000000] reserve setup_data: [mem 0x000000007a573458-0x000000007a574017] usable
[    0.000000] reserve setup_data: [mem 0x000000007a574018-0x000000007a59d457] usable
[    0.000000] reserve setup_data: [mem 0x000000007a59d458-0x000000007a59e017] usable
[    0.000000] reserve setup_data: [mem 0x000000007a59e018-0x000000007a5ad057] usable
[    0.000000] reserve setup_data: [mem 0x000000007a5ad058-0x000000007a5ae017] usable
[    0.000000] reserve setup_data: [mem 0x000000007a5ae018-0x000000007a5bd057] usable
[    0.000000] reserve setup_data: [mem 0x000000007a5bd058-0x0000000080000fff] usable
[    0.000000] reserve setup_data: [mem 0x0000000080001000-0x00000000aa567fff] reserved
[    0.000000] reserve setup_data: [mem 0x00000000aa568000-0x00000000aa652fff] ACPI data
[    0.000000] reserve setup_data: [mem 0x00000000aa653000-0x00000000aaad3fff] ACPI NVS
[    0.000000] reserve setup_data: [mem 0x00000000aaad4000-0x00000000ab9fefff] reserved
[    0.000000] reserve setup_data: [mem 0x00000000ab9ff000-0x00000000abffffff] usable
[    0.000000] reserve setup_data: [mem 0x00000000ac000000-0x00000000afffffff] reserved
[    0.000000] reserve setup_data: [mem 0x00000000b6d00000-0x00000000b6dfffff] reserved
[    0.000000] reserve setup_data: [mem 0x00000000b6f00000-0x00000000b7000fff] reserved
[    0.000000] reserve setup_data: [mem 0x00000000b7100000-0x00000000b71fffff] reserved
[    0.000000] reserve setup_data: [mem 0x00000000f2880000-0x00000000f2880fff] reserved
[    0.000000] reserve setup_data: [mem 0x00000000f3880000-0x00000000f3880fff] reserved
[    0.000000] reserve setup_data: [mem 0x00000000f9580000-0x00000000f9580fff] reserved
[    0.000000] reserve setup_data: [mem 0x00000000fea00000-0x00000000feafffff] reserved
[    0.000000] reserve setup_data: [mem 0x00000000fec00000-0x00000000fec00fff] reserved
[    0.000000] reserve setup_data: [mem 0x00000000fec10000-0x00000000fec10fff] reserved
[    0.000000] reserve setup_data: [mem 0x00000000fed00000-0x00000000fed00fff] reserved
[    0.000000] reserve setup_data: [mem 0x00000000fed40000-0x00000000fed44fff] reserved
[    0.000000] reserve setup_data: [mem 0x00000000fed80000-0x00000000fed8ffff] reserved
[    0.000000] reserve setup_data: [mem 0x00000000fedc0000-0x00000000fedc0fff] reserved
[    0.000000] reserve setup_data: [mem 0x00000000fedc2000-0x00000000fedc8fff] reserved
[    0.000000] reserve setup_data: [mem 0x00000000fee00000-0x00000000feefffff] reserved
[    0.000000] reserve setup_data: [mem 0x00000000ff000000-0x00000000ffffffff] reserved
[    0.000000] reserve setup_data: [mem 0x0000000100000000-0x000000104fe7ffff] usable
[    0.000000] reserve setup_data: [mem 0x000000104fe80000-0x000000104fffffff] reserved
[    0.000000] reserve setup_data: [mem 0x0000001050000000-0x000000204f27ffff] usable
[    0.000000] reserve setup_data: [mem 0x000000204f280000-0x000000204fffffff] reserved
[    0.000000] reserve setup_data: [mem 0x00000ffc00000000-0x00000ffc03ffffff] reserved
[    0.000000] efi: EFI v2.80 by American Megatrends
[    0.000000] efi: ACPI=0xaa652000 ACPI 2.0=0xaa652014 SMBIOS=0xab49c000 SMBIOS 3.0=0xab49b000 MEMATTR=0x7a61e018 ESRT=0x7b616f18 MOKvar=0xab54f000 RNG=0xaa5ed018 
[    0.000000] random: crng init done
[    0.000000] efi: Remove mem42: MMIO range=[0xb6d00000-0xb6dfffff] (1MB) from e820 map
[    0.000000] e820: remove [mem 0xb6d00000-0xb6dfffff] reserved
[    0.000000] efi: Remove mem43: MMIO range=[0xb6f00000-0xb7000fff] (1MB) from e820 map
[    0.000000] e820: remove [mem 0xb6f00000-0xb7000fff] reserved
[    0.000000] efi: Remove mem44: MMIO range=[0xb7100000-0xb71fffff] (1MB) from e820 map
[    0.000000] e820: remove [mem 0xb7100000-0xb71fffff] reserved
[    0.000000] efi: Not removing mem45: MMIO range=[0xf2880000-0xf2880fff] (4KB) from e820 map
[    0.000000] efi: Not removing mem46: MMIO range=[0xf3880000-0xf3880fff] (4KB) from e820 map
[    0.000000] efi: Not removing mem47: MMIO range=[0xf9580000-0xf9580fff] (4KB) from e820 map
[    0.000000] efi: Remove mem48: MMIO range=[0xfea00000-0xfeafffff] (1MB) from e820 map
[    0.000000] e820: remove [mem 0xfea00000-0xfeafffff] reserved
[    0.000000] efi: Not removing mem49: MMIO range=[0xfec00000-0xfec00fff] (4KB) from e820 map
[    0.000000] efi: Not removing mem50: MMIO range=[0xfec10000-0xfec10fff] (4KB) from e820 map
[    0.000000] efi: Not removing mem51: MMIO range=[0xfed00000-0xfed00fff] (4KB) from e820 map
[    0.000000] efi: Not removing mem52: MMIO range=[0xfed40000-0xfed44fff] (20KB) from e820 map
[    0.000000] efi: Not removing mem53: MMIO range=[0xfed80000-0xfed8ffff] (64KB) from e820 map
[    0.000000] efi: Not removing mem54: MMIO range=[0xfedc0000-0xfedc0fff] (4KB) from e820 map
[    0.000000] efi: Not removing mem55: MMIO range=[0xfedc2000-0xfedc8fff] (28KB) from e820 map
[    0.000000] efi: Remove mem56: MMIO range=[0xfee00000-0xfeefffff] (1MB) from e820 map
[    0.000000] e820: remove [mem 0xfee00000-0xfeefffff] reserved
[    0.000000] efi: Remove mem57: MMIO range=[0xff000000-0xffffffff] (16MB) from e820 map
[    0.000000] e820: remove [mem 0xff000000-0xffffffff] reserved
[    0.000000] efi: Remove mem60: MMIO range=[0xffc00000000-0xffc03ffffff] (64MB) from e820 map
[    0.000000] e820: remove [mem 0xffc00000000-0xffc03ffffff] reserved
[    0.000000] secureboot: Secure boot disabled
[    0.000000] SMBIOS 3.3.0 present.
[    0.000000] DMI: ASUSTeK COMPUTER INC. KRPA-U16-M Series/KRPA-U16-M Series, BIOS 0701 09/07/2022
[    0.000000] tsc: Fast TSC calibration using PIT
[    0.000000] tsc: Detected 2645.297 MHz processor
[    0.000247] e820: update [mem 0x00000000-0x00000fff] usable ==> reserved
[    0.000249] e820: remove [mem 0x000a0000-0x000fffff] usable
[    0.000259] last_pfn = 0x204f280 max_arch_pfn = 0x400000000
[    0.000266] total RAM covered: 2815M
[    0.000379] Found optimal setting for mtrr clean up
[    0.000379]  gran_size: 64K 	chunk_size: 128M 	num_reg: 4  	lose cover RAM: 0G
[    0.000382] x86/PAT: Configuration [0-7]: WB  WC  UC- UC  WB  WP  UC- WT  
[    0.001351] e820: update [mem 0xaafd0000-0xaafdffff] usable ==> reserved
[    0.001357] e820: update [mem 0xb0000000-0xffffffff] usable ==> reserved
[    0.001360] last_pfn = 0xac000 max_arch_pfn = 0x400000000
[    0.005231] esrt: Reserving ESRT space from 0x000000007b616f18 to 0x000000007b616f50.
[    0.005237] e820: update [mem 0x7b616000-0x7b616fff] usable ==> reserved
[    0.005255] Using GB pages for direct mapping
[    0.005782] secureboot: Secure boot disabled
[    0.005783] RAMDISK: [mem 0x65eab000-0x6a0e5fff]
[    0.005788] ACPI: Early table checksum verification disabled
[    0.005791] ACPI: RSDP 0x00000000AA652014 000024 (v02 AMD   )
[    0.005794] ACPI: XSDT 0x00000000AA651728 0000C4 (v01 AMD    AmdTable 03242016 AMI  01000013)
[    0.005799] ACPI: FACP 0x00000000AA64A000 000114 (v06 AMD    AmdTable 03242016 AMI  00010013)
[    0.005803] ACPI: DSDT 0x00000000AA637000 012637 (v02 AMD    AmdTable 03242016 INTL 20190509)
[    0.005805] ACPI: FACS 0x00000000AAAAE000 000040
[    0.005807] ACPI: SSDT 0x00000000AA650000 00092A (v02 AMD    AmdTable 00000002 MSFT 04000000)
[    0.005809] ACPI: SPMI 0x00000000AA64F000 000041 (v05 AMD    AmdTable 00000000 AMI. 00000000)
[    0.005811] ACPI: SSDT 0x00000000AA64B000 0033A1 (v02 AMD    AMD AFC  00000001 INTL 20190509)
[    0.005813] ACPI: FIDT 0x00000000AA636000 00009C (v01 AMD    AmdTable 03242016 AMI  00010013)
[    0.005815] ACPI: FPDT 0x00000000AA630000 000034 (v01 AMD    A M I    01072009 AMI  01000013)
[    0.005817] ACPI: MCFG 0x00000000AA634000 00003C (v01 AMD    AmdTable 03242016 MSFT 00010013)
[    0.005819] ACPI: SSDT 0x00000000AA633000 00059C (v02 AMD    CPUSSDT  03242016 AMI  03242016)
[    0.005821] ACPI: SSDT 0x00000000AA632000 000342 (v02 AMD    CPMRAS   00000001 INTL 20190509)
[    0.005823] ACPI: BERT 0x00000000AA631000 000030 (v01 AMD    AmdTable 00000001 AMD  00000001)
[    0.005825] ACPI: HPET 0x00000000AA62F000 000038 (v01 AMD    AmdTable 03242016 AMI  00000005)
[    0.005827] ACPI: IVRS 0x00000000AA62E000 0001F0 (v02 AMD    AmdTable 00000001 AMD  00000001)
[    0.005829] ACPI: PCCT 0x00000000AA62D000 00006E (v02 AMD    AmdTable 00000001 AMD  00000001)
[    0.005831] ACPI: SSDT 0x00000000AA621000 00BDA9 (v02 AMD    AmdTable 00000001 AMD  00000001)
[    0.005833] ACPI: CRAT 0x00000000AA61E000 002BD0 (v01 AMD    AmdTable 00000001 AMD  00000001)
[    0.005835] ACPI: CDIT 0x00000000AA61D000 000029 (v01 AMD    AmdTable 00000001 AMD  00000001)
[    0.005837] ACPI: SSDT 0x00000000AA61B000 00182E (v02 AMD    CPMCMN   00000001 INTL 20190509)
[    0.005839] ACPI: APIC 0x00000000AA61A000 000882 (v04 AMD    AmdTable 03242016 AMI  00010013)
[    0.005841] ACPI: ERST 0x00000000AA619000 000230 (v01 AMIER  AMI.ERST 00000000 AMI. 00000000)
[    0.005843] ACPI: HEST 0x00000000AA5EE000 02AA74 (v01 AMD    AmdTable 00000001 AMD  00000001)
[    0.005844] ACPI: Reserving FACP table memory at [mem 0xaa64a000-0xaa64a113]
[    0.005845] ACPI: Reserving DSDT table memory at [mem 0xaa637000-0xaa649636]
[    0.005846] ACPI: Reserving FACS table memory at [mem 0xaaaae000-0xaaaae03f]
[    0.005847] ACPI: Reserving SSDT table memory at [mem 0xaa650000-0xaa650929]
[    0.005847] ACPI: Reserving SPMI table memory at [mem 0xaa64f000-0xaa64f040]
[    0.005848] ACPI: Reserving SSDT table memory at [mem 0xaa64b000-0xaa64e3a0]
[    0.005848] ACPI: Reserving FIDT table memory at [mem 0xaa636000-0xaa63609b]
[    0.005849] ACPI: Reserving FPDT table memory at [mem 0xaa630000-0xaa630033]
[    0.005850] ACPI: Reserving MCFG table memory at [mem 0xaa634000-0xaa63403b]
[    0.005850] ACPI: Reserving SSDT table memory at [mem 0xaa633000-0xaa63359b]
[    0.005851] ACPI: Reserving SSDT table memory at [mem 0xaa632000-0xaa632341]
[    0.005851] ACPI: Reserving BERT table memory at [mem 0xaa631000-0xaa63102f]
[    0.005852] ACPI: Reserving HPET table memory at [mem 0xaa62f000-0xaa62f037]
[    0.005852] ACPI: Reserving IVRS table memory at [mem 0xaa62e000-0xaa62e1ef]
[    0.005853] ACPI: Reserving PCCT table memory at [mem 0xaa62d000-0xaa62d06d]
[    0.005854] ACPI: Reserving SSDT table memory at [mem 0xaa621000-0xaa62cda8]
[    0.005854] ACPI: Reserving CRAT table memory at [mem 0xaa61e000-0xaa620bcf]
[    0.005855] ACPI: Reserving CDIT table memory at [mem 0xaa61d000-0xaa61d028]
[    0.005855] ACPI: Reserving SSDT table memory at [mem 0xaa61b000-0xaa61c82d]
[    0.005856] ACPI: Reserving APIC table memory at [mem 0xaa61a000-0xaa61a881]
[    0.005857] ACPI: Reserving ERST table memory at [mem 0xaa619000-0xaa61922f]
[    0.005857] ACPI: Reserving HEST table memory at [mem 0xaa5ee000-0xaa618a73]
[    0.005961] No NUMA configuration found
[    0.005962] Faking a node at [mem 0x0000000000000000-0x000000204f27ffff]
[    0.005967] NODE_DATA(0) allocated [mem 0x204f255000-0x204f27ffff]
[    0.006144] Zone ranges:
[    0.006145]   DMA      [mem 0x0000000000001000-0x0000000000ffffff]
[    0.006146]   DMA32    [mem 0x0000000001000000-0x00000000ffffffff]
[    0.006147]   Normal   [mem 0x0000000100000000-0x000000204f27ffff]
[    0.006148]   Device   empty
[    0.006149] Movable zone start for each node
[    0.006150] Early memory node ranges
[    0.006151]   node   0: [mem 0x0000000000001000-0x000000000009ffff]
[    0.006152]   node   0: [mem 0x0000000000100000-0x000000002fffffff]
[    0.006152]   node   0: [mem 0x000000003000b000-0x0000000075daffff]
[    0.006153]   node   0: [mem 0x0000000076000000-0x0000000080000fff]
[    0.006153]   node   0: [mem 0x00000000ab9ff000-0x00000000abffffff]
[    0.006154]   node   0: [mem 0x0000000100000000-0x000000104fe7ffff]
[    0.006158]   node   0: [mem 0x0000001050000000-0x000000204f27ffff]
[    0.006162] Initmem setup node 0 [mem 0x0000000000001000-0x000000204f27ffff]
[    0.006166] On node 0, zone DMA: 1 pages in unavailable ranges
[    0.006178] On node 0, zone DMA: 96 pages in unavailable ranges
[    0.007414] On node 0, zone DMA32: 11 pages in unavailable ranges
[    0.007540] On node 0, zone DMA32: 592 pages in unavailable ranges
[    0.007753] On node 0, zone DMA32: 47614 pages in unavailable ranges
[    0.072380] On node 0, zone Normal: 16384 pages in unavailable ranges
[    0.139738] On node 0, zone Normal: 384 pages in unavailable ranges
[    0.139759] On node 0, zone Normal: 3456 pages in unavailable ranges
[    0.139903] ACPI: PM-Timer IO Port: 0x808
[    0.139918] ACPI: LAPIC_NMI (acpi_id[0xff] high edge lint[0x1])
[    0.139931] IOAPIC[0]: apic_id 240, version 33, address 0xfec00000, GSI 0-23
[    0.139937] IOAPIC[1]: apic_id 241, version 33, address 0xb7000000, GSI 24-55
[    0.139942] IOAPIC[2]: apic_id 242, version 33, address 0xf3880000, GSI 56-87
[    0.139945] IOAPIC[3]: apic_id 243, version 33, address 0xf2880000, GSI 88-119
[    0.139950] IOAPIC[4]: apic_id 244, version 33, address 0xf9580000, GSI 120-151
[    0.139952] ACPI: INT_SRC_OVR (bus 0 bus_irq 0 global_irq 2 dfl dfl)
[    0.139953] ACPI: INT_SRC_OVR (bus 0 bus_irq 9 global_irq 9 low level)
[    0.139957] ACPI: Using ACPI (MADT) for SMP configuration information
[    0.139958] ACPI: HPET id: 0x10228201 base: 0xfed00000
[    0.139962] smpboot: Allowing 48 CPUs, 0 hotplug CPUs
[    0.139986] PM: hibernation: Registered nosave memory: [mem 0x00000000-0x00000fff]
[    0.139987] PM: hibernation: Registered nosave memory: [mem 0x000a0000-0x000fffff]
[    0.139989] PM: hibernation: Registered nosave memory: [mem 0x30000000-0x3000afff]
[    0.139990] PM: hibernation: Registered nosave memory: [mem 0x75db0000-0x75ffffff]
[    0.139991] PM: hibernation: Registered nosave memory: [mem 0x79f47000-0x79f47fff]
[    0.139993] PM: hibernation: Registered nosave memory: [mem 0x79f56000-0x79f56fff]
[    0.139993] PM: hibernation: Registered nosave memory: [mem 0x79f57000-0x79f57fff]
[    0.139994] PM: hibernation: Registered nosave memory: [mem 0x79f66000-0x79f66fff]
[    0.139996] PM: hibernation: Registered nosave memory: [mem 0x7a541000-0x7a541fff]
[    0.139997] PM: hibernation: Registered nosave memory: [mem 0x7a549000-0x7a549fff]
[    0.139998] PM: hibernation: Registered nosave memory: [mem 0x7a54a000-0x7a54afff]
[    0.139999] PM: hibernation: Registered nosave memory: [mem 0x7a573000-0x7a573fff]
[    0.139999] PM: hibernation: Registered nosave memory: [mem 0x7a574000-0x7a574fff]
[    0.140001] PM: hibernation: Registered nosave memory: [mem 0x7a59d000-0x7a59dfff]
[    0.140001] PM: hibernation: Registered nosave memory: [mem 0x7a59e000-0x7a59efff]
[    0.140002] PM: hibernation: Registered nosave memory: [mem 0x7a5ad000-0x7a5adfff]
[    0.140003] PM: hibernation: Registered nosave memory: [mem 0x7a5ae000-0x7a5aefff]
[    0.140004] PM: hibernation: Registered nosave memory: [mem 0x7a5bd000-0x7a5bdfff]
[    0.140006] PM: hibernation: Registered nosave memory: [mem 0x7b616000-0x7b616fff]
[    0.140007] PM: hibernation: Registered nosave memory: [mem 0x80001000-0xaa567fff]
[    0.140008] PM: hibernation: Registered nosave memory: [mem 0xaa568000-0xaa652fff]
[    0.140008] PM: hibernation: Registered nosave memory: [mem 0xaa653000-0xaaad3fff]
[    0.140008] PM: hibernation: Registered nosave memory: [mem 0xaaad4000-0xab9fefff]
[    0.140010] PM: hibernation: Registered nosave memory: [mem 0xac000000-0xafffffff]
[    0.140010] PM: hibernation: Registered nosave memory: [mem 0xb0000000-0xf287ffff]
[    0.140011] PM: hibernation: Registered nosave memory: [mem 0xf2880000-0xf2880fff]
[    0.140011] PM: hibernation: Registered nosave memory: [mem 0xf2881000-0xf387ffff]
[    0.140012] PM: hibernation: Registered nosave memory: [mem 0xf3880000-0xf3880fff]
[    0.140012] PM: hibernation: Registered nosave memory: [mem 0xf3881000-0xf957ffff]
[    0.140013] PM: hibernation: Registered nosave memory: [mem 0xf9580000-0xf9580fff]
[    0.140013] PM: hibernation: Registered nosave memory: [mem 0xf9581000-0xfebfffff]
[    0.140014] PM: hibernation: Registered nosave memory: [mem 0xfec00000-0xfec00fff]
[    0.140014] PM: hibernation: Registered nosave memory: [mem 0xfec01000-0xfec0ffff]
[    0.140015] PM: hibernation: Registered nosave memory: [mem 0xfec10000-0xfec10fff]
[    0.140015] PM: hibernation: Registered nosave memory: [mem 0xfec11000-0xfecfffff]
[    0.140016] PM: hibernation: Registered nosave memory: [mem 0xfed00000-0xfed00fff]
[    0.140016] PM: hibernation: Registered nosave memory: [mem 0xfed01000-0xfed3ffff]
[    0.140017] PM: hibernation: Registered nosave memory: [mem 0xfed40000-0xfed44fff]
[    0.140017] PM: hibernation: Registered nosave memory: [mem 0xfed45000-0xfed7ffff]
[    0.140017] PM: hibernation: Registered nosave memory: [mem 0xfed80000-0xfed8ffff]
[    0.140018] PM: hibernation: Registered nosave memory: [mem 0xfed90000-0xfedbffff]
[    0.140018] PM: hibernation: Registered nosave memory: [mem 0xfedc0000-0xfedc0fff]
[    0.140019] PM: hibernation: Registered nosave memory: [mem 0xfedc1000-0xfedc1fff]
[    0.140019] PM: hibernation: Registered nosave memory: [mem 0xfedc2000-0xfedc8fff]
[    0.140020] PM: hibernation: Registered nosave memory: [mem 0xfedc9000-0xffffffff]
[    0.140021] PM: hibernation: Registered nosave memory: [mem 0x104fe80000-0x104fffffff]
[    0.140023] [mem 0xb0000000-0xf287ffff] available for PCI devices
[    0.140024] Booting paravirtualized kernel on bare hardware
[    0.140026] clocksource: refined-jiffies: mask: 0xffffffff max_cycles: 0xffffffff, max_idle_ns: 7645519600211568 ns
[    0.140033] setup_percpu: NR_CPUS:8192 nr_cpumask_bits:48 nr_cpu_ids:48 nr_node_ids:1
[    0.141173] percpu: Embedded 62 pages/cpu s217088 r8192 d28672 u262144
[    0.141179] pcpu-alloc: s217088 r8192 d28672 u262144 alloc=1*2097152
[    0.141182] pcpu-alloc: [0] 00 01 02 03 04 05 06 07 [0] 08 09 10 11 12 13 14 15 
[    0.141189] pcpu-alloc: [0] 16 17 18 19 20 21 22 23 [0] 24 25 26 27 28 29 30 31 
[    0.141195] pcpu-alloc: [0] 32 33 34 35 36 37 38 39 [0] 40 41 42 43 44 45 46 47 
[    0.141225] Fallback order for Node 0: 0 
[    0.141229] Built 1 zonelists, mobility grouping on.  Total pages: 32833486
[    0.141230] Policy zone: Normal
[    0.141231] Kernel command line: BOOT_IMAGE=/boot/vmlinuz-6.2.0-36-generic root=UUID=81f73b6b-69f2-406e-96ec-7fba60d03b05 ro udev.event-timeout=10 quiet splash vt.handoff=7
[    0.141295] Unknown kernel command line parameters "splash BOOT_IMAGE=/boot/vmlinuz-6.2.0-36-generic", will be passed to user space.
[    0.141312] printk: log_buf_len individual max cpu contribution: 4096 bytes
[    0.141313] printk: log_buf_len total cpu_extra contributions: 192512 bytes
[    0.141314] printk: log_buf_len min size: 262144 bytes
[    0.141539] printk: log_buf_len: 524288 bytes
[    0.141540] printk: early log buf free: 239480(91%)
[    0.145765] Dentry cache hash table entries: 8388608 (order: 14, 67108864 bytes, linear)
[    0.147905] Inode-cache hash table entries: 4194304 (order: 13, 33554432 bytes, linear)
[    0.148218] mem auto-init: stack:off, heap alloc:on, heap free:off
[    0.148254] software IO TLB: area num 64.
[    0.322900] Memory: 130942148K/133419288K available (20480K kernel code, 4153K rwdata, 12732K rodata, 4768K init, 17536K bss, 2476880K reserved, 0K cma-reserved)
[    0.323009] SLUB: HWalign=64, Order=0-3, MinObjects=0, CPUs=48, Nodes=1
[    0.323031] ftrace: allocating 53440 entries in 209 pages
[    0.333588] ftrace: allocated 209 pages with 4 groups
[    0.334348] Dynamic Preempt: voluntary
[    0.334410] rcu: Preemptible hierarchical RCU implementation.
[    0.334410] rcu: 	RCU restricting CPUs from NR_CPUS=8192 to nr_cpu_ids=48.
[    0.334412] 	Trampoline variant of Tasks RCU enabled.
[    0.334412] 	Rude variant of Tasks RCU enabled.
[    0.334412] 	Tracing variant of Tasks RCU enabled.
[    0.334413] rcu: RCU calculated value of scheduler-enlistment delay is 25 jiffies.
[    0.334414] rcu: Adjusting geometry for rcu_fanout_leaf=16, nr_cpu_ids=48
[    0.336316] NR_IRQS: 524544, nr_irqs: 2984, preallocated irqs: 16
[    0.336499] rcu: srcu_init: Setting srcu_struct sizes based on contention.
[    0.336582] Console: colour dummy device 80x25
[    0.336584] printk: console [tty0] enabled
[    0.336625] ACPI: Core revision 20221020
[    0.336798] clocksource: hpet: mask: 0xffffffff max_cycles: 0xffffffff, max_idle_ns: 133484873504 ns
[    0.336815] APIC: Switch to symmetric I/O mode setup
[    0.337626] AMD-Vi: Using global IVHD EFR:0x841f77e022094ace, EFR2:0x0
[    0.338205] Switched APIC routing to physical flat.
[    0.339577] ..TIMER: vector=0x30 apic1=0 pin1=2 apic2=-1 pin2=-1
[    0.356813] clocksource: tsc-early: mask: 0xffffffffffffffff max_cycles: 0x2621628e2a1, max_idle_ns: 440795330167 ns
[    0.356819] Calibrating delay loop (skipped), value calculated using timer frequency.. 5290.59 BogoMIPS (lpj=10581188)
[    0.356832] x86/cpu: User Mode Instruction Prevention (UMIP) activated
[    0.356931] LVT offset 2 assigned for vector 0xf4
[    0.356961] process: using mwait in idle threads
[    0.356962] Last level iTLB entries: 4KB 512, 2MB 512, 4MB 256
[    0.356963] Last level dTLB entries: 4KB 2048, 2MB 2048, 4MB 1024, 1GB 0
[    0.356965] Spectre V1 : Mitigation: usercopy/swapgs barriers and __user pointer sanitization
[    0.356968] Spectre V2 : Mitigation: Retpolines
[    0.356968] Spectre V2 : Spectre v2 / SpectreRSB mitigation: Filling RSB on context switch
[    0.356969] Spectre V2 : Spectre v2 / SpectreRSB : Filling RSB on VMEXIT
[    0.356970] Spectre V2 : Enabling Restricted Speculation for firmware calls
[    0.356971] Spectre V2 : mitigation: Enabling conditional Indirect Branch Prediction Barrier
[    0.356972] Spectre V2 : User space: Mitigation: STIBP always-on protection
[    0.356973] Speculative Store Bypass: Mitigation: Speculative Store Bypass disabled via prctl
[    0.356974] Speculative Return Stack Overflow: Mitigation: safe RET
[    0.356978] x86/fpu: Supporting XSAVE feature 0x001: 'x87 floating point registers'
[    0.356979] x86/fpu: Supporting XSAVE feature 0x002: 'SSE registers'
[    0.356980] x86/fpu: Supporting XSAVE feature 0x004: 'AVX registers'
[    0.356980] x86/fpu: Supporting XSAVE feature 0x200: 'Protection Keys User registers'
[    0.356982] x86/fpu: xstate_offset[2]:  576, xstate_sizes[2]:  256
[    0.356983] x86/fpu: xstate_offset[9]:  832, xstate_sizes[9]:    8
[    0.356983] x86/fpu: Enabled xstate features 0x207, context size is 840 bytes, using 'compacted' format.
[    0.378929] Freeing SMP alternatives memory: 44K
[    0.378933] pid_max: default: 49152 minimum: 384
[    0.381400] LSM: initializing lsm=lockdown,capability,landlock,yama,integrity,apparmor
[    0.381416] landlock: Up and running.
[    0.381417] Yama: becoming mindful.
[    0.381444] AppArmor: AppArmor initialized
[    0.381528] Mount-cache hash table entries: 131072 (order: 8, 1048576 bytes, linear)
[    0.381581] Mountpoint-cache hash table entries: 131072 (order: 8, 1048576 bytes, linear)
[    0.490111] smpboot: CPU0: AMD EPYC 7413 24-Core Processor (family: 0x19, model: 0x1, stepping: 0x1)
[    0.490252] cblist_init_generic: Setting adjustable number of callback queues.
[    0.490254] cblist_init_generic: Setting shift to 6 and lim to 1.
[    0.490271] cblist_init_generic: Setting adjustable number of callback queues.
[    0.490272] cblist_init_generic: Setting shift to 6 and lim to 1.
[    0.490290] cblist_init_generic: Setting adjustable number of callback queues.
[    0.490291] cblist_init_generic: Setting shift to 6 and lim to 1.
[    0.490307] Performance Events: Fam17h+ 16-deep BRS, core perfctr, AMD PMU driver.
[    0.490337] ... version:                0
[    0.490338] ... bit width:              48
[    0.490339] ... generic registers:      6
[    0.490340] ... value mask:             0000ffffffffffff
[    0.490341] ... max period:             00007fffffffffff
[    0.490342] ... fixed-purpose events:   0
[    0.490343] ... event mask:             000000000000003f
[    0.490438] signal: max sigframe size: 3376
[    0.490463] rcu: Hierarchical SRCU implementation.
[    0.490465] rcu: 	Max phase no-delay instances is 1000.
[    0.490831] NMI watchdog: Enabled. Permanently consumes one hw-PMU counter.
[    0.491189] smp: Bringing up secondary CPUs ...
[    0.491297] x86: Booting SMP configuration:
[    0.491298] .... node  #0, CPUs:        #1  #2  #3  #4  #5  #6  #7  #8  #9 #10 #11 #12 #13 #14 #15 #16 #17 #18 #19 #20 #21 #22 #23 #24
[    0.552938] Spectre V2 : Update user space SMT mitigation: STIBP always-on
[    0.552986]  #25 #26 #27 #28 #29 #30 #31 #32 #33 #34 #35 #36 #37 #38 #39 #40 #41 #42 #43 #44 #45 #46 #47
[    0.612863] smp: Brought up 1 node, 48 CPUs
[    0.612863] smpboot: Max logical packages: 1
[    0.612863] smpboot: Total of 48 processors activated (253948.51 BogoMIPS)
[    0.620827] devtmpfs: initialized
[    0.620882] x86/mm: Memory block size: 2048MB
[    0.622009] ACPI: PM: Registering ACPI NVS region [mem 0x30000000-0x3000afff] (45056 bytes)
[    0.622009] ACPI: PM: Registering ACPI NVS region [mem 0xaa653000-0xaaad3fff] (4722688 bytes)
[    0.622009] clocksource: jiffies: mask: 0xffffffff max_cycles: 0xffffffff, max_idle_ns: 7645041785100000 ns
[    0.622009] futex hash table entries: 16384 (order: 8, 1048576 bytes, linear)
[    0.622009] pinctrl core: initialized pinctrl subsystem
[    0.622009] PM: RTC time: 17:32:31, date: 2023-11-08
[    0.622009] NET: Registered PF_NETLINK/PF_ROUTE protocol family
[    0.622069] DMA: preallocated 4096 KiB GFP_KERNEL pool for atomic allocations
[    0.622240] DMA: preallocated 4096 KiB GFP_KERNEL|GFP_DMA pool for atomic allocations
[    0.622412] DMA: preallocated 4096 KiB GFP_KERNEL|GFP_DMA32 pool for atomic allocations
[    0.622422] audit: initializing netlink subsys (disabled)
[    0.622430] audit: type=2000 audit(1699464751.284:1): state=initialized audit_enabled=0 res=1
[    0.622430] thermal_sys: Registered thermal governor 'fair_share'
[    0.622430] thermal_sys: Registered thermal governor 'bang_bang'
[    0.622430] thermal_sys: Registered thermal governor 'step_wise'
[    0.622430] thermal_sys: Registered thermal governor 'user_space'
[    0.622430] thermal_sys: Registered thermal governor 'power_allocator'
[    0.622430] EISA bus registered
[    0.622430] cpuidle: using governor ladder
[    0.622430] cpuidle: using governor menu
[    0.622430] Detected 1 PCC Subspaces
[    0.622430] Registering PCC driver as Mailbox controller
[    0.622430] acpiphp: ACPI Hot Plug PCI Controller Driver version: 0.5
[    0.622430] PCI: MMCONFIG for domain 0000 [bus 00-ff] at [mem 0xe0000000-0xefffffff] (base 0xe0000000)
[    0.622430] PCI: not using MMCONFIG
[    0.622430] PCI: Using configuration type 1 for base access
[    0.622430] PCI: Using configuration type 1 for extended access
[    0.625771] kprobes: kprobe jump-optimization is enabled. All kprobes are optimized if possible.
[    0.625771] HugeTLB: registered 1.00 GiB page size, pre-allocated 0 pages
[    0.625771] HugeTLB: 16380 KiB vmemmap can be freed for a 1.00 GiB page
[    0.625771] HugeTLB: registered 2.00 MiB page size, pre-allocated 0 pages
[    0.625771] HugeTLB: 28 KiB vmemmap can be freed for a 2.00 MiB page
[    0.625771] ACPI: Added _OSI(Module Device)
[    0.625771] ACPI: Added _OSI(Processor Device)
[    0.625771] ACPI: Added _OSI(3.0 _SCP Extensions)
[    0.625771] ACPI: Added _OSI(Processor Aggregator Device)
[    0.670137] ACPI: 7 ACPI AML tables successfully acquired and loaded
[    0.683660] ACPI: Interpreter enabled
[    0.683678] ACPI: PM: (supports S0 S5)
[    0.683680] ACPI: Using IOAPIC for interrupt routing
[    0.687814] PCI: MMCONFIG for domain 0000 [bus 00-ff] at [mem 0xe0000000-0xefffffff] (base 0xe0000000)
[    0.688102] PCI: MMCONFIG at [mem 0xe0000000-0xefffffff] reserved as ACPI motherboard resource
[    0.740217] HEST: Table parsing has been initialized.
[    0.757595] GHES: APEI firmware first mode is enabled by APEI bit.
[    0.757599] PCI: Using host bridge windows from ACPI; if necessary, use "pci=nocrs" and report a bug
[    0.757601] PCI: Using E820 reservations for host bridge windows
[    0.759348] ACPI: Enabled 3 GPEs in block 00 to 1F
[    0.762468] ACPI: \_SB_.S0D0.C001.SATA.P0SA: New power resource
[    0.762510] ACPI: \_SB_.S0D0.C001.SATA.P3SA: New power resource
[    0.763269] ACPI: \_SB_.S0D0.C002.SATA.P0SA: New power resource
[    0.763310] ACPI: \_SB_.S0D0.C002.SATA.P3SA: New power resource
[    0.766360] ACPI: \_SB_.S0D1.C011.SATA.P0SA: New power resource
[    0.766402] ACPI: \_SB_.S0D1.C011.SATA.P3SA: New power resource
[    0.767151] ACPI: \_SB_.S0D1.C012.SATA.P0SA: New power resource
[    0.767191] ACPI: \_SB_.S0D1.C012.SATA.P3SA: New power resource
[    0.770310] ACPI: \_SB_.S0D2.C021.SATA.P0SA: New power resource
[    0.770351] ACPI: \_SB_.S0D2.C021.SATA.P3SA: New power resource
[    0.771098] ACPI: \_SB_.S0D2.C022.SATA.P0SA: New power resource
[    0.771140] ACPI: \_SB_.S0D2.C022.SATA.P3SA: New power resource
[    0.774785] ACPI: \_SB_.PCI0.C031.SATA.P0SA: New power resource
[    0.774827] ACPI: \_SB_.PCI0.C031.SATA.P3SA: New power resource
[    0.775570] ACPI: \_SB_.PCI0.C032.SATA.P0SA: New power resource
[    0.775611] ACPI: \_SB_.PCI0.C032.SATA.P3SA: New power resource
[    0.783094] ACPI: \_SB_.S1D0.C101.SATA.P0SA: New power resource
[    0.783137] ACPI: \_SB_.S1D0.C101.SATA.P3SA: New power resource
[    0.783902] ACPI: \_SB_.S1D0.C102.SATA.P0SA: New power resource
[    0.783942] ACPI: \_SB_.S1D0.C102.SATA.P3SA: New power resource
[    0.786588] ACPI: \_SB_.S1D1.C111.SATA.P0SA: New power resource
[    0.786631] ACPI: \_SB_.S1D1.C111.SATA.P3SA: New power resource
[    0.787392] ACPI: \_SB_.S1D1.C112.SATA.P0SA: New power resource
[    0.787432] ACPI: \_SB_.S1D1.C112.SATA.P3SA: New power resource
[    0.790079] ACPI: \_SB_.S1D2.C121.SATA.P0SA: New power resource
[    0.790121] ACPI: \_SB_.S1D2.C121.SATA.P3SA: New power resource
[    0.790882] ACPI: \_SB_.S1D2.C122.SATA.P0SA: New power resource
[    0.790922] ACPI: \_SB_.S1D2.C122.SATA.P3SA: New power resource
[    0.793569] ACPI: \_SB_.S1D3.C131.SATA.P0SA: New power resource
[    0.793611] ACPI: \_SB_.S1D3.C131.SATA.P3SA: New power resource
[    0.794369] ACPI: \_SB_.S1D3.C132.SATA.P0SA: New power resource
[    0.794410] ACPI: \_SB_.S1D3.C132.SATA.P3SA: New power resource
[    0.801103] ACPI: PCI Root Bridge [S0D0] (domain 0000 [bus c0-ff])
[    0.801110] acpi PNP0A08:00: _OSC: OS supports [ExtendedConfig ASPM ClockPM Segments MSI EDR HPX-Type3]
[    0.801300] acpi PNP0A08:00: _OSC: platform does not support [AER LTR DPC]
[    0.801648] acpi PNP0A08:00: _OSC: OS now controls [PCIeHotplug SHPCHotplug PME PCIeCapability]
[    0.802340] PCI host bridge to bus 0000:c0
[    0.802342] pci_bus 0000:c0: root bus resource [io  0x03b0-0x03df window]
[    0.802344] pci_bus 0000:c0: root bus resource [io  0x7000-0xffff window]
[    0.802346] pci_bus 0000:c0: root bus resource [mem 0x000a0000-0x000bffff window]
[    0.802348] pci_bus 0000:c0: root bus resource [mem 0xb0000000-0xb6bfffff window]
[    0.802350] pci_bus 0000:c0: root bus resource [mem 0x10020200000-0x180201fffff window]
[    0.802352] pci_bus 0000:c0: root bus resource [bus c0-ff]
[    0.802370] pci 0000:c0:00.0: [1022:1480] type 00 class 0x060000
[    0.802470] pci 0000:c0:00.2: [1022:164f] type 00 class 0x080600
[    0.802600] pci 0000:c0:01.0: [1022:1482] type 00 class 0x060000
[    0.802675] pci 0000:c0:01.2: [1022:1483] type 01 class 0x060400
[    0.802752] pci 0000:c0:01.2: PME# supported from D0 D3hot D3cold
[    0.802904] pci 0000:c0:02.0: [1022:1482] type 00 class 0x060000
[    0.802976] pci 0000:c0:03.0: [1022:1482] type 00 class 0x060000
[    0.803048] pci 0000:c0:03.1: [1022:1483] type 01 class 0x060400
[    0.803124] pci 0000:c0:03.1: PME# supported from D0 D3hot D3cold
[    0.803271] pci 0000:c0:03.2: [1022:1483] type 01 class 0x060400
[    0.803347] pci 0000:c0:03.2: PME# supported from D0 D3hot D3cold
[    0.803493] pci 0000:c0:03.3: [1022:1483] type 01 class 0x060400
[    0.803569] pci 0000:c0:03.3: PME# supported from D0 D3hot D3cold
[    0.803714] pci 0000:c0:04.0: [1022:1482] type 00 class 0x060000
[    0.803790] pci 0000:c0:05.0: [1022:1482] type 00 class 0x060000
[    0.803863] pci 0000:c0:07.0: [1022:1482] type 00 class 0x060000
[    0.803938] pci 0000:c0:07.1: [1022:1484] type 01 class 0x060400
[    0.803966] pci 0000:c0:07.1: enabling Extended Tags
[    0.804009] pci 0000:c0:07.1: PME# supported from D0 D3hot D3cold
[    0.804156] pci 0000:c0:08.0: [1022:1482] type 00 class 0x060000
[    0.804228] pci 0000:c0:08.1: [1022:1484] type 01 class 0x060400
[    0.804256] pci 0000:c0:08.1: enabling Extended Tags
[    0.804301] pci 0000:c0:08.1: PME# supported from D0 D3hot D3cold
[    0.804513] pci 0000:c1:00.0: [10ec:8125] type 00 class 0x020000
[    0.804528] pci 0000:c1:00.0: reg 0x10: [io  0xf000-0xf0ff]
[    0.804546] pci 0000:c1:00.0: reg 0x18: [mem 0xb4770000-0xb477ffff 64bit]
[    0.804558] pci 0000:c1:00.0: reg 0x20: [mem 0xb479c000-0xb479ffff 64bit]
[    0.804659] pci 0000:c1:00.0: supports D1 D2
[    0.804660] pci 0000:c1:00.0: PME# supported from D0 D1 D2 D3hot D3cold
[    0.804707] pci 0000:c1:00.0: reg 0x1b4: [mem 0xb4700000-0xb470ffff 64bit]
[    0.804709] pci 0000:c1:00.0: VF(n) BAR2 space: [mem 0xb4700000-0xb476ffff 64bit] (contains BAR2 for 7 VFs)
[    0.804720] pci 0000:c1:00.0: reg 0x1bc: [mem 0xb4780000-0xb4783fff 64bit]
[    0.804722] pci 0000:c1:00.0: VF(n) BAR4 space: [mem 0xb4780000-0xb479bfff 64bit] (contains BAR4 for 7 VFs)
[    0.804938] pci 0000:c0:01.2: PCI bridge to [bus c1]
[    0.804942] pci 0000:c0:01.2:   bridge window [io  0xf000-0xffff]
[    0.804945] pci 0000:c0:01.2:   bridge window [mem 0xb4700000-0xb47fffff]
[    0.805147] pci 0000:c2:00.0: [15b3:1017] type 00 class 0x020000
[    0.805298] pci 0000:c2:00.0: reg 0x10: [mem 0x1801c000000-0x1801dffffff 64bit pref]
[    0.805533] pci 0000:c2:00.0: reg 0x30: [mem 0xb4300000-0xb43fffff pref]
[    0.806272] pci 0000:c2:00.0: PME# supported from D3cold
[    0.806564] pci 0000:c2:00.0: reg 0x1a4: [mem 0x1801e800000-0x1801e8fffff 64bit pref]
[    0.806566] pci 0000:c2:00.0: VF(n) BAR0 space: [mem 0x1801e800000-0x1801effffff 64bit pref] (contains BAR0 for 8 VFs)
[    0.808175] pci 0000:c2:00.1: [15b3:1017] type 00 class 0x020000
[    0.808325] pci 0000:c2:00.1: reg 0x10: [mem 0x1801a000000-0x1801bffffff 64bit pref]
[    0.808558] pci 0000:c2:00.1: reg 0x30: [mem 0xb4200000-0xb42fffff pref]
[    0.809241] pci 0000:c2:00.1: PME# supported from D3cold
[    0.809516] pci 0000:c2:00.1: reg 0x1a4: [mem 0x1801e000000-0x1801e0fffff 64bit pref]
[    0.809518] pci 0000:c2:00.1: VF(n) BAR0 space: [mem 0x1801e000000-0x1801e7fffff 64bit pref] (contains BAR0 for 8 VFs)
[    0.810933] pci 0000:c0:03.1: PCI bridge to [bus c2]
[    0.810938] pci 0000:c0:03.1:   bridge window [mem 0xb4200000-0xb43fffff]
[    0.810942] pci 0000:c0:03.1:   bridge window [mem 0x1801a000000-0x1801effffff 64bit pref]
[    0.811010] pci 0000:c3:00.0: [1a03:1150] type 01 class 0x060400
[    0.811148] pci 0000:c3:00.0: supports D1 D2
[    0.811150] pci 0000:c3:00.0: PME# supported from D0 D1 D2 D3hot D3cold
[    0.824831] pci 0000:c0:03.2: PCI bridge to [bus c3-c4]
[    0.824837] pci 0000:c0:03.2:   bridge window [io  0xe000-0xefff]
[    0.824840] pci 0000:c0:03.2:   bridge window [mem 0xb0000000-0xb40fffff]
[    0.824887] pci_bus 0000:c4: extended config space not accessible
[    0.824919] pci 0000:c4:00.0: [1a03:2000] type 00 class 0x030000
[    0.824944] pci 0000:c4:00.0: reg 0x10: [mem 0xb0000000-0xb3ffffff]
[    0.824959] pci 0000:c4:00.0: reg 0x14: [mem 0xb4000000-0xb401ffff]
[    0.824973] pci 0000:c4:00.0: reg 0x18: [io  0xe000-0xe07f]
[    0.825043] pci 0000:c4:00.0: BAR 0: assigned to efifb
[    0.825055] pci 0000:c4:00.0: Video device with shadowed ROM at [mem 0x000c0000-0x000dffff]
[    0.825107] pci 0000:c4:00.0: supports D1 D2
[    0.825110] pci 0000:c4:00.0: PME# supported from D0 D1 D2 D3hot D3cold
[    0.825264] pci 0000:c3:00.0: PCI bridge to [bus c4]
[    0.825274] pci 0000:c3:00.0:   bridge window [io  0xe000-0xefff]
[    0.825281] pci 0000:c3:00.0:   bridge window [mem 0xb0000000-0xb40fffff]
[    0.827939] pci 0000:c5:00.0: [8086:1521] type 00 class 0x020000
[    0.829023] pci 0000:c5:00.0: reg 0x10: [mem 0xb4620000-0xb463ffff]
[    0.830048] pci 0000:c5:00.0: reg 0x18: [io  0xd020-0xd03f]
[    0.830565] pci 0000:c5:00.0: reg 0x1c: [mem 0xb46c4000-0xb46c7fff]
[    0.839861] pci 0000:c5:00.0: PME# supported from D0 D3hot D3cold
[    0.842559] pci 0000:c5:00.0: reg 0x184: [mem 0xb46a0000-0xb46a3fff]
[    0.842561] pci 0000:c5:00.0: VF(n) BAR0 space: [mem 0xb46a0000-0xb46bffff] (contains BAR0 for 8 VFs)
[    0.844091] pci 0000:c5:00.0: reg 0x190: [mem 0xb4680000-0xb4683fff]
[    0.844093] pci 0000:c5:00.0: VF(n) BAR3 space: [mem 0xb4680000-0xb469ffff] (contains BAR3 for 8 VFs)
[    0.860818] pci 0000:c5:00.1: [8086:1521] type 00 class 0x020000
[    0.861967] pci 0000:c5:00.1: reg 0x10: [mem 0xb4600000-0xb461ffff]
[    0.863006] pci 0000:c5:00.1: reg 0x18: [io  0xd000-0xd01f]
[    0.863534] pci 0000:c5:00.1: reg 0x1c: [mem 0xb46c0000-0xb46c3fff]
[    0.872437] pci 0000:c5:00.1: PME# supported from D0 D3hot D3cold
[    0.874759] pci 0000:c5:00.1: reg 0x184: [mem 0xb4660000-0xb4663fff]
[    0.874761] pci 0000:c5:00.1: VF(n) BAR0 space: [mem 0xb4660000-0xb467ffff] (contains BAR0 for 8 VFs)
[    0.876273] pci 0000:c5:00.1: reg 0x190: [mem 0xb4640000-0xb4643fff]
[    0.876275] pci 0000:c5:00.1: VF(n) BAR3 space: [mem 0xb4640000-0xb465ffff] (contains BAR3 for 8 VFs)
[    0.890545] pci 0000:c0:03.3: PCI bridge to [bus c5]
[    0.890551] pci 0000:c0:03.3:   bridge window [io  0xd000-0xdfff]
[    0.890554] pci 0000:c0:03.3:   bridge window [mem 0xb4600000-0xb46fffff]
[    0.890630] pci 0000:c6:00.0: [1022:148a] type 00 class 0x130000
[    0.890662] pci 0000:c6:00.0: enabling Extended Tags
[    0.890841] pci 0000:c6:00.2: [1022:1498] type 00 class 0x108000
[    0.890857] pci 0000:c6:00.2: reg 0x18: [mem 0xb4500000-0xb457ffff]
[    0.890869] pci 0000:c6:00.2: reg 0x24: [mem 0xb4580000-0xb4581fff]
[    0.890878] pci 0000:c6:00.2: enabling Extended Tags
[    0.891047] pci 0000:c0:07.1: PCI bridge to [bus c6]
[    0.891052] pci 0000:c0:07.1:   bridge window [mem 0xb4500000-0xb45fffff]
[    0.891146] pci 0000:c7:00.0: [1022:1485] type 00 class 0x130000
[    0.891182] pci 0000:c7:00.0: enabling Extended Tags
[    0.891370] pci 0000:c7:00.2: [1022:1498] type 00 class 0x108000
[    0.891388] pci 0000:c7:00.2: reg 0x18: [mem 0xb4400000-0xb447ffff]
[    0.891400] pci 0000:c7:00.2: reg 0x24: [mem 0xb4480000-0xb4481fff]
[    0.891410] pci 0000:c7:00.2: enabling Extended Tags
[    0.891591] pci 0000:c0:08.1: PCI bridge to [bus c7]
[    0.891597] pci 0000:c0:08.1:   bridge window [mem 0xb4400000-0xb44fffff]
[    0.892612] ACPI: PCI Root Bridge [S0D1] (domain 0000 [bus 80-bf])
[    0.892617] acpi PNP0A08:01: _OSC: OS supports [ExtendedConfig ASPM ClockPM Segments MSI EDR HPX-Type3]
[    0.892886] acpi PNP0A08:01: _OSC: platform does not support [AER LTR DPC]
[    0.893237] acpi PNP0A08:01: _OSC: OS now controls [PCIeHotplug SHPCHotplug PME PCIeCapability]
[    0.893812] PCI host bridge to bus 0000:80
[    0.893814] pci_bus 0000:80: root bus resource [io  0x5000-0x6fff window]
[    0.893817] pci_bus 0000:80: root bus resource [mem 0xf4700000-0xf70fffff window]
[    0.893819] pci_bus 0000:80: root bus resource [mem 0x18050200000-0x200501fffff window]
[    0.893821] pci_bus 0000:80: root bus resource [bus 80-bf]
[    0.893835] pci 0000:80:00.0: [1022:1480] type 00 class 0x060000
[    0.893922] pci 0000:80:00.2: [1022:164f] type 00 class 0x080600
[    0.894046] pci 0000:80:01.0: [1022:1482] type 00 class 0x060000
[    0.894118] pci 0000:80:02.0: [1022:1482] type 00 class 0x060000
[    0.894189] pci 0000:80:03.0: [1022:1482] type 00 class 0x060000
[    0.894263] pci 0000:80:03.1: [1022:1483] type 01 class 0x060400
[    0.894342] pci 0000:80:03.1: PME# supported from D0 D3hot D3cold
[    0.894490] pci 0000:80:04.0: [1022:1482] type 00 class 0x060000
[    0.894562] pci 0000:80:05.0: [1022:1482] type 00 class 0x060000
[    0.894636] pci 0000:80:07.0: [1022:1482] type 00 class 0x060000
[    0.894708] pci 0000:80:07.1: [1022:1484] type 01 class 0x060400
[    0.894737] pci 0000:80:07.1: enabling Extended Tags
[    0.894782] pci 0000:80:07.1: PME# supported from D0 D3hot D3cold
[    0.894926] pci 0000:80:08.0: [1022:1482] type 00 class 0x060000
[    0.895000] pci 0000:80:08.1: [1022:1484] type 01 class 0x060400
[    0.895029] pci 0000:80:08.1: enabling Extended Tags
[    0.895076] pci 0000:80:08.1: PME# supported from D0 D3hot D3cold
[    0.895232] pci 0000:80:08.3: [1022:1484] type 01 class 0x060400
[    0.895261] pci 0000:80:08.3: enabling Extended Tags
[    0.895307] pci 0000:80:08.3: PME# supported from D0 D3hot D3cold
[    0.895511] pci 0000:81:00.0: [8086:10fb] type 00 class 0x020000
[    0.895526] pci 0000:81:00.0: reg 0x10: [mem 0xf6880000-0xf68fffff 64bit]
[    0.895533] pci 0000:81:00.0: reg 0x18: [io  0x6020-0x603f]
[    0.895547] pci 0000:81:00.0: reg 0x20: [mem 0xf6d04000-0xf6d07fff 64bit]
[    0.895553] pci 0000:81:00.0: reg 0x30: [mem 0xf6800000-0xf687ffff pref]
[    0.895611] pci 0000:81:00.0: PME# supported from D0 D3hot
[    0.895638] pci 0000:81:00.0: reg 0x184: [mem 0xf6c00000-0xf6c03fff 64bit]
[    0.895640] pci 0000:81:00.0: VF(n) BAR0 space: [mem 0xf6c00000-0xf6cfffff 64bit] (contains BAR0 for 64 VFs)
[    0.895652] pci 0000:81:00.0: reg 0x190: [mem 0xf6b00000-0xf6b03fff 64bit]
[    0.895654] pci 0000:81:00.0: VF(n) BAR3 space: [mem 0xf6b00000-0xf6bfffff 64bit] (contains BAR3 for 64 VFs)
[    0.895902] pci 0000:81:00.1: [8086:10fb] type 00 class 0x020000
[    0.895917] pci 0000:81:00.1: reg 0x10: [mem 0xf6780000-0xf67fffff 64bit]
[    0.895923] pci 0000:81:00.1: reg 0x18: [io  0x6000-0x601f]
[    0.895937] pci 0000:81:00.1: reg 0x20: [mem 0xf6d00000-0xf6d03fff 64bit]
[    0.895943] pci 0000:81:00.1: reg 0x30: [mem 0xf6700000-0xf677ffff pref]
[    0.896000] pci 0000:81:00.1: PME# supported from D0 D3hot
[    0.896024] pci 0000:81:00.1: reg 0x184: [mem 0xf6a00000-0xf6a03fff 64bit]
[    0.896026] pci 0000:81:00.1: VF(n) BAR0 space: [mem 0xf6a00000-0xf6afffff 64bit] (contains BAR0 for 64 VFs)
[    0.896038] pci 0000:81:00.1: reg 0x190: [mem 0xf6900000-0xf6903fff 64bit]
[    0.896040] pci 0000:81:00.1: VF(n) BAR3 space: [mem 0xf6900000-0xf69fffff 64bit] (contains BAR3 for 64 VFs)
[    0.896270] pci 0000:80:03.1: PCI bridge to [bus 81]
[    0.896275] pci 0000:80:03.1:   bridge window [io  0x6000-0x6fff]
[    0.896278] pci 0000:80:03.1:   bridge window [mem 0xf6700000-0xf6dfffff]
[    0.896355] pci 0000:82:00.0: [1022:148a] type 00 class 0x130000
[    0.896389] pci 0000:82:00.0: enabling Extended Tags
[    0.896573] pci 0000:82:00.2: [1022:1498] type 00 class 0x108000
[    0.896589] pci 0000:82:00.2: reg 0x18: [mem 0xf7000000-0xf707ffff]
[    0.896601] pci 0000:82:00.2: reg 0x24: [mem 0xf7080000-0xf7081fff]
[    0.896611] pci 0000:82:00.2: enabling Extended Tags
[    0.896783] pci 0000:80:07.1: PCI bridge to [bus 82]
[    0.896789] pci 0000:80:07.1:   bridge window [mem 0xf7000000-0xf70fffff]
[    0.896888] pci 0000:83:00.0: [1022:1485] type 00 class 0x130000
[    0.896925] pci 0000:83:00.0: enabling Extended Tags
[    0.897119] pci 0000:83:00.2: [1022:1498] type 00 class 0x108000
[    0.897137] pci 0000:83:00.2: reg 0x18: [mem 0xf6f00000-0xf6f7ffff]
[    0.897150] pci 0000:83:00.2: reg 0x24: [mem 0xf6f80000-0xf6f81fff]
[    0.897160] pci 0000:83:00.2: enabling Extended Tags
[    0.897341] pci 0000:80:08.1: PCI bridge to [bus 83]
[    0.897346] pci 0000:80:08.1:   bridge window [mem 0xf6f00000-0xf6ffffff]
[    0.897409] pci 0000:84:00.0: [1022:7901] type 00 class 0x010601
[    0.897447] pci 0000:84:00.0: reg 0x24: [mem 0xf6e00000-0xf6e007ff]
[    0.897459] pci 0000:84:00.0: enabling Extended Tags
[    0.897521] pci 0000:84:00.0: PME# supported from D3hot D3cold
[    0.897689] pci 0000:80:08.3: PCI bridge to [bus 84]
[    0.897695] pci 0000:80:08.3:   bridge window [mem 0xf6e00000-0xf6efffff]
[    0.898690] ACPI: PCI Root Bridge [S0D2] (domain 0000 [bus 40-7f])
[    0.898695] acpi PNP0A08:02: _OSC: OS supports [ExtendedConfig ASPM ClockPM Segments MSI EDR HPX-Type3]
[    0.898887] acpi PNP0A08:02: _OSC: platform does not support [AER LTR DPC]
[    0.899237] acpi PNP0A08:02: _OSC: OS now controls [PCIeHotplug SHPCHotplug PME PCIeCapability]
[    0.899812] PCI host bridge to bus 0000:40
[    0.899814] pci_bus 0000:40: root bus resource [io  0x4000-0x4fff window]
[    0.899816] pci_bus 0000:40: root bus resource [mem 0xf0000000-0xf26fffff window]
[    0.899818] pci_bus 0000:40: root bus resource [mem 0x20080200000-0x280801fffff window]
[    0.899820] pci_bus 0000:40: root bus resource [bus 40-7f]
[    0.899834] pci 0000:40:00.0: [1022:1480] type 00 class 0x060000
[    0.899917] pci 0000:40:00.2: [1022:164f] type 00 class 0x080600
[    0.900038] pci 0000:40:01.0: [1022:1482] type 00 class 0x060000
[    0.900110] pci 0000:40:01.2: [1022:1483] type 01 class 0x060400
[    0.900188] pci 0000:40:01.2: PME# supported from D0 D3hot D3cold
[    0.900334] pci 0000:40:02.0: [1022:1482] type 00 class 0x060000
[    0.900404] pci 0000:40:03.0: [1022:1482] type 00 class 0x060000
[    0.900473] pci 0000:40:04.0: [1022:1482] type 00 class 0x060000
[    0.900542] pci 0000:40:05.0: [1022:1482] type 00 class 0x060000
[    0.900611] pci 0000:40:07.0: [1022:1482] type 00 class 0x060000
[    0.900682] pci 0000:40:07.1: [1022:1484] type 01 class 0x060400
[    0.900709] pci 0000:40:07.1: enabling Extended Tags
[    0.900752] pci 0000:40:07.1: PME# supported from D0 D3hot D3cold
[    0.900900] pci 0000:40:08.0: [1022:1482] type 00 class 0x060000
[    0.900971] pci 0000:40:08.1: [1022:1484] type 01 class 0x060400
[    0.900999] pci 0000:40:08.1: enabling Extended Tags
[    0.901044] pci 0000:40:08.1: PME# supported from D0 D3hot D3cold
[    0.901200] pci 0000:40:08.2: [1022:1484] type 01 class 0x060400
[    0.901228] pci 0000:40:08.2: enabling Extended Tags
[    0.901272] pci 0000:40:08.2: PME# supported from D0 D3hot D3cold
[    0.901410] pci 0000:40:08.3: [1022:1484] type 01 class 0x060400
[    0.901438] pci 0000:40:08.3: enabling Extended Tags
[    0.901482] pci 0000:40:08.3: PME# supported from D0 D3hot D3cold
[    0.901785] pci 0000:41:00.0: [144d:a808] type 00 class 0x010802
[    0.901805] pci 0000:41:00.0: reg 0x10: [mem 0xf2600000-0xf2603fff 64bit]
[    0.902040] pci 0000:40:01.2: PCI bridge to [bus 41]
[    0.902045] pci 0000:40:01.2:   bridge window [mem 0xf2600000-0xf26fffff]
[    0.902122] pci 0000:42:00.0: [1022:148a] type 00 class 0x130000
[    0.902154] pci 0000:42:00.0: enabling Extended Tags
[    0.902333] pci 0000:42:00.2: [1022:1498] type 00 class 0x108000
[    0.902349] pci 0000:42:00.2: reg 0x18: [mem 0xf2500000-0xf257ffff]
[    0.902361] pci 0000:42:00.2: reg 0x24: [mem 0xf2580000-0xf2581fff]
[    0.902370] pci 0000:42:00.2: enabling Extended Tags
[    0.902541] pci 0000:40:07.1: PCI bridge to [bus 42]
[    0.902546] pci 0000:40:07.1:   bridge window [mem 0xf2500000-0xf25fffff]
[    0.902641] pci 0000:43:00.0: [1022:1485] type 00 class 0x130000
[    0.902676] pci 0000:43:00.0: enabling Extended Tags
[    0.902864] pci 0000:43:00.1: [1022:1486] type 00 class 0x108000
[    0.902881] pci 0000:43:00.1: reg 0x18: [mem 0xf2100000-0xf21fffff]
[    0.902893] pci 0000:43:00.1: reg 0x24: [mem 0xf2282000-0xf2283fff]
[    0.902903] pci 0000:43:00.1: enabling Extended Tags
[    0.903066] pci 0000:43:00.2: [1022:1498] type 00 class 0x108000
[    0.903083] pci 0000:43:00.2: reg 0x18: [mem 0xf2200000-0xf227ffff]
[    0.903096] pci 0000:43:00.2: reg 0x24: [mem 0xf2280000-0xf2281fff]
[    0.903105] pci 0000:43:00.2: enabling Extended Tags
[    0.903273] pci 0000:43:00.3: [1022:148c] type 00 class 0x0c0330
[    0.903287] pci 0000:43:00.3: reg 0x10: [mem 0xf2000000-0xf20fffff 64bit]
[    0.903318] pci 0000:43:00.3: enabling Extended Tags
[    0.903367] pci 0000:43:00.3: PME# supported from D0 D3hot D3cold
[    0.903517] pci 0000:40:08.1: PCI bridge to [bus 43]
[    0.903522] pci 0000:40:08.1:   bridge window [mem 0xf2000000-0xf22fffff]
[    0.903582] pci 0000:44:00.0: [1022:7901] type 00 class 0x010601
[    0.903619] pci 0000:44:00.0: reg 0x24: [mem 0xf2400000-0xf24007ff]
[    0.903630] pci 0000:44:00.0: enabling Extended Tags
[    0.903689] pci 0000:44:00.0: PME# supported from D3hot D3cold
[    0.903857] pci 0000:40:08.2: PCI bridge to [bus 44]
[    0.903863] pci 0000:40:08.2:   bridge window [mem 0xf2400000-0xf24fffff]
[    0.903925] pci 0000:45:00.0: [1022:7901] type 00 class 0x010601
[    0.903961] pci 0000:45:00.0: reg 0x24: [mem 0xf2300000-0xf23007ff]
[    0.903972] pci 0000:45:00.0: enabling Extended Tags
[    0.904032] pci 0000:45:00.0: PME# supported from D3hot D3cold
[    0.904198] pci 0000:40:08.3: PCI bridge to [bus 45]
[    0.904204] pci 0000:40:08.3:   bridge window [mem 0xf2300000-0xf23fffff]
[    0.905250] ACPI: PCI Root Bridge [PCI0] (domain 0000 [bus 00-3f])
[    0.905255] acpi PNP0A08:03: _OSC: OS supports [ExtendedConfig ASPM ClockPM Segments MSI EDR HPX-Type3]
[    0.905447] acpi PNP0A08:03: _OSC: platform does not support [AER LTR DPC]
[    0.905798] acpi PNP0A08:03: _OSC: OS now controls [PCIeHotplug SHPCHotplug PME PCIeCapability]
[    0.906536] PCI host bridge to bus 0000:00
[    0.906538] pci_bus 0000:00: root bus resource [io  0x0000-0x03af window]
[    0.906541] pci_bus 0000:00: root bus resource [io  0x03e0-0x0cf7 window]
[    0.906542] pci_bus 0000:00: root bus resource [io  0x1000-0x3fff window]
[    0.906544] pci_bus 0000:00: root bus resource [mem 0x000c0000-0x000dffff window]
[    0.906546] pci_bus 0000:00: root bus resource [mem 0xf7100000-0xf93fffff window]
[    0.906548] pci_bus 0000:00: root bus resource [mem 0x280b0200000-0x380b01fffff window]
[    0.906550] pci_bus 0000:00: root bus resource [bus 00-3f]
[    0.906565] pci 0000:00:00.0: [1022:1480] type 00 class 0x060000
[    0.906651] pci 0000:00:00.2: [1022:164f] type 00 class 0x080600
[    0.906779] pci 0000:00:01.0: [1022:1482] type 00 class 0x060000
[    0.906856] pci 0000:00:02.0: [1022:1482] type 00 class 0x060000
[    0.906933] pci 0000:00:03.0: [1022:1482] type 00 class 0x060000
[    0.907013] pci 0000:00:04.0: [1022:1482] type 00 class 0x060000
[    0.907089] pci 0000:00:05.0: [1022:1482] type 00 class 0x060000
[    0.907167] pci 0000:00:07.0: [1022:1482] type 00 class 0x060000
[    0.907240] pci 0000:00:07.1: [1022:1484] type 01 class 0x060400
[    0.907269] pci 0000:00:07.1: enabling Extended Tags
[    0.907313] pci 0000:00:07.1: PME# supported from D0 D3hot D3cold
[    0.907464] pci 0000:00:08.0: [1022:1482] type 00 class 0x060000
[    0.907538] pci 0000:00:08.1: [1022:1484] type 01 class 0x060400
[    0.907567] pci 0000:00:08.1: enabling Extended Tags
[    0.907613] pci 0000:00:08.1: PME# supported from D0 D3hot D3cold
[    0.907796] pci 0000:00:14.0: [1022:790b] type 00 class 0x0c0500
[    0.907945] pci 0000:00:14.3: [1022:790e] type 00 class 0x060100
[    0.908117] pci 0000:00:18.0: [1022:1650] type 00 class 0x060000
[    0.908170] pci 0000:00:18.1: [1022:1651] type 00 class 0x060000
[    0.908222] pci 0000:00:18.2: [1022:1652] type 00 class 0x060000
[    0.908274] pci 0000:00:18.3: [1022:1653] type 00 class 0x060000
[    0.908325] pci 0000:00:18.4: [1022:1654] type 00 class 0x060000
[    0.908379] pci 0000:00:18.5: [1022:1655] type 00 class 0x060000
[    0.908430] pci 0000:00:18.6: [1022:1656] type 00 class 0x060000
[    0.908482] pci 0000:00:18.7: [1022:1657] type 00 class 0x060000
[    0.908612] pci 0000:01:00.0: [1022:148a] type 00 class 0x130000
[    0.908645] pci 0000:01:00.0: enabling Extended Tags
[    0.908828] pci 0000:01:00.2: [1022:1498] type 00 class 0x108000
[    0.908844] pci 0000:01:00.2: reg 0x18: [mem 0xf9300000-0xf937ffff]
[    0.908857] pci 0000:01:00.2: reg 0x24: [mem 0xf9380000-0xf9381fff]
[    0.908866] pci 0000:01:00.2: enabling Extended Tags
[    0.909038] pci 0000:00:07.1: PCI bridge to [bus 01]
[    0.909043] pci 0000:00:07.1:   bridge window [mem 0xf9300000-0xf93fffff]
[    0.909140] pci 0000:02:00.0: [1022:1485] type 00 class 0x130000
[    0.909176] pci 0000:02:00.0: enabling Extended Tags
[    0.909372] pci 0000:02:00.2: [1022:1498] type 00 class 0x108000
[    0.909390] pci 0000:02:00.2: reg 0x18: [mem 0xf9200000-0xf927ffff]
[    0.909403] pci 0000:02:00.2: reg 0x24: [mem 0xf9280000-0xf9281fff]
[    0.909413] pci 0000:02:00.2: enabling Extended Tags
[    0.909583] pci 0000:02:00.3: [1022:148c] type 00 class 0x0c0330
[    0.909598] pci 0000:02:00.3: reg 0x10: [mem 0xf9100000-0xf91fffff 64bit]
[    0.909630] pci 0000:02:00.3: enabling Extended Tags
[    0.909680] pci 0000:02:00.3: PME# supported from D0 D3hot D3cold
[    0.909835] pci 0000:00:08.1: PCI bridge to [bus 02]
[    0.909840] pci 0000:00:08.1:   bridge window [mem 0xf9100000-0xf92fffff]
[    0.912055] ACPI: PCI: Interrupt link LNKA configured for IRQ 0
[    0.912150] ACPI: PCI: Interrupt link LNKB configured for IRQ 0
[    0.912235] ACPI: PCI: Interrupt link LNKC configured for IRQ 0
[    0.912336] ACPI: PCI: Interrupt link LNKD configured for IRQ 0
[    0.912428] ACPI: PCI: Interrupt link LNKE configured for IRQ 0
[    0.912505] ACPI: PCI: Interrupt link LNKF configured for IRQ 0
[    0.912582] ACPI: PCI: Interrupt link LNKG configured for IRQ 0
[    0.912659] ACPI: PCI: Interrupt link LNKH configured for IRQ 0
[    0.913703] iommu: Default domain type: Translated 
[    0.913703] iommu: DMA domain TLB invalidation policy: lazy mode 
[    0.913703] SCSI subsystem initialized
[    0.913703] libata version 3.00 loaded.
[    0.913703] ACPI: bus type USB registered
[    0.913703] usbcore: registered new interface driver usbfs
[    0.913703] usbcore: registered new interface driver hub
[    0.913703] usbcore: registered new device driver usb
[    0.913703] pps_core: LinuxPPS API ver. 1 registered
[    0.913703] pps_core: Software ver. 5.3.6 - Copyright 2005-2007 Rodolfo Giometti <giometti@linux.it>
[    0.913703] PTP clock support registered
[    0.913703] EDAC MC: Ver: 3.0.0
[    0.916864] Registered efivars operations
[    0.921088] NetLabel: Initializing
[    0.921090] NetLabel:  domain hash size = 128
[    0.921091] NetLabel:  protocols = UNLABELED CIPSOv4 CALIPSO
[    0.921114] NetLabel:  unlabeled traffic allowed by default
[    0.924841] mctp: management component transport protocol core
[    0.924841] NET: Registered PF_MCTP protocol family
[    0.924841] PCI: Using ACPI for IRQ routing
[    0.927171] PCI: pci_cache_line_size set to 64 bytes
[    0.927906] e820: reserve RAM buffer [mem 0x75db0000-0x77ffffff]
[    0.927909] e820: reserve RAM buffer [mem 0x79f47018-0x7bffffff]
[    0.927911] e820: reserve RAM buffer [mem 0x79f57018-0x7bffffff]
[    0.927912] e820: reserve RAM buffer [mem 0x7a541018-0x7bffffff]
[    0.927914] e820: reserve RAM buffer [mem 0x7a54a018-0x7bffffff]
[    0.927916] e820: reserve RAM buffer [mem 0x7a574018-0x7bffffff]
[    0.927917] e820: reserve RAM buffer [mem 0x7a59e018-0x7bffffff]
[    0.927919] e820: reserve RAM buffer [mem 0x7a5ae018-0x7bffffff]
[    0.927920] e820: reserve RAM buffer [mem 0x7b616000-0x7bffffff]
[    0.927921] e820: reserve RAM buffer [mem 0x80001000-0x83ffffff]
[    0.927923] e820: reserve RAM buffer [mem 0x104fe80000-0x104fffffff]
[    0.927924] e820: reserve RAM buffer [mem 0x204f280000-0x204fffffff]
[    0.928828] pci 0000:c4:00.0: vgaarb: setting as boot VGA device
[    0.928830] pci 0000:c4:00.0: vgaarb: bridge control possible
[    0.928832] pci 0000:c4:00.0: vgaarb: VGA device added: decodes=io+mem,owns=io+mem,locks=none
[    0.928846] vgaarb: loaded
[    0.928920] hpet0: at MMIO 0xfed00000, IRQs 2, 8, 0
[    0.928926] hpet0: 3 comparators, 32-bit 14.318180 MHz counter
[    0.929985] clocksource: Switched to clocksource tsc-early
[    0.930170] VFS: Disk quotas dquot_6.6.0
[    0.930194] VFS: Dquot-cache hash table entries: 512 (order 0, 4096 bytes)
[    0.930390] AppArmor: AppArmor Filesystem Enabled
[    0.930424] pnp: PnP ACPI init
[    0.932323] system 00:00: [mem 0xe0000000-0xefffffff] has been reserved
[    0.932323] system 00:02: [io  0x0a00-0x0a0f] has been reserved
[    0.932323] system 00:02: [io  0x0a10-0x0a1f] has been reserved
[    0.932323] system 00:02: [io  0x0290-0x029f] has been reserved
[    0.932323] system 00:02: [io  0x0a30-0x0a3f] has been reserved
[    0.932580] pnp 00:03: [dma 0 disabled]
[    0.933002] pnp 00:04: [dma 0 disabled]
[    0.933400] pnp 00:05: disabling [io  0xfe00-0xfefe] because it overlaps 0000:c0:01.2 BAR 13 [io  0xf000-0xffff]
[    0.933491] system 00:05: [io  0x04d0-0x04d1] has been reserved
[    0.933493] system 00:05: [io  0x040b] has been reserved
[    0.933495] system 00:05: [io  0x04d6] has been reserved
[    0.933497] system 00:05: [io  0x0c00-0x0c01] has been reserved
[    0.933499] system 00:05: [io  0x0c14] has been reserved
[    0.933503] system 00:05: [io  0x0c50-0x0c51] has been reserved
[    0.933505] system 00:05: [io  0x0c52] has been reserved
[    0.933507] system 00:05: [io  0x0c6c] has been reserved
[    0.933509] system 00:05: [io  0x0c6f] has been reserved
[    0.933511] system 00:05: [io  0x0cd0-0x0cd1] has been reserved
[    0.933513] system 00:05: [io  0x0cd2-0x0cd3] has been reserved
[    0.933515] system 00:05: [io  0x0cd4-0x0cd5] has been reserved
[    0.933517] system 00:05: [io  0x0cd6-0x0cd7] has been reserved
[    0.933519] system 00:05: [io  0x0cd8-0x0cdf] has been reserved
[    0.933521] system 00:05: [io  0x0800-0x089f] has been reserved
[    0.933523] system 00:05: [io  0x0b00-0x0b0f] has been reserved
[    0.933525] system 00:05: [io  0x0b20-0x0b3f] has been reserved
[    0.933527] system 00:05: [io  0x0900-0x090f] has been reserved
[    0.933529] system 00:05: [io  0x0910-0x091f] has been reserved
[    0.933531] system 00:05: [mem 0xfedc0000-0xfedc0fff] has been reserved
[    0.933533] system 00:05: [mem 0xfee00000-0xfee00fff] has been reserved
[    0.933535] system 00:05: [mem 0xfed80000-0xfed814ff] has been reserved
[    0.933538] system 00:05: [mem 0xfed81900-0xfed8ffff] has been reserved
[    0.933540] system 00:05: [mem 0xfec10000-0xfec10fff] has been reserved
[    0.933542] system 00:05: [mem 0xff000000-0xffffffff] has been reserved
[    0.934461] pnp: PnP ACPI: found 6 devices
[    0.940555] clocksource: acpi_pm: mask: 0xffffff max_cycles: 0xffffff, max_idle_ns: 2085701024 ns
[    0.940631] NET: Registered PF_INET protocol family
[    0.940806] IP idents hash table entries: 262144 (order: 9, 2097152 bytes, linear)
[    0.943836] tcp_listen_portaddr_hash hash table entries: 65536 (order: 8, 1048576 bytes, linear)
[    0.943909] Table-perturb hash table entries: 65536 (order: 6, 262144 bytes, linear)
[    0.944204] TCP established hash table entries: 524288 (order: 10, 4194304 bytes, linear)
[    0.944689] TCP bind hash table entries: 65536 (order: 9, 2097152 bytes, linear)
[    0.944797] TCP: Hash tables configured (established 524288 bind 65536)
[    0.945078] MPTCP token hash table entries: 65536 (order: 8, 1572864 bytes, linear)
[    0.945271] UDP hash table entries: 65536 (order: 9, 2097152 bytes, linear)
[    0.945558] UDP-Lite hash table entries: 65536 (order: 9, 2097152 bytes, linear)
[    0.945785] NET: Registered PF_UNIX/PF_LOCAL protocol family
[    0.945794] NET: Registered PF_XDP protocol family
[    0.945807] pci 0000:c0:01.2: PCI bridge to [bus c1]
[    0.945811] pci 0000:c0:01.2:   bridge window [io  0xf000-0xffff]
[    0.945815] pci 0000:c0:01.2:   bridge window [mem 0xb4700000-0xb47fffff]
[    0.945821] pci 0000:c0:03.1: PCI bridge to [bus c2]
[    0.945825] pci 0000:c0:03.1:   bridge window [mem 0xb4200000-0xb43fffff]
[    0.945828] pci 0000:c0:03.1:   bridge window [mem 0x1801a000000-0x1801effffff 64bit pref]
[    0.945833] pci 0000:c3:00.0: PCI bridge to [bus c4]
[    0.945836] pci 0000:c3:00.0:   bridge window [io  0xe000-0xefff]
[    0.945842] pci 0000:c3:00.0:   bridge window [mem 0xb0000000-0xb40fffff]
[    0.945852] pci 0000:c0:03.2: PCI bridge to [bus c3-c4]
[    0.945855] pci 0000:c0:03.2:   bridge window [io  0xe000-0xefff]
[    0.945858] pci 0000:c0:03.2:   bridge window [mem 0xb0000000-0xb40fffff]
[    0.945864] pci 0000:c0:03.3: PCI bridge to [bus c5]
[    0.945866] pci 0000:c0:03.3:   bridge window [io  0xd000-0xdfff]
[    0.945870] pci 0000:c0:03.3:   bridge window [mem 0xb4600000-0xb46fffff]
[    0.945876] pci 0000:c0:07.1: PCI bridge to [bus c6]
[    0.945879] pci 0000:c0:07.1:   bridge window [mem 0xb4500000-0xb45fffff]
[    0.945885] pci 0000:c0:08.1: PCI bridge to [bus c7]
[    0.945889] pci 0000:c0:08.1:   bridge window [mem 0xb4400000-0xb44fffff]
[    0.945894] pci_bus 0000:c0: resource 4 [io  0x03b0-0x03df window]
[    0.945897] pci_bus 0000:c0: resource 5 [io  0x7000-0xffff window]
[    0.945898] pci_bus 0000:c0: resource 6 [mem 0x000a0000-0x000bffff window]
[    0.945900] pci_bus 0000:c0: resource 7 [mem 0xb0000000-0xb6bfffff window]
[    0.945902] pci_bus 0000:c0: resource 8 [mem 0x10020200000-0x180201fffff window]
[    0.945904] pci_bus 0000:c1: resource 0 [io  0xf000-0xffff]
[    0.945906] pci_bus 0000:c1: resource 1 [mem 0xb4700000-0xb47fffff]
[    0.945908] pci_bus 0000:c2: resource 1 [mem 0xb4200000-0xb43fffff]
[    0.945909] pci_bus 0000:c2: resource 2 [mem 0x1801a000000-0x1801effffff 64bit pref]
[    0.945911] pci_bus 0000:c3: resource 0 [io  0xe000-0xefff]
[    0.945913] pci_bus 0000:c3: resource 1 [mem 0xb0000000-0xb40fffff]
[    0.945915] pci_bus 0000:c4: resource 0 [io  0xe000-0xefff]
[    0.945917] pci_bus 0000:c4: resource 1 [mem 0xb0000000-0xb40fffff]
[    0.945918] pci_bus 0000:c5: resource 0 [io  0xd000-0xdfff]
[    0.945920] pci_bus 0000:c5: resource 1 [mem 0xb4600000-0xb46fffff]
[    0.945922] pci_bus 0000:c6: resource 1 [mem 0xb4500000-0xb45fffff]
[    0.945924] pci_bus 0000:c7: resource 1 [mem 0xb4400000-0xb44fffff]
[    0.945984] pci 0000:80:03.1: PCI bridge to [bus 81]
[    0.945986] pci 0000:80:03.1:   bridge window [io  0x6000-0x6fff]
[    0.945990] pci 0000:80:03.1:   bridge window [mem 0xf6700000-0xf6dfffff]
[    0.945996] pci 0000:80:07.1: PCI bridge to [bus 82]
[    0.946000] pci 0000:80:07.1:   bridge window [mem 0xf7000000-0xf70fffff]
[    0.946005] pci 0000:80:08.1: PCI bridge to [bus 83]
[    0.946009] pci 0000:80:08.1:   bridge window [mem 0xf6f00000-0xf6ffffff]
[    0.946015] pci 0000:80:08.3: PCI bridge to [bus 84]
[    0.946019] pci 0000:80:08.3:   bridge window [mem 0xf6e00000-0xf6efffff]
[    0.946024] pci_bus 0000:80: resource 4 [io  0x5000-0x6fff window]
[    0.946026] pci_bus 0000:80: resource 5 [mem 0xf4700000-0xf70fffff window]
[    0.946028] pci_bus 0000:80: resource 6 [mem 0x18050200000-0x200501fffff window]
[    0.946030] pci_bus 0000:81: resource 0 [io  0x6000-0x6fff]
[    0.946031] pci_bus 0000:81: resource 1 [mem 0xf6700000-0xf6dfffff]
[    0.946033] pci_bus 0000:82: resource 1 [mem 0xf7000000-0xf70fffff]
[    0.946035] pci_bus 0000:83: resource 1 [mem 0xf6f00000-0xf6ffffff]
[    0.946037] pci_bus 0000:84: resource 1 [mem 0xf6e00000-0xf6efffff]
[    0.946092] pci 0000:40:01.2: PCI bridge to [bus 41]
[    0.946096] pci 0000:40:01.2:   bridge window [mem 0xf2600000-0xf26fffff]
[    0.946101] pci 0000:40:07.1: PCI bridge to [bus 42]
[    0.946105] pci 0000:40:07.1:   bridge window [mem 0xf2500000-0xf25fffff]
[    0.946111] pci 0000:40:08.1: PCI bridge to [bus 43]
[    0.946114] pci 0000:40:08.1:   bridge window [mem 0xf2000000-0xf22fffff]
[    0.946120] pci 0000:40:08.2: PCI bridge to [bus 44]
[    0.946123] pci 0000:40:08.2:   bridge window [mem 0xf2400000-0xf24fffff]
[    0.946129] pci 0000:40:08.3: PCI bridge to [bus 45]
[    0.946132] pci 0000:40:08.3:   bridge window [mem 0xf2300000-0xf23fffff]
[    0.946138] pci_bus 0000:40: resource 4 [io  0x4000-0x4fff window]
[    0.946140] pci_bus 0000:40: resource 5 [mem 0xf0000000-0xf26fffff window]
[    0.946141] pci_bus 0000:40: resource 6 [mem 0x20080200000-0x280801fffff window]
[    0.946143] pci_bus 0000:41: resource 1 [mem 0xf2600000-0xf26fffff]
[    0.946145] pci_bus 0000:42: resource 1 [mem 0xf2500000-0xf25fffff]
[    0.946147] pci_bus 0000:43: resource 1 [mem 0xf2000000-0xf22fffff]
[    0.946149] pci_bus 0000:44: resource 1 [mem 0xf2400000-0xf24fffff]
[    0.946151] pci_bus 0000:45: resource 1 [mem 0xf2300000-0xf23fffff]
[    0.946209] pci 0000:00:07.1: PCI bridge to [bus 01]
[    0.946213] pci 0000:00:07.1:   bridge window [mem 0xf9300000-0xf93fffff]
[    0.946219] pci 0000:00:08.1: PCI bridge to [bus 02]
[    0.946222] pci 0000:00:08.1:   bridge window [mem 0xf9100000-0xf92fffff]
[    0.946229] pci_bus 0000:00: resource 4 [io  0x0000-0x03af window]
[    0.946231] pci_bus 0000:00: resource 5 [io  0x03e0-0x0cf7 window]
[    0.946232] pci_bus 0000:00: resource 6 [io  0x1000-0x3fff window]
[    0.946234] pci_bus 0000:00: resource 7 [mem 0x000c0000-0x000dffff window]
[    0.946236] pci_bus 0000:00: resource 8 [mem 0xf7100000-0xf93fffff window]
[    0.946238] pci_bus 0000:00: resource 9 [mem 0x280b0200000-0x380b01fffff window]
[    0.946240] pci_bus 0000:01: resource 1 [mem 0xf9300000-0xf93fffff]
[    0.946242] pci_bus 0000:02: resource 1 [mem 0xf9100000-0xf92fffff]
[    0.947103] PCI: CLS 64 bytes, default 64
[    0.947139] pci 0000:c0:00.2: AMD-Vi: IOMMU performance counters supported
[    0.947160] Trying to unpack rootfs image as initramfs...
[    0.948158] pci 0000:c0:01.0: Adding to iommu group 0
[    0.948184] pci 0000:c0:01.2: Adding to iommu group 1
[    0.948223] pci 0000:c0:02.0: Adding to iommu group 2
[    0.948264] pci 0000:c0:03.0: Adding to iommu group 3
[    0.948290] pci 0000:c0:03.1: Adding to iommu group 4
[    0.948315] pci 0000:c0:03.2: Adding to iommu group 5
[    0.948339] pci 0000:c0:03.3: Adding to iommu group 6
[    0.948379] pci 0000:c0:04.0: Adding to iommu group 7
[    0.948420] pci 0000:c0:05.0: Adding to iommu group 8
[    0.948459] pci 0000:c0:07.0: Adding to iommu group 9
[    0.948483] pci 0000:c0:07.1: Adding to iommu group 10
[    0.948524] pci 0000:c0:08.0: Adding to iommu group 11
[    0.948550] pci 0000:c0:08.1: Adding to iommu group 12
[    0.948574] pci 0000:c1:00.0: Adding to iommu group 13
[    0.948621] pci 0000:c2:00.0: Adding to iommu group 14
[    0.948666] pci 0000:c2:00.1: Adding to iommu group 15
[    0.948691] pci 0000:c3:00.0: Adding to iommu group 16
[    0.948697] pci 0000:c4:00.0: Adding to iommu group 16
[    0.948722] pci 0000:c5:00.0: Adding to iommu group 17
[    0.948748] pci 0000:c5:00.1: Adding to iommu group 18
[    0.948774] pci 0000:c6:00.0: Adding to iommu group 19
[    0.948801] pci 0000:c6:00.2: Adding to iommu group 20
[    0.948827] pci 0000:c7:00.0: Adding to iommu group 21
[    0.948853] pci 0000:c7:00.2: Adding to iommu group 22
[    0.953718] pci 0000:80:00.2: AMD-Vi: IOMMU performance counters supported
[    0.954772] pci 0000:80:01.0: Adding to iommu group 23
[    0.954813] pci 0000:80:02.0: Adding to iommu group 24
[    0.954854] pci 0000:80:03.0: Adding to iommu group 25
[    0.954880] pci 0000:80:03.1: Adding to iommu group 26
[    0.954919] pci 0000:80:04.0: Adding to iommu group 27
[    0.954959] pci 0000:80:05.0: Adding to iommu group 28
[    0.954999] pci 0000:80:07.0: Adding to iommu group 29
[    0.955024] pci 0000:80:07.1: Adding to iommu group 30
[    0.955065] pci 0000:80:08.0: Adding to iommu group 31
[    0.955091] pci 0000:80:08.1: Adding to iommu group 32
[    0.955116] pci 0000:80:08.3: Adding to iommu group 33
[    0.955141] pci 0000:81:00.0: Adding to iommu group 34
[    0.955166] pci 0000:81:00.1: Adding to iommu group 35
[    0.955193] pci 0000:82:00.0: Adding to iommu group 36
[    0.955219] pci 0000:82:00.2: Adding to iommu group 37
[    0.955246] pci 0000:83:00.0: Adding to iommu group 38
[    0.955272] pci 0000:83:00.2: Adding to iommu group 39
[    0.955302] pci 0000:84:00.0: Adding to iommu group 40
[    0.959229] pci 0000:40:00.2: AMD-Vi: IOMMU performance counters supported
[    0.960210] pci 0000:40:01.0: Adding to iommu group 41
[    0.960240] pci 0000:40:01.2: Adding to iommu group 42
[    0.960279] pci 0000:40:02.0: Adding to iommu group 43
[    0.960319] pci 0000:40:03.0: Adding to iommu group 44
[    0.960358] pci 0000:40:04.0: Adding to iommu group 45
[    0.960401] pci 0000:40:05.0: Adding to iommu group 46
[    0.960442] pci 0000:40:07.0: Adding to iommu group 47
[    0.960467] pci 0000:40:07.1: Adding to iommu group 48
[    0.960509] pci 0000:40:08.0: Adding to iommu group 49
[    0.960536] pci 0000:40:08.1: Adding to iommu group 50
[    0.960562] pci 0000:40:08.2: Adding to iommu group 51
[    0.960587] pci 0000:40:08.3: Adding to iommu group 52
[    0.960612] pci 0000:41:00.0: Adding to iommu group 53
[    0.960643] pci 0000:42:00.0: Adding to iommu group 54
[    0.960668] pci 0000:42:00.2: Adding to iommu group 55
[    0.960695] pci 0000:43:00.0: Adding to iommu group 56
[    0.960722] pci 0000:43:00.1: Adding to iommu group 57
[    0.960754] pci 0000:43:00.2: Adding to iommu group 58
[    0.960780] pci 0000:43:00.3: Adding to iommu group 59
[    0.960805] pci 0000:44:00.0: Adding to iommu group 60
[    0.960830] pci 0000:45:00.0: Adding to iommu group 61
[    0.965350] pci 0000:00:00.2: AMD-Vi: IOMMU performance counters supported
[    0.966276] pci 0000:00:01.0: Adding to iommu group 62
[    0.966318] pci 0000:00:02.0: Adding to iommu group 63
[    0.966358] pci 0000:00:03.0: Adding to iommu group 64
[    0.966398] pci 0000:00:04.0: Adding to iommu group 65
[    0.966438] pci 0000:00:05.0: Adding to iommu group 66
[    0.966480] pci 0000:00:07.0: Adding to iommu group 67
[    0.966506] pci 0000:00:07.1: Adding to iommu group 68
[    0.966548] pci 0000:00:08.0: Adding to iommu group 69
[    0.966574] pci 0000:00:08.1: Adding to iommu group 70
[    0.966634] pci 0000:00:14.0: Adding to iommu group 71
[    0.966669] pci 0000:00:14.3: Adding to iommu group 71
[    0.966818] pci 0000:00:18.0: Adding to iommu group 72
[    0.966853] pci 0000:00:18.1: Adding to iommu group 72
[    0.966888] pci 0000:00:18.2: Adding to iommu group 72
[    0.966923] pci 0000:00:18.3: Adding to iommu group 72
[    0.966958] pci 0000:00:18.4: Adding to iommu group 72
[    0.966994] pci 0000:00:18.5: Adding to iommu group 72
[    0.967029] pci 0000:00:18.6: Adding to iommu group 72
[    0.967064] pci 0000:00:18.7: Adding to iommu group 72
[    0.967091] pci 0000:01:00.0: Adding to iommu group 73
[    0.967119] pci 0000:01:00.2: Adding to iommu group 74
[    0.967146] pci 0000:02:00.0: Adding to iommu group 75
[    0.967173] pci 0000:02:00.2: Adding to iommu group 76
[    0.967200] pci 0000:02:00.3: Adding to iommu group 77
[    0.971003] pci 0000:c0:00.2: AMD-Vi: Found IOMMU cap 0x40
[    0.971005] AMD-Vi: Extended features (0x841f77e022094ace, 0x0): PPR X2APIC NX IA GA PC SNP
[    0.971014] pci 0000:80:00.2: AMD-Vi: Found IOMMU cap 0x40
[    0.971015] AMD-Vi: Extended features (0x841f77e022094ace, 0x0): PPR X2APIC NX IA GA PC SNP
[    0.971023] pci 0000:40:00.2: AMD-Vi: Found IOMMU cap 0x40
[    0.971024] AMD-Vi: Extended features (0x841f77e022094ace, 0x0): PPR X2APIC NX IA GA PC SNP
[    0.971031] pci 0000:00:00.2: AMD-Vi: Found IOMMU cap 0x40
[    0.971032] AMD-Vi: Extended features (0x841f77e022094ace, 0x0): PPR X2APIC NX IA GA PC SNP
[    0.971039] AMD-Vi: Interrupt remapping enabled
[    0.971040] AMD-Vi: X2APIC enabled
[    0.971303] PCI-DMA: Using software bounce buffering for IO (SWIOTLB)
[    0.971305] software IO TLB: mapped [mem 0x0000000071db0000-0x0000000075db0000] (64MB)
[    0.971375] LVT offset 0 assigned for vector 0x400
[    0.971776] perf: AMD IBS detected (0x000003ff)
[    0.971786] perf/amd_iommu: Detected AMD IOMMU #0 (2 banks, 4 counters/bank).
[    0.971794] perf/amd_iommu: Detected AMD IOMMU #1 (2 banks, 4 counters/bank).
[    0.971802] perf/amd_iommu: Detected AMD IOMMU #2 (2 banks, 4 counters/bank).
[    0.971809] perf/amd_iommu: Detected AMD IOMMU #3 (2 banks, 4 counters/bank).
[    0.974709] Initialise system trusted keyrings
[    0.974718] Key type blacklist registered
[    0.974758] workingset: timestamp_bits=36 max_order=25 bucket_order=0
[    0.974776] zbud: loaded
[    0.975053] squashfs: version 4.0 (2009/01/31) Phillip Lougher
[    0.975141] fuse: init (API version 7.38)
[    0.975302] integrity: Platform Keyring initialized
[    0.975308] integrity: Machine keyring initialized
[    0.978338] Key type asymmetric registered
[    0.978340] Asymmetric key parser 'x509' registered
[    0.978358] Block layer SCSI generic (bsg) driver version 0.4 loaded (major 243)
[    0.978413] io scheduler mq-deadline registered
[    0.980840] pcieport 0000:c0:01.2: PME: Signaling with IRQ 30
[    0.980977] pcieport 0000:c0:03.1: PME: Signaling with IRQ 31
[    0.981111] pcieport 0000:c0:03.2: PME: Signaling with IRQ 32
[    0.981241] pcieport 0000:c0:03.3: PME: Signaling with IRQ 33
[    0.981494] pcieport 0000:c0:07.1: PME: Signaling with IRQ 35
[    0.981710] pcieport 0000:c0:08.1: PME: Signaling with IRQ 37
[    0.981867] pcieport 0000:80:03.1: PME: Signaling with IRQ 38
[    0.982075] pcieport 0000:80:07.1: PME: Signaling with IRQ 40
[    0.982293] pcieport 0000:80:08.1: PME: Signaling with IRQ 42
[    0.982499] pcieport 0000:80:08.3: PME: Signaling with IRQ 43
[    0.982631] pcieport 0000:40:01.2: PME: Signaling with IRQ 44
[    0.982842] pcieport 0000:40:07.1: PME: Signaling with IRQ 46
[    0.982983] pcieport 0000:40:08.1: PME: Signaling with IRQ 47
[    0.983191] pcieport 0000:40:08.2: PME: Signaling with IRQ 48
[    0.983380] pcieport 0000:40:08.3: PME: Signaling with IRQ 49
[    0.983584] pcieport 0000:00:07.1: PME: Signaling with IRQ 51
[    0.983729] pcieport 0000:00:08.1: PME: Signaling with IRQ 52
[    0.983921] shpchp: Standard Hot Plug PCI Controller Driver version: 0.4
[    0.985346] input: Power Button as /devices/LNXSYSTM:00/LNXSYBUS:00/PNP0C0C:00/input/input0
[    0.985370] ACPI: button: Power Button [PWRB]
[    0.985413] input: Power Button as /devices/LNXSYSTM:00/LNXPWRBN:00/input/input1
[    0.985459] ACPI: button: Power Button [PWRF]
[    0.987317] Estimated ratio of average max frequency by base frequency (times 1024): 1213
[    0.987335] Monitor-Mwait will be used to enter C-1 state
[    0.987343] ACPI: \_SB_.C000: Found 2 idle states
[    0.987475] ACPI: \_SB_.C002: Found 2 idle states
[    0.987640] ACPI: \_SB_.C004: Found 2 idle states
[    0.987794] ACPI: \_SB_.C006: Found 2 idle states
[    0.987940] ACPI: \_SB_.C008: Found 2 idle states
[    0.988093] ACPI: \_SB_.C00A: Found 2 idle states
[    0.988248] ACPI: \_SB_.C00C: Found 2 idle states
[    0.988401] ACPI: \_SB_.C00E: Found 2 idle states
[    0.988553] ACPI: \_SB_.C010: Found 2 idle states
[    0.988705] ACPI: \_SB_.C012: Found 2 idle states
[    0.988858] ACPI: \_SB_.C014: Found 2 idle states
[    0.989014] ACPI: \_SB_.C016: Found 2 idle states
[    0.989122] ACPI: \_SB_.C018: Found 2 idle states
[    0.989271] ACPI: \_SB_.C01A: Found 2 idle states
[    0.989423] ACPI: \_SB_.C01C: Found 2 idle states
[    0.989582] ACPI: \_SB_.C01E: Found 2 idle states
[    0.989741] ACPI: \_SB_.C020: Found 2 idle states
[    0.989891] ACPI: \_SB_.C022: Found 2 idle states
[    0.990037] ACPI: \_SB_.C024: Found 2 idle states
[    0.990190] ACPI: \_SB_.C026: Found 2 idle states
[    0.990347] ACPI: \_SB_.C028: Found 2 idle states
[    0.990504] ACPI: \_SB_.C02A: Found 2 idle states
[    0.990666] ACPI: \_SB_.C02C: Found 2 idle states
[    0.990823] ACPI: \_SB_.C02E: Found 2 idle states
[    0.990972] ACPI: \_SB_.C001: Found 2 idle states
[    0.991118] ACPI: \_SB_.C003: Found 2 idle states
[    0.991270] ACPI: \_SB_.C005: Found 2 idle states
[    0.991391] ACPI: \_SB_.C007: Found 2 idle states
[    0.991544] ACPI: \_SB_.C009: Found 2 idle states
[    0.991691] ACPI: \_SB_.C00B: Found 2 idle states
[    0.991848] ACPI: \_SB_.C00D: Found 2 idle states
[    0.991995] ACPI: \_SB_.C00F: Found 2 idle states
[    0.992147] ACPI: \_SB_.C011: Found 2 idle states
[    0.992294] ACPI: \_SB_.C013: Found 2 idle states
[    0.992445] ACPI: \_SB_.C015: Found 2 idle states
[    0.992593] ACPI: \_SB_.C017: Found 2 idle states
[    0.992701] ACPI: \_SB_.C019: Found 2 idle states
[    0.992861] ACPI: \_SB_.C01B: Found 2 idle states
[    0.993030] ACPI: \_SB_.C01D: Found 2 idle states
[    0.993199] ACPI: \_SB_.C01F: Found 2 idle states
[    0.993356] ACPI: \_SB_.C021: Found 2 idle states
[    0.993505] ACPI: \_SB_.C023: Found 2 idle states
[    0.993655] ACPI: \_SB_.C025: Found 2 idle states
[    0.993811] ACPI: \_SB_.C027: Found 2 idle states
[    0.993960] ACPI: \_SB_.C029: Found 2 idle states
[    0.994112] ACPI: \_SB_.C02B: Found 2 idle states
[    0.994265] ACPI: \_SB_.C02D: Found 2 idle states
[    0.994421] ACPI: \_SB_.C02F: Found 2 idle states
[    0.994744] ERST: Error Record Serialization Table (ERST) support is initialized.
[    0.994751] pstore: Registered erst as persistent store backend
[    0.998351] Serial: 8250/16550 driver, 32 ports, IRQ sharing enabled
[    1.018929] 00:03: ttyS0 at I/O 0x3f8 (irq = 4, base_baud = 115200) is a 16550A
[    1.045178] 00:04: ttyS1 at I/O 0x2f8 (irq = 3, base_baud = 115200) is a 16550A
[    1.053842] Linux agpgart interface v0.103
[    1.063968] loop: module loaded
[    1.064802] tun: Universal TUN/TAP device driver, 1.6
[    1.064836] PPP generic driver version 2.4.2
[    1.065791] i8042: PNP: No PS/2 controller found.
[    1.065848] mousedev: PS/2 mouse device common for all mice
[    1.066183] rtc_cmos 00:01: registered as rtc0
[    1.066214] rtc_cmos 00:01: setting system clock to 2023-11-08T17:32:31 UTC (1699464751)
[    1.066244] rtc_cmos 00:01: alarms up to one month, y3k, 114 bytes nvram, hpet irqs
[    1.066254] i2c_dev: i2c /dev entries driver
[    1.067073] device-mapper: core: CONFIG_IMA_DISABLE_HTABLE is disabled. Duplicate IMA measurements will not be recorded in the IMA log.
[    1.067082] device-mapper: uevent: version 1.0.3
[    1.067127] device-mapper: ioctl: 4.47.0-ioctl (2022-07-28) initialised: dm-devel@redhat.com
[    1.067151] platform eisa.0: Probing EISA bus 0
[    1.067154] platform eisa.0: EISA: Cannot allocate resource for mainboard
[    1.067156] platform eisa.0: Cannot allocate resource for EISA slot 1
[    1.067158] platform eisa.0: Cannot allocate resource for EISA slot 2
[    1.067159] platform eisa.0: Cannot allocate resource for EISA slot 3
[    1.067161] platform eisa.0: Cannot allocate resource for EISA slot 4
[    1.067162] platform eisa.0: Cannot allocate resource for EISA slot 5
[    1.067164] platform eisa.0: Cannot allocate resource for EISA slot 6
[    1.067166] platform eisa.0: Cannot allocate resource for EISA slot 7
[    1.067167] platform eisa.0: Cannot allocate resource for EISA slot 8
[    1.067169] platform eisa.0: EISA: Detected 0 cards
[    1.067591] ledtrig-cpu: registered to indicate activity on CPUs
[    1.067619] efifb: probing for efifb
[    1.067633] efifb: No BGRT, not showing boot graphics
[    1.067635] efifb: framebuffer at 0xb0000000, using 3072k, total 3072k
[    1.067636] efifb: mode is 1024x768x32, linelength=4096, pages=1
[    1.067638] efifb: scrolling: redraw
[    1.067639] efifb: Truecolor: size=8:8:8:8, shift=24:16:8:0
[    1.067683] fbcon: Deferring console take-over
[    1.067684] fb0: EFI VGA frame buffer device
[    1.068348] drop_monitor: Initializing network drop monitor service
[    1.081089] NET: Registered PF_INET6 protocol family
[    1.233769] Freeing initrd memory: 67820K
[    1.240107] Segment Routing with IPv6
[    1.240118] In-situ OAM (IOAM) with IPv6
[    1.240143] NET: Registered PF_PACKET protocol family
[    1.240185] Key type dns_resolver registered
[    1.242716] microcode: microcode updated early to new patch_level=0x0a0011d1
[    1.242754] microcode: CPU1: patch_level=0x0a0011d1
[    1.242754] microcode: CPU0: patch_level=0x0a0011d1
[    1.242755] microcode: CPU2: patch_level=0x0a0011d1
[    1.242756] microcode: CPU3: patch_level=0x0a0011d1
[    1.242757] microcode: CPU4: patch_level=0x0a0011d1
[    1.242758] microcode: CPU5: patch_level=0x0a0011d1
[    1.242760] microcode: CPU6: patch_level=0x0a0011d1
[    1.242760] microcode: CPU7: patch_level=0x0a0011d1
[    1.242761] microcode: CPU8: patch_level=0x0a0011d1
[    1.242762] microcode: CPU9: patch_level=0x0a0011d1
[    1.242762] microcode: CPU10: patch_level=0x0a0011d1
[    1.242763] microcode: CPU11: patch_level=0x0a0011d1
[    1.242765] microcode: CPU13: patch_level=0x0a0011d1
[    1.242765] microcode: CPU14: patch_level=0x0a0011d1
[    1.242766] microcode: CPU15: patch_level=0x0a0011d1
[    1.242766] microcode: CPU16: patch_level=0x0a0011d1
[    1.242766] microcode: CPU17: patch_level=0x0a0011d1
[    1.242770] microcode: CPU19: patch_level=0x0a0011d1
[    1.242770] microcode: CPU18: patch_level=0x0a0011d1
[    1.242770] microcode: CPU20: patch_level=0x0a0011d1
[    1.242772] microcode: CPU21: patch_level=0x0a0011d1
[    1.242773] microcode: CPU22: patch_level=0x0a0011d1
[    1.242774] microcode: CPU23: patch_level=0x0a0011d1
[    1.242786] microcode: CPU36: patch_level=0x0a0011d1
[    1.242978] microcode: CPU2: new patch_level=0x0a0011d1
[    1.242980] microcode: CPU1: new patch_level=0x0a0011d1
[    1.242982] microcode: CPU3: new patch_level=0x0a0011d1
[    1.242983] microcode: CPU4: new patch_level=0x0a0011d1
[    1.242983] microcode: CPU26: patch_level=0x0a0011d1
[    1.242983] microcode: CPU7: new patch_level=0x0a0011d1
[    1.242984] microcode: CPU5: new patch_level=0x0a0011d1
[    1.242987] microcode: CPU6: new patch_level=0x0a0011d1
[    1.242987] microcode: CPU25: patch_level=0x0a0011d1
[    1.242988] microcode: CPU27: patch_level=0x0a0011d1
[    1.242988] microcode: CPU0: new patch_level=0x0a0011d1
[    1.242988] microcode: CPU31: patch_level=0x0a0011d1
[    1.242989] microcode: CPU28: patch_level=0x0a0011d1
[    1.242989] microcode: CPU29: patch_level=0x0a0011d1
[    1.242990] microcode: CPU11: new patch_level=0x0a0011d1
[    1.242990] microcode: CPU10: new patch_level=0x0a0011d1
[    1.242991] microcode: CPU14: new patch_level=0x0a0011d1
[    1.242992] microcode: CPU30: patch_level=0x0a0011d1
[    1.242994] microcode: CPU24: patch_level=0x0a0011d1
[    1.242995] microcode: CPU38: patch_level=0x0a0011d1
[    1.242995] microcode: CPU16: new patch_level=0x0a0011d1
[    1.242995] microcode: CPU34: patch_level=0x0a0011d1
[    1.242995] microcode: CPU35: patch_level=0x0a0011d1
[    1.242996] microcode: CPU15: new patch_level=0x0a0011d1
[    1.242999] microcode: CPU40: patch_level=0x0a0011d1
[    1.242999] microcode: CPU20: new patch_level=0x0a0011d1
[    1.243000] microcode: CPU17: new patch_level=0x0a0011d1
[    1.243000] microcode: CPU39: patch_level=0x0a0011d1
[    1.243001] microcode: CPU18: new patch_level=0x0a0011d1
[    1.243002] microcode: CPU13: new patch_level=0x0a0011d1
[    1.243002] microcode: CPU22: new patch_level=0x0a0011d1
[    1.243004] microcode: CPU41: patch_level=0x0a0011d1
[    1.243005] microcode: CPU44: patch_level=0x0a0011d1
[    1.243006] microcode: CPU21: new patch_level=0x0a0011d1
[    1.243006] microcode: CPU37: patch_level=0x0a0011d1
[    1.243006] microcode: CPU42: patch_level=0x0a0011d1
[    1.243007] microcode: CPU45: patch_level=0x0a0011d1
[    1.243007] microcode: CPU46: patch_level=0x0a0011d1
[    1.243007] microcode: CPU23: new patch_level=0x0a0011d1
[    1.243009] microcode: CPU19: new patch_level=0x0a0011d1
[    1.243014] microcode: CPU43: patch_level=0x0a0011d1
[    1.243020] microcode: CPU36: new patch_level=0x0a0011d1
[    1.243024] microcode: CPU12: patch_level=0x0a0011d1
[    1.243027] microcode: CPU47: patch_level=0x0a0011d1
[    1.243031] microcode: CPU8: new patch_level=0x0a0011d1
[    1.243032] microcode: CPU9: new patch_level=0x0a0011d1
[    1.243036] microcode: CPU32: patch_level=0x0a0011d1
[    1.243037] microcode: CPU33: patch_level=0x0a0011d1
[    1.243214] microcode: CPU26: new patch_level=0x0a0011d1
[    1.243214] microcode: CPU25: new patch_level=0x0a0011d1
[    1.243216] microcode: CPU27: new patch_level=0x0a0011d1
[    1.243219] microcode: CPU28: new patch_level=0x0a0011d1
[    1.243219] microcode: CPU31: new patch_level=0x0a0011d1
[    1.243220] microcode: CPU29: new patch_level=0x0a0011d1
[    1.243220] microcode: CPU30: new patch_level=0x0a0011d1
[    1.243227] microcode: CPU38: new patch_level=0x0a0011d1
[    1.243228] microcode: CPU35: new patch_level=0x0a0011d1
[    1.243228] microcode: CPU34: new patch_level=0x0a0011d1
[    1.243228] microcode: CPU24: new patch_level=0x0a0011d1
[    1.243231] microcode: CPU39: new patch_level=0x0a0011d1
[    1.243235] microcode: CPU41: new patch_level=0x0a0011d1
[    1.243235] microcode: CPU40: new patch_level=0x0a0011d1
[    1.243239] microcode: CPU45: new patch_level=0x0a0011d1
[    1.243239] microcode: CPU37: new patch_level=0x0a0011d1
[    1.243240] microcode: CPU46: new patch_level=0x0a0011d1
[    1.243244] microcode: CPU42: new patch_level=0x0a0011d1
[    1.243246] microcode: CPU44: new patch_level=0x0a0011d1
[    1.243247] microcode: CPU43: new patch_level=0x0a0011d1
[    1.243255] microcode: CPU12: new patch_level=0x0a0011d1
[    1.243264] microcode: CPU47: new patch_level=0x0a0011d1
[    1.243296] microcode: CPU32: new patch_level=0x0a0011d1
[    1.243297] microcode: CPU33: new patch_level=0x0a0011d1
[    1.243374] microcode: Microcode Update Driver: v2.2.
[    1.243853] resctrl: L3 allocation detected
[    1.243855] resctrl: MB allocation detected
[    1.243856] resctrl: L3 monitoring detected
[    1.243863] IPI shorthand broadcast: enabled
[    1.245866] sched_clock: Marking stable (1243546425, 288928)->(1264410250, -20574897)
[    1.247773] registered taskstats version 1
[    1.248824] Loading compiled-in X.509 certificates
[    1.249274] Loaded X.509 cert 'Build time autogenerated kernel key: 02b4aef41bceebf2b94b5d3e24eaba090bc7b371'
[    1.249652] Loaded X.509 cert 'Canonical Ltd. Live Patch Signing: 14df34d1a87cf37625abec039ef2bf521249b969'
[    1.250028] Loaded X.509 cert 'Canonical Ltd. Kernel Module Signing: 88f752e560a1e0737e31163a466ad7b70a850c19'
[    1.250029] blacklist: Loading compiled-in revocation X.509 certificates
[    1.250045] Loaded X.509 cert 'Canonical Ltd. Secure Boot Signing: 61482aa2830d0ab2ad5af10b7250da9033ddcef0'
[    1.250060] Loaded X.509 cert 'Canonical Ltd. Secure Boot Signing (2017): 242ade75ac4a15e50d50c84b0d45ff3eae707a03'
[    1.250073] Loaded X.509 cert 'Canonical Ltd. Secure Boot Signing (ESM 2018): 365188c1d374d6b07c3c8f240f8ef722433d6a8b'
[    1.250086] Loaded X.509 cert 'Canonical Ltd. Secure Boot Signing (2019): c0746fd6c5da3ae827864651ad66ae47fe24b3e8'
[    1.250099] Loaded X.509 cert 'Canonical Ltd. Secure Boot Signing (2021 v1): a8d54bbb3825cfb94fa13c9f8a594a195c107b8d'
[    1.250113] Loaded X.509 cert 'Canonical Ltd. Secure Boot Signing (2021 v2): 4cf046892d6fd3c9a5b03f98d845f90851dc6a8c'
[    1.250126] Loaded X.509 cert 'Canonical Ltd. Secure Boot Signing (2021 v3): 100437bb6de6e469b581e61cd66bce3ef4ed53af'
[    1.250139] Loaded X.509 cert 'Canonical Ltd. Secure Boot Signing (Ubuntu Core 2019): c1d57b8f6b743f23ee41f4f7ee292f06eecadfb9'
[    1.251281] zswap: loaded using pool lzo/zbud
[    1.253753] Key type .fscrypt registered
[    1.253755] Key type fscrypt-provisioning registered
[    1.253826] pstore: Using crash dump compression: deflate
[    1.256960] Key type encrypted registered
[    1.256963] AppArmor: AppArmor sha1 policy hashing enabled
[    1.257105] integrity: Loading X.509 certificate: UEFI:db
[    1.257278] integrity: Loaded X.509 cert 'ASUSTeK MotherBoard SW Key Certificate: da83b990422ebc8c441f8d8b039a65a2'
[    1.257280] integrity: Loading X.509 certificate: UEFI:db
[    1.257402] integrity: Loaded X.509 cert 'ASUSTeK Notebook SW Key Certificate: b8e581e4df77a5bb4282d5ccfc00c071'
[    1.257404] integrity: Loading X.509 certificate: UEFI:db
[    1.257423] integrity: Loaded X.509 cert 'Microsoft Corporation UEFI CA 2011: 13adbf4309bd82709c8cd54f316ed522988a1bd4'
[    1.257424] integrity: Loading X.509 certificate: UEFI:db
[    1.257439] integrity: Loaded X.509 cert 'Microsoft Windows Production PCA 2011: a92902398e16c49778cd90f99e4f9ae17c55af53'
[    1.257440] integrity: Loading X.509 certificate: UEFI:db
[    1.257566] integrity: Loaded X.509 cert 'Canonical Ltd. Master Certificate Authority: ad91990bc22ab1f517048c23b6655a268e345a63'
[    1.257799] ima: No TPM chip found, activating TPM-bypass!
[    1.257802] Loading compiled-in module X.509 certificates
[    1.258182] Loaded X.509 cert 'Build time autogenerated kernel key: 02b4aef41bceebf2b94b5d3e24eaba090bc7b371'
[    1.258184] ima: Allocated hash algorithm: sha1
[    1.258195] ima: No architecture policies found
[    1.258208] evm: Initialising EVM extended attributes:
[    1.258209] evm: security.selinux
[    1.258210] evm: security.SMACK64
[    1.258211] evm: security.SMACK64EXEC
[    1.258212] evm: security.SMACK64TRANSMUTE
[    1.258213] evm: security.SMACK64MMAP
[    1.258214] evm: security.apparmor
[    1.258216] evm: security.ima
[    1.258217] evm: security.capability
[    1.258218] evm: HMAC attrs: 0x1
[    1.258619] PM:   Magic number: 15:911:541
[    1.258689] pci 0000:c4:00.0: hash matches
[    1.259138] GHES GHES.4135: hash matches
[    1.399922] RAS: Correctable Errors collector initialized.
[    1.401814] Freeing unused decrypted memory: 2036K
[    1.402566] Freeing unused kernel image (initmem) memory: 4768K
[    1.420298] Write protecting the kernel read-only data: 34816k
[    1.421279] Freeing unused kernel image (rodata/data gap) memory: 1604K
[    1.475740] x86/mm: Checked W+X mappings: passed, no W+X pages found.
[    1.475745] Run /init as init process
[    1.475747]   with arguments:
[    1.475748]     /init
[    1.475750]     splash
[    1.475751]   with environment:
[    1.475752]     HOME=/
[    1.475753]     TERM=linux
[    1.475754]     BOOT_IMAGE=/boot/vmlinuz-6.2.0-36-generic
[    1.830005] piix4_smbus 0000:00:14.0: SMBus Host Controller at 0xb00, revision 0
[    1.830009] piix4_smbus 0000:00:14.0: Using register 0x02 for SMBus port selection
[    1.830244] piix4_smbus 0000:00:14.0: Auxiliary SMBus Host Controller at 0xb20
[    1.830893] xhci_hcd 0000:43:00.3: xHCI Host Controller
[    1.830909] xhci_hcd 0000:43:00.3: new USB bus registered, assigned bus number 1
[    1.831026] xhci_hcd 0000:43:00.3: hcc params 0x0260ffe5 hci version 0x110 quirks 0x0000000000000410
[    1.831571] xhci_hcd 0000:43:00.3: xHCI Host Controller
[    1.831575] xhci_hcd 0000:43:00.3: new USB bus registered, assigned bus number 2
[    1.831578] xhci_hcd 0000:43:00.3: Host supports USB 3.1 Enhanced SuperSpeed
[    1.831622] usb usb1: New USB device found, idVendor=1d6b, idProduct=0002, bcdDevice= 6.02
[    1.831625] usb usb1: New USB device strings: Mfr=3, Product=2, SerialNumber=1
[    1.831627] usb usb1: Product: xHCI Host Controller
[    1.831629] usb usb1: Manufacturer: Linux 6.2.0-36-generic xhci-hcd
[    1.831631] usb usb1: SerialNumber: 0000:43:00.3
[    1.831927] hub 1-0:1.0: USB hub found
[    1.831937] hub 1-0:1.0: 2 ports detected
[    1.832626] usb usb2: We don't know the algorithms for LPM for this host, disabling LPM.
[    1.832653] usb usb2: New USB device found, idVendor=1d6b, idProduct=0003, bcdDevice= 6.02
[    1.832656] usb usb2: New USB device strings: Mfr=3, Product=2, SerialNumber=1
[    1.832658] usb usb2: Product: xHCI Host Controller
[    1.832660] usb usb2: Manufacturer: Linux 6.2.0-36-generic xhci-hcd
[    1.832661] usb usb2: SerialNumber: 0000:43:00.3
[    1.832928] hub 2-0:1.0: USB hub found
[    1.832940] hub 2-0:1.0: 2 ports detected
[    1.833535] dca service started, version 1.12.1
[    1.833644] xhci_hcd 0000:02:00.3: xHCI Host Controller
[    1.833653] xhci_hcd 0000:02:00.3: new USB bus registered, assigned bus number 3
[    1.833760] xhci_hcd 0000:02:00.3: hcc params 0x0260ffe5 hci version 0x110 quirks 0x0000000000000410
[    1.834335] xhci_hcd 0000:02:00.3: xHCI Host Controller
[    1.834340] xhci_hcd 0000:02:00.3: new USB bus registered, assigned bus number 4
[    1.834344] xhci_hcd 0000:02:00.3: Host supports USB 3.1 Enhanced SuperSpeed
[    1.834390] usb usb3: New USB device found, idVendor=1d6b, idProduct=0002, bcdDevice= 6.02
[    1.834392] usb usb3: New USB device strings: Mfr=3, Product=2, SerialNumber=1
[    1.834396] usb usb3: Product: xHCI Host Controller
[    1.834398] usb usb3: Manufacturer: Linux 6.2.0-36-generic xhci-hcd
[    1.834399] usb usb3: SerialNumber: 0000:02:00.3
[    1.834400] ahci 0000:84:00.0: version 3.0
[    1.835129] hub 3-0:1.0: USB hub found
[    1.835138] hub 3-0:1.0: 2 ports detected
[    1.835705] usb usb4: We don't know the algorithms for LPM for this host, disabling LPM.
[    1.835734] usb usb4: New USB device found, idVendor=1d6b, idProduct=0003, bcdDevice= 6.02
[    1.835737] usb usb4: New USB device strings: Mfr=3, Product=2, SerialNumber=1
[    1.835739] usb usb4: Product: xHCI Host Controller
[    1.835741] usb usb4: Manufacturer: Linux 6.2.0-36-generic xhci-hcd
[    1.835743] usb usb4: SerialNumber: 0000:02:00.3
[    1.835864] hub 4-0:1.0: USB hub found
[    1.835872] hub 4-0:1.0: 2 ports detected
[    1.839519] r8169 0000:c1:00.0: enabling device (0000 -> 0003)
[    1.840043] nvme nvme0: pci function 0000:41:00.0
[    1.842225] igb: Intel(R) Gigabit Ethernet Network Driver
[    1.842228] igb: Copyright (c) 2007-2014 Intel Corporation.
[    1.842440] igb 0000:c5:00.0: enabling device (0000 -> 0002)
[    1.845808] ahci 0000:84:00.0: AHCI 0001.0301 32 slots 4 ports 6 Gbps 0xf impl SATA mode
[    1.845812] ahci 0000:84:00.0: flags: 64bit ncq sntf ilck pm led clo only pmp fbs pio slum part sxs 
[    1.846507] scsi host0: ahci
[    1.846806] scsi host1: ahci
[    1.847001] scsi host2: ahci
[    1.847165] scsi host3: ahci
[    1.847249] ata1: SATA max UDMA/133 abar m2048@0xf6e00000 port 0xf6e00100 irq 72
[    1.847252] ata2: SATA max UDMA/133 abar m2048@0xf6e00000 port 0xf6e00180 irq 73
[    1.847255] ata3: SATA max UDMA/133 abar m2048@0xf6e00000 port 0xf6e00200 irq 74
[    1.847257] ata4: SATA max UDMA/133 abar m2048@0xf6e00000 port 0xf6e00280 irq 75
[    1.848963] ixgbe: Intel(R) 10 Gigabit PCI Express Network Driver
[    1.848965] ixgbe: Copyright (c) 1999-2016 Intel Corporation.
[    1.849043] ixgbe 0000:81:00.0: enabling device (0000 -> 0002)
