[    0.000000] Linux version 6.6.0-rc1-snp-host-5a170ce1a082 (aryan02@huasheng) (gcc (Ubuntu 11.4.0-1ubuntu1~22.04) 11.4.0, GNU ld (GNU Binutils for Ubuntu) 2.38) #2 SMP Fri Dec  1 15:29:14 EST 2023
[    0.000000] Command line: BOOT_IMAGE=/boot/vmlinuz-6.6.0-rc1-snp-host-5a170ce1a082 root=UUID=81f73b6b-69f2-406e-96ec-7fba60d03b05 ro udev.event-timeout=10 quiet splash vt.handoff=7
[    0.000000] KERNEL supported cpus:
[    0.000000]   Intel GenuineIntel
[    0.000000]   AMD AuthenticAMD
[    0.000000]   Hygon HygonGenuine
[    0.000000]   Centaur CentaurHauls
[    0.000000]   zhaoxin   Shanghai  
[    0.000000] BIOS-provided physical RAM map:
[    0.000000] BIOS-e820: [mem 0x0000000000000000-0x000000000009ffff] usable
[    0.000000] BIOS-e820: [mem 0x00000000000a0000-0x00000000000fffff] reserved
[    0.000000] BIOS-e820: [mem 0x0000000000100000-0x000000002fffffff] usable
[    0.000000] BIOS-e820: [mem 0x0000000030000000-0x000000003000afff] ACPI NVS
[    0.000000] BIOS-e820: [mem 0x000000003000b000-0x0000000075daffff] usable
[    0.000000] BIOS-e820: [mem 0x0000000075db0000-0x0000000075ffffff] reserved
[    0.000000] BIOS-e820: [mem 0x0000000076000000-0x000000007ffe7fff] usable
[    0.000000] BIOS-e820: [mem 0x000000007ffe8000-0x00000000aa567fff] reserved
[    0.000000] BIOS-e820: [mem 0x00000000aa568000-0x00000000aa652fff] ACPI data
[    0.000000] BIOS-e820: [mem 0x00000000aa653000-0x00000000aaad3fff] ACPI NVS
[    0.000000] BIOS-e820: [mem 0x00000000aaad4000-0x00000000ab9fefff] reserved
[    0.000000] BIOS-e820: [mem 0x00000000ab9ff000-0x00000000abffffff] usable
[    0.000000] BIOS-e820: [mem 0x00000000ac000000-0x00000000afffffff] reserved
[    0.000000] BIOS-e820: [mem 0x00000000b6d00000-0x00000000b6dfffff] reserved
[    0.000000] BIOS-e820: [mem 0x00000000b6f00000-0x00000000b7000fff] reserved
[    0.000000] BIOS-e820: [mem 0x00000000b7100000-0x00000000b71fffff] reserved
[    0.000000] BIOS-e820: [mem 0x00000000f2880000-0x00000000f2880fff] reserved
[    0.000000] BIOS-e820: [mem 0x00000000f3880000-0x00000000f3880fff] reserved
[    0.000000] BIOS-e820: [mem 0x00000000f9580000-0x00000000f9580fff] reserved
[    0.000000] BIOS-e820: [mem 0x00000000fea00000-0x00000000feafffff] reserved
[    0.000000] BIOS-e820: [mem 0x00000000fec00000-0x00000000fec00fff] reserved
[    0.000000] BIOS-e820: [mem 0x00000000fec10000-0x00000000fec10fff] reserved
[    0.000000] BIOS-e820: [mem 0x00000000fed00000-0x00000000fed00fff] reserved
[    0.000000] BIOS-e820: [mem 0x00000000fed40000-0x00000000fed44fff] reserved
[    0.000000] BIOS-e820: [mem 0x00000000fed80000-0x00000000fed8ffff] reserved
[    0.000000] BIOS-e820: [mem 0x00000000fedc0000-0x00000000fedc0fff] reserved
[    0.000000] BIOS-e820: [mem 0x00000000fedc2000-0x00000000fedc8fff] reserved
[    0.000000] BIOS-e820: [mem 0x00000000fee00000-0x00000000feefffff] reserved
[    0.000000] BIOS-e820: [mem 0x00000000ff000000-0x00000000ffffffff] reserved
[    0.000000] BIOS-e820: [mem 0x0000000100000000-0x000000104fe7ffff] usable
[    0.000000] BIOS-e820: [mem 0x000000104fe80000-0x000000104fffffff] reserved
[    0.000000] BIOS-e820: [mem 0x0000001050000000-0x000000204f27ffff] usable
[    0.000000] BIOS-e820: [mem 0x000000204f280000-0x000000204fffffff] reserved
[    0.000000] BIOS-e820: [mem 0x00000ffc00000000-0x00000ffc03ffffff] reserved
[    0.000000] NX (Execute Disable) protection: active
[    0.000000] APIC: Static calls initialized
[    0.000000] e820: update [mem 0x7a592018-0x7a5a1057] usable ==> usable
[    0.000000] e820: update [mem 0x7a592018-0x7a5a1057] usable ==> usable
[    0.000000] e820: update [mem 0x7a582018-0x7a591057] usable ==> usable
[    0.000000] e820: update [mem 0x7a582018-0x7a591057] usable ==> usable
[    0.000000] e820: update [mem 0x7a558018-0x7a581457] usable ==> usable
[    0.000000] e820: update [mem 0x7a558018-0x7a581457] usable ==> usable
[    0.000000] e820: update [mem 0x7a52e018-0x7a557457] usable ==> usable
[    0.000000] e820: update [mem 0x7a52e018-0x7a557457] usable ==> usable
[    0.000000] e820: update [mem 0x7a525018-0x7a52d057] usable ==> usable
[    0.000000] e820: update [mem 0x7a525018-0x7a52d057] usable ==> usable
[    0.000000] e820: update [mem 0x76b41018-0x76b50057] usable ==> usable
[    0.000000] e820: update [mem 0x76b41018-0x76b50057] usable ==> usable
[    0.000000] e820: update [mem 0x76b31018-0x76b40057] usable ==> usable
[    0.000000] e820: update [mem 0x76b31018-0x76b40057] usable ==> usable
[    0.000000] extended physical RAM map:
[    0.000000] reserve setup_data: [mem 0x0000000000000000-0x000000000009ffff] usable
[    0.000000] reserve setup_data: [mem 0x00000000000a0000-0x00000000000fffff] reserved
[    0.000000] reserve setup_data: [mem 0x0000000000100000-0x000000002fffffff] usable
[    0.000000] reserve setup_data: [mem 0x0000000030000000-0x000000003000afff] ACPI NVS
[    0.000000] reserve setup_data: [mem 0x000000003000b000-0x0000000075daffff] usable
[    0.000000] reserve setup_data: [mem 0x0000000075db0000-0x0000000075ffffff] reserved
[    0.000000] reserve setup_data: [mem 0x0000000076000000-0x0000000076b31017] usable
[    0.000000] reserve setup_data: [mem 0x0000000076b31018-0x0000000076b40057] usable
[    0.000000] reserve setup_data: [mem 0x0000000076b40058-0x0000000076b41017] usable
[    0.000000] reserve setup_data: [mem 0x0000000076b41018-0x0000000076b50057] usable
[    0.000000] reserve setup_data: [mem 0x0000000076b50058-0x000000007a525017] usable
[    0.000000] reserve setup_data: [mem 0x000000007a525018-0x000000007a52d057] usable
[    0.000000] reserve setup_data: [mem 0x000000007a52d058-0x000000007a52e017] usable
[    0.000000] reserve setup_data: [mem 0x000000007a52e018-0x000000007a557457] usable
[    0.000000] reserve setup_data: [mem 0x000000007a557458-0x000000007a558017] usable
[    0.000000] reserve setup_data: [mem 0x000000007a558018-0x000000007a581457] usable
[    0.000000] reserve setup_data: [mem 0x000000007a581458-0x000000007a582017] usable
[    0.000000] reserve setup_data: [mem 0x000000007a582018-0x000000007a591057] usable
[    0.000000] reserve setup_data: [mem 0x000000007a591058-0x000000007a592017] usable
[    0.000000] reserve setup_data: [mem 0x000000007a592018-0x000000007a5a1057] usable
[    0.000000] reserve setup_data: [mem 0x000000007a5a1058-0x000000007ffe7fff] usable
[    0.000000] reserve setup_data: [mem 0x000000007ffe8000-0x00000000aa567fff] reserved
[    0.000000] reserve setup_data: [mem 0x00000000aa568000-0x00000000aa652fff] ACPI data
[    0.000000] reserve setup_data: [mem 0x00000000aa653000-0x00000000aaad3fff] ACPI NVS
[    0.000000] reserve setup_data: [mem 0x00000000aaad4000-0x00000000ab9fefff] reserved
[    0.000000] reserve setup_data: [mem 0x00000000ab9ff000-0x00000000abffffff] usable
[    0.000000] reserve setup_data: [mem 0x00000000ac000000-0x00000000afffffff] reserved
[    0.000000] reserve setup_data: [mem 0x00000000b6d00000-0x00000000b6dfffff] reserved
[    0.000000] reserve setup_data: [mem 0x00000000b6f00000-0x00000000b7000fff] reserved
[    0.000000] reserve setup_data: [mem 0x00000000b7100000-0x00000000b71fffff] reserved
[    0.000000] reserve setup_data: [mem 0x00000000f2880000-0x00000000f2880fff] reserved
[    0.000000] reserve setup_data: [mem 0x00000000f3880000-0x00000000f3880fff] reserved
[    0.000000] reserve setup_data: [mem 0x00000000f9580000-0x00000000f9580fff] reserved
[    0.000000] reserve setup_data: [mem 0x00000000fea00000-0x00000000feafffff] reserved
[    0.000000] reserve setup_data: [mem 0x00000000fec00000-0x00000000fec00fff] reserved
[    0.000000] reserve setup_data: [mem 0x00000000fec10000-0x00000000fec10fff] reserved
[    0.000000] reserve setup_data: [mem 0x00000000fed00000-0x00000000fed00fff] reserved
[    0.000000] reserve setup_data: [mem 0x00000000fed40000-0x00000000fed44fff] reserved
[    0.000000] reserve setup_data: [mem 0x00000000fed80000-0x00000000fed8ffff] reserved
[    0.000000] reserve setup_data: [mem 0x00000000fedc0000-0x00000000fedc0fff] reserved
[    0.000000] reserve setup_data: [mem 0x00000000fedc2000-0x00000000fedc8fff] reserved
[    0.000000] reserve setup_data: [mem 0x00000000fee00000-0x00000000feefffff] reserved
[    0.000000] reserve setup_data: [mem 0x00000000ff000000-0x00000000ffffffff] reserved
[    0.000000] reserve setup_data: [mem 0x0000000100000000-0x000000104fe7ffff] usable
[    0.000000] reserve setup_data: [mem 0x000000104fe80000-0x000000104fffffff] reserved
[    0.000000] reserve setup_data: [mem 0x0000001050000000-0x000000204f27ffff] usable
[    0.000000] reserve setup_data: [mem 0x000000204f280000-0x000000204fffffff] reserved
[    0.000000] reserve setup_data: [mem 0x00000ffc00000000-0x00000ffc03ffffff] reserved
[    0.000000] efi: EFI v2.8 by American Megatrends
[    0.000000] efi: ACPI=0xaa652000 ACPI 2.0=0xaa652014 SMBIOS=0xab49c000 SMBIOS 3.0=0xab49b000 MEMATTR=0x7a601018 ESRT=0x7b68f698 MOKvar=0xab54f000 
[    0.000000] efi: Remove mem42: MMIO range=[0xb6d00000-0xb6dfffff] (1MB) from e820 map
[    0.000000] e820: remove [mem 0xb6d00000-0xb6dfffff] reserved
[    0.000000] efi: Remove mem43: MMIO range=[0xb6f00000-0xb7000fff] (1MB) from e820 map
[    0.000000] e820: remove [mem 0xb6f00000-0xb7000fff] reserved
[    0.000000] efi: Remove mem44: MMIO range=[0xb7100000-0xb71fffff] (1MB) from e820 map
[    0.000000] e820: remove [mem 0xb7100000-0xb71fffff] reserved
[    0.000000] efi: Not removing mem45: MMIO range=[0xf2880000-0xf2880fff] (4KB) from e820 map
[    0.000000] efi: Not removing mem46: MMIO range=[0xf3880000-0xf3880fff] (4KB) from e820 map
[    0.000000] efi: Not removing mem47: MMIO range=[0xf9580000-0xf9580fff] (4KB) from e820 map
[    0.000000] efi: Remove mem48: MMIO range=[0xfea00000-0xfeafffff] (1MB) from e820 map
[    0.000000] e820: remove [mem 0xfea00000-0xfeafffff] reserved
[    0.000000] efi: Not removing mem49: MMIO range=[0xfec00000-0xfec00fff] (4KB) from e820 map
[    0.000000] efi: Not removing mem50: MMIO range=[0xfec10000-0xfec10fff] (4KB) from e820 map
[    0.000000] efi: Not removing mem51: MMIO range=[0xfed00000-0xfed00fff] (4KB) from e820 map
[    0.000000] efi: Not removing mem52: MMIO range=[0xfed40000-0xfed44fff] (20KB) from e820 map
[    0.000000] efi: Not removing mem53: MMIO range=[0xfed80000-0xfed8ffff] (64KB) from e820 map
[    0.000000] efi: Not removing mem54: MMIO range=[0xfedc0000-0xfedc0fff] (4KB) from e820 map
[    0.000000] efi: Not removing mem55: MMIO range=[0xfedc2000-0xfedc8fff] (28KB) from e820 map
[    0.000000] efi: Remove mem56: MMIO range=[0xfee00000-0xfeefffff] (1MB) from e820 map
[    0.000000] e820: remove [mem 0xfee00000-0xfeefffff] reserved
[    0.000000] efi: Remove mem57: MMIO range=[0xff000000-0xffffffff] (16MB) from e820 map
[    0.000000] e820: remove [mem 0xff000000-0xffffffff] reserved
[    0.000000] efi: Remove mem60: MMIO range=[0xffc00000000-0xffc03ffffff] (64MB) from e820 map
[    0.000000] e820: remove [mem 0xffc00000000-0xffc03ffffff] reserved
[    0.000000] SMBIOS 3.3.0 present.
[    0.000000] DMI: ASUSTeK COMPUTER INC. KRPA-U16-M Series/KRPA-U16-M Series, BIOS 0701 09/07/2022
[    0.000000] tsc: Fast TSC calibration using PIT
[    0.000000] tsc: Detected 2644.968 MHz processor
[    0.000248] e820: update [mem 0x00000000-0x00000fff] usable ==> reserved
[    0.000250] e820: remove [mem 0x000a0000-0x000fffff] usable
[    0.000260] last_pfn = 0x204f280 max_arch_pfn = 0x400000000
[    0.000267] total RAM covered: 2815M
[    0.000382] Found optimal setting for mtrr clean up
[    0.000383]  gran_size: 64K 	chunk_size: 128M 	num_reg: 4  	lose cover RAM: 0G
[    0.000386] MTRR map: 7 entries (3 fixed + 4 variable; max 20), built from 9 variable MTRRs
[    0.000388] x86/PAT: Configuration [0-7]: WB  WC  UC- UC  WB  WP  UC- WT  
[    0.000729] e820: update [mem 0xaafd0000-0xaafdffff] usable ==> reserved
[    0.000734] e820: update [mem 0xb0000000-0xffffffff] usable ==> reserved
[    0.000736] last_pfn = 0xac000 max_arch_pfn = 0x400000000
[    0.004490] esrt: Reserving ESRT space from 0x000000007b68f698 to 0x000000007b68f6d0.
[    0.004496] e820: update [mem 0x7b68f000-0x7b68ffff] usable ==> reserved
[    0.004513] Using GB pages for direct mapping
[    0.005515] Secure boot disabled
[    0.005515] RAMDISK: [mem 0x6b0f2000-0x6ec56fff]
[    0.005520] ACPI: Early table checksum verification disabled
[    0.005523] ACPI: RSDP 0x00000000AA652014 000024 (v02 AMD   )
[    0.005526] ACPI: XSDT 0x00000000AA651728 0000C4 (v01 AMD    AmdTable 03242016 AMI  01000013)
[    0.005531] ACPI: FACP 0x00000000AA64A000 000114 (v06 AMD    AmdTable 03242016 AMI  00010013)
[    0.005535] ACPI: DSDT 0x00000000AA637000 012637 (v02 AMD    AmdTable 03242016 INTL 20190509)
[    0.005537] ACPI: FACS 0x00000000AAAAE000 000040
[    0.005539] ACPI: SSDT 0x00000000AA650000 00092A (v02 AMD    AmdTable 00000002 MSFT 04000000)
[    0.005541] ACPI: SPMI 0x00000000AA64F000 000041 (v05 AMD    AmdTable 00000000 AMI. 00000000)
[    0.005542] ACPI: SSDT 0x00000000AA64B000 0033A1 (v02 AMD    AMD AFC  00000001 INTL 20190509)
[    0.005544] ACPI: FIDT 0x00000000AA636000 00009C (v01 AMD    AmdTable 03242016 AMI  00010013)
[    0.005546] ACPI: FPDT 0x00000000AA630000 000034 (v01 AMD    A M I    01072009 AMI  01000013)
[    0.005548] ACPI: MCFG 0x00000000AA634000 00003C (v01 AMD    AmdTable 03242016 MSFT 00010013)
[    0.005550] ACPI: SSDT 0x00000000AA633000 00059C (v02 AMD    CPUSSDT  03242016 AMI  03242016)
[    0.005552] ACPI: SSDT 0x00000000AA632000 000342 (v02 AMD    CPMRAS   00000001 INTL 20190509)
[    0.005554] ACPI: BERT 0x00000000AA631000 000030 (v01 AMD    AmdTable 00000001 AMD  00000001)
[    0.005556] ACPI: HPET 0x00000000AA62F000 000038 (v01 AMD    AmdTable 03242016 AMI  00000005)
[    0.005557] ACPI: IVRS 0x00000000AA62E000 0001F0 (v02 AMD    AmdTable 00000001 AMD  00000001)
[    0.005559] ACPI: PCCT 0x00000000AA62D000 00006E (v02 AMD    AmdTable 00000001 AMD  00000001)
[    0.005561] ACPI: SSDT 0x00000000AA621000 00BDA9 (v02 AMD    AmdTable 00000001 AMD  00000001)
[    0.005563] ACPI: CRAT 0x00000000AA61E000 002BD0 (v01 AMD    AmdTable 00000001 AMD  00000001)
[    0.005565] ACPI: CDIT 0x00000000AA61D000 000029 (v01 AMD    AmdTable 00000001 AMD  00000001)
[    0.005566] ACPI: SSDT 0x00000000AA61B000 00182E (v02 AMD    CPMCMN   00000001 INTL 20190509)
[    0.005568] ACPI: APIC 0x00000000AA61A000 000882 (v04 AMD    AmdTable 03242016 AMI  00010013)
[    0.005570] ACPI: ERST 0x00000000AA619000 000230 (v01 AMIER  AMI.ERST 00000000 AMI. 00000000)
[    0.005572] ACPI: HEST 0x00000000AA5EE000 02AA74 (v01 AMD    AmdTable 00000001 AMD  00000001)
[    0.005573] ACPI: Reserving FACP table memory at [mem 0xaa64a000-0xaa64a113]
[    0.005574] ACPI: Reserving DSDT table memory at [mem 0xaa637000-0xaa649636]
[    0.005575] ACPI: Reserving FACS table memory at [mem 0xaaaae000-0xaaaae03f]
[    0.005575] ACPI: Reserving SSDT table memory at [mem 0xaa650000-0xaa650929]
[    0.005576] ACPI: Reserving SPMI table memory at [mem 0xaa64f000-0xaa64f040]
[    0.005576] ACPI: Reserving SSDT table memory at [mem 0xaa64b000-0xaa64e3a0]
[    0.005577] ACPI: Reserving FIDT table memory at [mem 0xaa636000-0xaa63609b]
[    0.005577] ACPI: Reserving FPDT table memory at [mem 0xaa630000-0xaa630033]
[    0.005578] ACPI: Reserving MCFG table memory at [mem 0xaa634000-0xaa63403b]
[    0.005578] ACPI: Reserving SSDT table memory at [mem 0xaa633000-0xaa63359b]
[    0.005579] ACPI: Reserving SSDT table memory at [mem 0xaa632000-0xaa632341]
[    0.005579] ACPI: Reserving BERT table memory at [mem 0xaa631000-0xaa63102f]
[    0.005580] ACPI: Reserving HPET table memory at [mem 0xaa62f000-0xaa62f037]
[    0.005580] ACPI: Reserving IVRS table memory at [mem 0xaa62e000-0xaa62e1ef]
[    0.005581] ACPI: Reserving PCCT table memory at [mem 0xaa62d000-0xaa62d06d]
[    0.005581] ACPI: Reserving SSDT table memory at [mem 0xaa621000-0xaa62cda8]
[    0.005582] ACPI: Reserving CRAT table memory at [mem 0xaa61e000-0xaa620bcf]
[    0.005582] ACPI: Reserving CDIT table memory at [mem 0xaa61d000-0xaa61d028]
[    0.005583] ACPI: Reserving SSDT table memory at [mem 0xaa61b000-0xaa61c82d]
[    0.005584] ACPI: Reserving APIC table memory at [mem 0xaa61a000-0xaa61a881]
[    0.005584] ACPI: Reserving ERST table memory at [mem 0xaa619000-0xaa61922f]
[    0.005585] ACPI: Reserving HEST table memory at [mem 0xaa5ee000-0xaa618a73]
[    0.005638] No NUMA configuration found
[    0.005638] Faking a node at [mem 0x0000000000000000-0x000000204f27ffff]
[    0.005644] NODE_DATA(0) allocated [mem 0x204f255000-0x204f27ffff]
[    0.005809] Zone ranges:
[    0.005810]   DMA      [mem 0x0000000000001000-0x0000000000ffffff]
[    0.005811]   DMA32    [mem 0x0000000001000000-0x00000000ffffffff]
[    0.005812]   Normal   [mem 0x0000000100000000-0x000000204f27ffff]
[    0.005813]   Device   empty
[    0.005813] Movable zone start for each node
[    0.005814] Early memory node ranges
[    0.005815]   node   0: [mem 0x0000000000001000-0x000000000009ffff]
[    0.005816]   node   0: [mem 0x0000000000100000-0x000000002fffffff]
[    0.005817]   node   0: [mem 0x000000003000b000-0x0000000075daffff]
[    0.005817]   node   0: [mem 0x0000000076000000-0x000000007ffe7fff]
[    0.005818]   node   0: [mem 0x00000000ab9ff000-0x00000000abffffff]
[    0.005818]   node   0: [mem 0x0000000100000000-0x000000104fe7ffff]
[    0.005822]   node   0: [mem 0x0000001050000000-0x000000204f27ffff]
[    0.005827] Initmem setup node 0 [mem 0x0000000000001000-0x000000204f27ffff]
[    0.005830] On node 0, zone DMA: 1 pages in unavailable ranges
[    0.005842] On node 0, zone DMA: 96 pages in unavailable ranges
[    0.007154] On node 0, zone DMA32: 11 pages in unavailable ranges
[    0.007279] On node 0, zone DMA32: 592 pages in unavailable ranges
[    0.007348] On node 0, zone DMA32: 14871 pages in unavailable ranges
[    0.073150] On node 0, zone Normal: 16384 pages in unavailable ranges
[    0.141694] On node 0, zone Normal: 384 pages in unavailable ranges
[    0.141716] On node 0, zone Normal: 3456 pages in unavailable ranges
[    0.141860] ACPI: PM-Timer IO Port: 0x808
[    0.141874] ACPI: LAPIC_NMI (acpi_id[0xff] high edge lint[0x1])
[    0.141887] IOAPIC[0]: apic_id 240, version 33, address 0xfec00000, GSI 0-23
[    0.141892] IOAPIC[1]: apic_id 241, version 33, address 0xb7000000, GSI 24-55
[    0.141897] IOAPIC[2]: apic_id 242, version 33, address 0xf3880000, GSI 56-87
[    0.141900] IOAPIC[3]: apic_id 243, version 33, address 0xf2880000, GSI 88-119
[    0.141905] IOAPIC[4]: apic_id 244, version 33, address 0xf9580000, GSI 120-151
[    0.141907] ACPI: INT_SRC_OVR (bus 0 bus_irq 0 global_irq 2 dfl dfl)
[    0.141909] ACPI: INT_SRC_OVR (bus 0 bus_irq 9 global_irq 9 low level)
[    0.141912] ACPI: Using ACPI (MADT) for SMP configuration information
[    0.141913] ACPI: HPET id: 0x10228201 base: 0xfed00000
[    0.141916] smpboot: Allowing 48 CPUs, 0 hotplug CPUs
[    0.141938] PM: hibernation: Registered nosave memory: [mem 0x00000000-0x00000fff]
[    0.141939] PM: hibernation: Registered nosave memory: [mem 0x000a0000-0x000fffff]
[    0.141941] PM: hibernation: Registered nosave memory: [mem 0x30000000-0x3000afff]
[    0.141942] PM: hibernation: Registered nosave memory: [mem 0x75db0000-0x75ffffff]
[    0.141943] PM: hibernation: Registered nosave memory: [mem 0x76b31000-0x76b31fff]
[    0.141944] PM: hibernation: Registered nosave memory: [mem 0x76b40000-0x76b40fff]
[    0.141945] PM: hibernation: Registered nosave memory: [mem 0x76b41000-0x76b41fff]
[    0.141946] PM: hibernation: Registered nosave memory: [mem 0x76b50000-0x76b50fff]
[    0.141947] PM: hibernation: Registered nosave memory: [mem 0x7a525000-0x7a525fff]
[    0.141948] PM: hibernation: Registered nosave memory: [mem 0x7a52d000-0x7a52dfff]
[    0.141948] PM: hibernation: Registered nosave memory: [mem 0x7a52e000-0x7a52efff]
[    0.141950] PM: hibernation: Registered nosave memory: [mem 0x7a557000-0x7a557fff]
[    0.141950] PM: hibernation: Registered nosave memory: [mem 0x7a558000-0x7a558fff]
[    0.141951] PM: hibernation: Registered nosave memory: [mem 0x7a581000-0x7a581fff]
[    0.141952] PM: hibernation: Registered nosave memory: [mem 0x7a582000-0x7a582fff]
[    0.141953] PM: hibernation: Registered nosave memory: [mem 0x7a591000-0x7a591fff]
[    0.141953] PM: hibernation: Registered nosave memory: [mem 0x7a592000-0x7a592fff]
[    0.141954] PM: hibernation: Registered nosave memory: [mem 0x7a5a1000-0x7a5a1fff]
[    0.141955] PM: hibernation: Registered nosave memory: [mem 0x7b68f000-0x7b68ffff]
[    0.141957] PM: hibernation: Registered nosave memory: [mem 0x7ffe8000-0xaa567fff]
[    0.141957] PM: hibernation: Registered nosave memory: [mem 0xaa568000-0xaa652fff]
[    0.141958] PM: hibernation: Registered nosave memory: [mem 0xaa653000-0xaaad3fff]
[    0.141958] PM: hibernation: Registered nosave memory: [mem 0xaaad4000-0xab9fefff]
[    0.141959] PM: hibernation: Registered nosave memory: [mem 0xac000000-0xafffffff]
[    0.141960] PM: hibernation: Registered nosave memory: [mem 0xb0000000-0xf287ffff]
[    0.141960] PM: hibernation: Registered nosave memory: [mem 0xf2880000-0xf2880fff]
[    0.141960] PM: hibernation: Registered nosave memory: [mem 0xf2881000-0xf387ffff]
[    0.141961] PM: hibernation: Registered nosave memory: [mem 0xf3880000-0xf3880fff]
[    0.141961] PM: hibernation: Registered nosave memory: [mem 0xf3881000-0xf957ffff]
[    0.141962] PM: hibernation: Registered nosave memory: [mem 0xf9580000-0xf9580fff]
[    0.141962] PM: hibernation: Registered nosave memory: [mem 0xf9581000-0xfebfffff]
[    0.141962] PM: hibernation: Registered nosave memory: [mem 0xfec00000-0xfec00fff]
[    0.141963] PM: hibernation: Registered nosave memory: [mem 0xfec01000-0xfec0ffff]
[    0.141963] PM: hibernation: Registered nosave memory: [mem 0xfec10000-0xfec10fff]
[    0.141964] PM: hibernation: Registered nosave memory: [mem 0xfec11000-0xfecfffff]
[    0.141964] PM: hibernation: Registered nosave memory: [mem 0xfed00000-0xfed00fff]
[    0.141964] PM: hibernation: Registered nosave memory: [mem 0xfed01000-0xfed3ffff]
[    0.141965] PM: hibernation: Registered nosave memory: [mem 0xfed40000-0xfed44fff]
[    0.141965] PM: hibernation: Registered nosave memory: [mem 0xfed45000-0xfed7ffff]
[    0.141966] PM: hibernation: Registered nosave memory: [mem 0xfed80000-0xfed8ffff]
[    0.141966] PM: hibernation: Registered nosave memory: [mem 0xfed90000-0xfedbffff]
[    0.141966] PM: hibernation: Registered nosave memory: [mem 0xfedc0000-0xfedc0fff]
[    0.141967] PM: hibernation: Registered nosave memory: [mem 0xfedc1000-0xfedc1fff]
[    0.141967] PM: hibernation: Registered nosave memory: [mem 0xfedc2000-0xfedc8fff]
[    0.141968] PM: hibernation: Registered nosave memory: [mem 0xfedc9000-0xffffffff]
[    0.141969] PM: hibernation: Registered nosave memory: [mem 0x104fe80000-0x104fffffff]
[    0.141970] [mem 0xb0000000-0xf287ffff] available for PCI devices
[    0.141972] Booting paravirtualized kernel on bare hardware
[    0.141973] clocksource: refined-jiffies: mask: 0xffffffff max_cycles: 0xffffffff, max_idle_ns: 7645519600211568 ns
[    0.141980] setup_percpu: NR_CPUS:8192 nr_cpumask_bits:48 nr_cpu_ids:48 nr_node_ids:1
[    0.143432] percpu: Embedded 63 pages/cpu s221184 r8192 d28672 u262144
[    0.143439] pcpu-alloc: s221184 r8192 d28672 u262144 alloc=1*2097152
[    0.143441] pcpu-alloc: [0] 00 01 02 03 04 05 06 07 [0] 08 09 10 11 12 13 14 15 
[    0.143447] pcpu-alloc: [0] 16 17 18 19 20 21 22 23 [0] 24 25 26 27 28 29 30 31 
[    0.143452] pcpu-alloc: [0] 32 33 34 35 36 37 38 39 [0] 40 41 42 43 44 45 46 47 
[    0.143475] Kernel command line: BOOT_IMAGE=/boot/vmlinuz-6.6.0-rc1-snp-host-5a170ce1a082 root=UUID=81f73b6b-69f2-406e-96ec-7fba60d03b05 ro udev.event-timeout=10 quiet splash vt.handoff=7
[    0.143541] Unknown kernel command line parameters "splash BOOT_IMAGE=/boot/vmlinuz-6.6.0-rc1-snp-host-5a170ce1a082", will be passed to user space.
[    0.143566] random: crng init done
[    0.143567] printk: log_buf_len individual max cpu contribution: 4096 bytes
[    0.143568] printk: log_buf_len total cpu_extra contributions: 192512 bytes
[    0.143568] printk: log_buf_len min size: 262144 bytes
[    0.143805] printk: log_buf_len: 524288 bytes
[    0.143805] printk: early log buf free: 239608(91%)
[    0.148091] Dentry cache hash table entries: 8388608 (order: 14, 67108864 bytes, linear)
[    0.150257] Inode-cache hash table entries: 4194304 (order: 13, 33554432 bytes, linear)
[    0.150410] Fallback order for Node 0: 0 
[    0.150417] Built 1 zonelists, mobility grouping on.  Total pages: 32833461
[    0.150418] Policy zone: Normal
[    0.150424] mem auto-init: stack:off, heap alloc:on, heap free:off
[    0.150459] software IO TLB: area num 64.
[    0.330594] Memory: 130972316K/133419188K available (18432K kernel code, 3240K rwdata, 7088K rodata, 4700K init, 6228K bss, 2446616K reserved, 0K cma-reserved)
[    0.330787] SLUB: HWalign=64, Order=0-3, MinObjects=0, CPUs=48, Nodes=1
[    0.330809] ftrace: allocating 52377 entries in 205 pages
[    0.340615] ftrace: allocated 205 pages with 5 groups
[    0.340813] rcu: Hierarchical RCU implementation.
[    0.340814] rcu: 	RCU restricting CPUs from NR_CPUS=8192 to nr_cpu_ids=48.
[    0.340815] 	Rude variant of Tasks RCU enabled.
[    0.340815] 	Tracing variant of Tasks RCU enabled.
[    0.340816] rcu: RCU calculated value of scheduler-enlistment delay is 25 jiffies.
[    0.340816] rcu: Adjusting geometry for rcu_fanout_leaf=16, nr_cpu_ids=48
[    0.342754] NR_IRQS: 524544, nr_irqs: 2984, preallocated irqs: 16
[    0.342947] rcu: srcu_init: Setting srcu_struct sizes based on contention.
[    0.343037] Console: colour dummy device 80x25
[    0.343039] printk: console [tty0] enabled
[    0.343087] ACPI: Core revision 20230628
[    0.343345] clocksource: hpet: mask: 0xffffffff max_cycles: 0xffffffff, max_idle_ns: 133484873504 ns
[    0.343362] APIC: Switch to symmetric I/O mode setup
[    0.344126] AMD-Vi: Using global IVHD EFR:0x841f77e022094ace, EFR2:0x0
[    0.344715] APIC: Switched APIC routing to: physical flat
[    0.346023] ..TIMER: vector=0x30 apic1=0 pin1=2 apic2=-1 pin2=-1
[    0.363363] clocksource: tsc-early: mask: 0xffffffffffffffff max_cycles: 0x26202ba5803, max_idle_ns: 440795300607 ns
[    0.363368] Calibrating delay loop (skipped), value calculated using timer frequency.. 5289.93 BogoMIPS (lpj=10579872)
[    0.363382] x86/cpu: User Mode Instruction Prevention (UMIP) activated
[    0.363491] LVT offset 2 assigned for vector 0xf4
[    0.363522] process: using mwait in idle threads
[    0.363524] Last level iTLB entries: 4KB 512, 2MB 512, 4MB 256
[    0.363525] Last level dTLB entries: 4KB 2048, 2MB 2048, 4MB 1024, 1GB 0
[    0.363527] Spectre V1 : Mitigation: usercopy/swapgs barriers and __user pointer sanitization
[    0.363529] Spectre V2 : Mitigation: Retpolines
[    0.363530] Spectre V2 : Spectre v2 / SpectreRSB mitigation: Filling RSB on context switch
[    0.363530] Spectre V2 : Spectre v2 / SpectreRSB : Filling RSB on VMEXIT
[    0.363531] Spectre V2 : Enabling Restricted Speculation for firmware calls
[    0.363532] Spectre V2 : mitigation: Enabling conditional Indirect Branch Prediction Barrier
[    0.363533] Spectre V2 : User space: Mitigation: STIBP always-on protection
[    0.363534] Speculative Store Bypass: Mitigation: Speculative Store Bypass disabled via prctl
[    0.363535] Speculative Return Stack Overflow: Mitigation: safe RET
[    0.363539] x86/fpu: Supporting XSAVE feature 0x001: 'x87 floating point registers'
[    0.363540] x86/fpu: Supporting XSAVE feature 0x002: 'SSE registers'
[    0.363541] x86/fpu: Supporting XSAVE feature 0x004: 'AVX registers'
[    0.363541] x86/fpu: Supporting XSAVE feature 0x200: 'Protection Keys User registers'
[    0.363542] x86/fpu: Supporting XSAVE feature 0x800: 'Control-flow User registers'
[    0.363543] x86/fpu: xstate_offset[2]:  576, xstate_sizes[2]:  256
[    0.363544] x86/fpu: xstate_offset[9]:  832, xstate_sizes[9]:    8
[    0.363545] x86/fpu: xstate_offset[11]:  840, xstate_sizes[11]:   16
[    0.363546] x86/fpu: Enabled xstate features 0xa07, context size is 856 bytes, using 'compacted' format.
[    0.388976] Freeing SMP alternatives memory: 44K
[    0.388980] pid_max: default: 49152 minimum: 384
[    0.391419] LSM: initializing lsm=lockdown,capability,landlock,yama,apparmor,integrity
[    0.391446] landlock: Up and running.
[    0.391447] Yama: becoming mindful.
[    0.391464] AppArmor: AppArmor initialized
[    0.391564] Mount-cache hash table entries: 131072 (order: 8, 1048576 bytes, linear)
[    0.391619] Mountpoint-cache hash table entries: 131072 (order: 8, 1048576 bytes, linear)
[    0.500311] smpboot: CPU0: AMD EPYC 7413 24-Core Processor (family: 0x19, model: 0x1, stepping: 0x1)
[    0.500483] RCU Tasks Rude: Setting shift to 6 and lim to 1 rcu_task_cb_adjust=1.
[    0.500501] RCU Tasks Trace: Setting shift to 6 and lim to 1 rcu_task_cb_adjust=1.
[    0.500519] Performance Events: Fam17h+ 16-deep BRS, core perfctr, AMD PMU driver.
[    0.500550] ... version:                0
[    0.500551] ... bit width:              48
[    0.500552] ... generic registers:      6
[    0.500553] ... value mask:             0000ffffffffffff
[    0.500554] ... max period:             00007fffffffffff
[    0.500555] ... fixed-purpose events:   0
[    0.500556] ... event mask:             000000000000003f
[    0.500649] signal: max sigframe size: 3376
[    0.500678] rcu: Hierarchical SRCU implementation.
[    0.500679] rcu: 	Max phase no-delay instances is 1000.
[    0.501048] NMI watchdog: Enabled. Permanently consumes one hw-PMU counter.
[    0.501389] smp: Bringing up secondary CPUs ...
[    0.501499] smpboot: x86: Booting SMP configuration:
[    0.501500] .... node  #0, CPUs:        #1  #2  #3  #4  #5  #6  #7  #8  #9 #10 #11 #12 #13 #14 #15 #16 #17 #18 #19 #20 #21 #22 #23
[    0.517367] TSC synchronization [CPU#0 -> CPU#6]:
[    0.517369] Measured 1140 cycles TSC warp between CPUs, turning off TSC clock.
[    0.517370] tsc: Marking TSC unstable due to check_tsc_sync_source failed
[    0.519495]  #24 #25 #26 #27 #28 #29 #30 #31 #32 #33 #34 #35 #36 #37 #38 #39 #40 #41 #42 #43 #44 #45 #46 #47
[    0.525061] Spectre V2 : Update user space SMT mitigation: STIBP always-on
[    0.527482] smp: Brought up 1 node, 48 CPUs
[    0.527482] smpboot: Max logical packages: 1
[    0.527482] smpboot: Total of 48 processors activated (253916.92 BogoMIPS)
[    0.537909] devtmpfs: initialized
[    0.537909] x86/mm: Memory block size: 2048MB
[    0.539775] ACPI: PM: Registering ACPI NVS region [mem 0x30000000-0x3000afff] (45056 bytes)
[    0.539775] ACPI: PM: Registering ACPI NVS region [mem 0xaa653000-0xaaad3fff] (4722688 bytes)
[    0.539775] clocksource: jiffies: mask: 0xffffffff max_cycles: 0xffffffff, max_idle_ns: 7645041785100000 ns
[    0.539775] futex hash table entries: 16384 (order: 8, 1048576 bytes, linear)
[    0.539812] pinctrl core: initialized pinctrl subsystem
[    0.539906] PM: RTC time: 00:14:18, date: 2023-12-25
[    0.540323] NET: Registered PF_NETLINK/PF_ROUTE protocol family
[    0.540721] DMA: preallocated 4096 KiB GFP_KERNEL pool for atomic allocations
[    0.540925] DMA: preallocated 4096 KiB GFP_KERNEL|GFP_DMA pool for atomic allocations
[    0.541127] DMA: preallocated 4096 KiB GFP_KERNEL|GFP_DMA32 pool for atomic allocations
[    0.541136] audit: initializing netlink subsys (disabled)
[    0.541143] audit: type=2000 audit(1703463258.196:1): state=initialized audit_enabled=0 res=1
[    0.541143] thermal_sys: Registered thermal governor 'fair_share'
[    0.541143] thermal_sys: Registered thermal governor 'bang_bang'
[    0.541143] thermal_sys: Registered thermal governor 'step_wise'
[    0.541143] thermal_sys: Registered thermal governor 'user_space'
[    0.541143] thermal_sys: Registered thermal governor 'power_allocator'
[    0.541143] EISA bus registered
[    0.541143] cpuidle: using governor ladder
[    0.541143] cpuidle: using governor menu
[    0.541143] Detected 1 PCC Subspaces
[    0.541143] Registering PCC driver as Mailbox controller
[    0.541143] acpiphp: ACPI Hot Plug PCI Controller Driver version: 0.5
[    0.541143] PCI: MMCONFIG for domain 0000 [bus 00-ff] at [mem 0xe0000000-0xefffffff] (base 0xe0000000)
[    0.541143] PCI: not using MMCONFIG
[    0.541143] PCI: Using configuration type 1 for base access
[    0.541143] PCI: Using configuration type 1 for extended access
[    0.544456] kprobes: kprobe jump-optimization is enabled. All kprobes are optimized if possible.
[    0.544462] HugeTLB: registered 1.00 GiB page size, pre-allocated 0 pages
[    0.544462] HugeTLB: 16380 KiB vmemmap can be freed for a 1.00 GiB page
[    0.544462] HugeTLB: registered 2.00 MiB page size, pre-allocated 0 pages
[    0.544462] HugeTLB: 28 KiB vmemmap can be freed for a 2.00 MiB page
[    0.567582] ACPI: Added _OSI(Module Device)
[    0.567584] ACPI: Added _OSI(Processor Device)
[    0.567586] ACPI: Added _OSI(3.0 _SCP Extensions)
[    0.567587] ACPI: Added _OSI(Processor Aggregator Device)
[    0.611338] ACPI: 7 ACPI AML tables successfully acquired and loaded
[    0.620597] ACPI: _OSC evaluation for CPUs failed, trying _PDC
[    0.625313] ACPI: Interpreter enabled
[    0.625330] ACPI: PM: (supports S0 S5)
[    0.625331] ACPI: Using IOAPIC for interrupt routing
[    0.628425] PCI: MMCONFIG for domain 0000 [bus 00-ff] at [mem 0xe0000000-0xefffffff] (base 0xe0000000)
[    0.628706] PCI: MMCONFIG at [mem 0xe0000000-0xefffffff] reserved as ACPI motherboard resource
[    0.684971] HEST: Table parsing has been initialized.
[    0.703742] GHES: APEI firmware first mode is enabled by APEI bit.
[    0.703747] PCI: Using host bridge windows from ACPI; if necessary, use "pci=nocrs" and report a bug
[    0.703749] PCI: Using E820 reservations for host bridge windows
[    0.705557] ACPI: Enabled 3 GPEs in block 00 to 1F
[    0.708695] ACPI: \_SB_.S0D0.C001.SATA.P0SA: New power resource
[    0.708740] ACPI: \_SB_.S0D0.C001.SATA.P3SA: New power resource
[    0.709507] ACPI: \_SB_.S0D0.C002.SATA.P0SA: New power resource
[    0.709549] ACPI: \_SB_.S0D0.C002.SATA.P3SA: New power resource
[    0.712621] ACPI: \_SB_.S0D1.C011.SATA.P0SA: New power resource
[    0.712669] ACPI: \_SB_.S0D1.C011.SATA.P3SA: New power resource
[    0.713420] ACPI: \_SB_.S0D1.C012.SATA.P0SA: New power resource
[    0.713463] ACPI: \_SB_.S0D1.C012.SATA.P3SA: New power resource
[    0.716606] ACPI: \_SB_.S0D2.C021.SATA.P0SA: New power resource
[    0.716649] ACPI: \_SB_.S0D2.C021.SATA.P3SA: New power resource
[    0.717399] ACPI: \_SB_.S0D2.C022.SATA.P0SA: New power resource
[    0.717441] ACPI: \_SB_.S0D2.C022.SATA.P3SA: New power resource
[    0.721162] ACPI: \_SB_.PCI0.C031.SATA.P0SA: New power resource
[    0.721205] ACPI: \_SB_.PCI0.C031.SATA.P3SA: New power resource
[    0.721952] ACPI: \_SB_.PCI0.C032.SATA.P0SA: New power resource
[    0.722001] ACPI: \_SB_.PCI0.C032.SATA.P3SA: New power resource
[    0.729571] ACPI: \_SB_.S1D0.C101.SATA.P0SA: New power resource
[    0.729614] ACPI: \_SB_.S1D0.C101.SATA.P3SA: New power resource
[    0.730418] ACPI: \_SB_.S1D0.C102.SATA.P0SA: New power resource
[    0.730462] ACPI: \_SB_.S1D0.C102.SATA.P3SA: New power resource
[    0.733156] ACPI: \_SB_.S1D1.C111.SATA.P0SA: New power resource
[    0.733198] ACPI: \_SB_.S1D1.C111.SATA.P3SA: New power resource
[    0.733964] ACPI: \_SB_.S1D1.C112.SATA.P0SA: New power resource
[    0.734012] ACPI: \_SB_.S1D1.C112.SATA.P3SA: New power resource
[    0.736698] ACPI: \_SB_.S1D2.C121.SATA.P0SA: New power resource
[    0.736742] ACPI: \_SB_.S1D2.C121.SATA.P3SA: New power resource
[    0.737507] ACPI: \_SB_.S1D2.C122.SATA.P0SA: New power resource
[    0.737549] ACPI: \_SB_.S1D2.C122.SATA.P3SA: New power resource
[    0.740217] ACPI: \_SB_.S1D3.C131.SATA.P0SA: New power resource
[    0.740261] ACPI: \_SB_.S1D3.C131.SATA.P3SA: New power resource
[    0.741030] ACPI: \_SB_.S1D3.C132.SATA.P0SA: New power resource
[    0.741080] ACPI: \_SB_.S1D3.C132.SATA.P3SA: New power resource
[    0.747996] ACPI: PCI Root Bridge [S0D0] (domain 0000 [bus c0-ff])
[    0.748003] acpi PNP0A08:00: _OSC: OS supports [ExtendedConfig ASPM ClockPM Segments MSI EDR HPX-Type3]
[    0.748195] acpi PNP0A08:00: _OSC: platform does not support [AER LTR DPC]
[    0.748540] acpi PNP0A08:00: _OSC: OS now controls [PCIeHotplug SHPCHotplug PME PCIeCapability]
[    0.749219] PCI host bridge to bus 0000:c0
[    0.749222] pci_bus 0000:c0: root bus resource [io  0x03b0-0x03df window]
[    0.749224] pci_bus 0000:c0: root bus resource [io  0x7000-0xffff window]
[    0.749226] pci_bus 0000:c0: root bus resource [mem 0x000a0000-0x000bffff window]
[    0.749228] pci_bus 0000:c0: root bus resource [mem 0xb0000000-0xb6bfffff window]
[    0.749230] pci_bus 0000:c0: root bus resource [mem 0x10020200000-0x180201fffff window]
[    0.749232] pci_bus 0000:c0: root bus resource [bus c0-ff]
[    0.749249] pci 0000:c0:00.0: [1022:1480] type 00 class 0x060000
[    0.749352] pci 0000:c0:00.2: [1022:164f] type 00 class 0x080600
[    0.749483] pci 0000:c0:01.0: [1022:1482] type 00 class 0x060000
[    0.749560] pci 0000:c0:01.2: [1022:1483] type 01 class 0x060400
[    0.749638] pci 0000:c0:01.2: PME# supported from D0 D3hot D3cold
[    0.749795] pci 0000:c0:02.0: [1022:1482] type 00 class 0x060000
[    0.749867] pci 0000:c0:03.0: [1022:1482] type 00 class 0x060000
[    0.749944] pci 0000:c0:03.1: [1022:1483] type 01 class 0x060400
[    0.750021] pci 0000:c0:03.1: PME# supported from D0 D3hot D3cold
[    0.750177] pci 0000:c0:03.2: [1022:1483] type 01 class 0x060400
[    0.750254] pci 0000:c0:03.2: PME# supported from D0 D3hot D3cold
[    0.750408] pci 0000:c0:03.3: [1022:1483] type 01 class 0x060400
[    0.750484] pci 0000:c0:03.3: PME# supported from D0 D3hot D3cold
[    0.750640] pci 0000:c0:04.0: [1022:1482] type 00 class 0x060000
[    0.750713] pci 0000:c0:05.0: [1022:1482] type 00 class 0x060000
[    0.750785] pci 0000:c0:07.0: [1022:1482] type 00 class 0x060000
[    0.750859] pci 0000:c0:07.1: [1022:1484] type 01 class 0x060400
[    0.750886] pci 0000:c0:07.1: enabling Extended Tags
[    0.750930] pci 0000:c0:07.1: PME# supported from D0 D3hot D3cold
[    0.751081] pci 0000:c0:08.0: [1022:1482] type 00 class 0x060000
[    0.751157] pci 0000:c0:08.1: [1022:1484] type 01 class 0x060400
[    0.751185] pci 0000:c0:08.1: enabling Extended Tags
[    0.751233] pci 0000:c0:08.1: PME# supported from D0 D3hot D3cold
[    0.751457] pci 0000:c1:00.0: [10ec:8125] type 00 class 0x020000
[    0.751472] pci 0000:c1:00.0: reg 0x10: [io  0xf000-0xf0ff]
[    0.751490] pci 0000:c1:00.0: reg 0x18: [mem 0xb4770000-0xb477ffff 64bit]
[    0.751502] pci 0000:c1:00.0: reg 0x20: [mem 0xb479c000-0xb479ffff 64bit]
[    0.751602] pci 0000:c1:00.0: supports D1 D2
[    0.751603] pci 0000:c1:00.0: PME# supported from D0 D1 D2 D3hot D3cold
[    0.751650] pci 0000:c1:00.0: reg 0x1b4: [mem 0xb4700000-0xb470ffff 64bit]
[    0.751652] pci 0000:c1:00.0: VF(n) BAR2 space: [mem 0xb4700000-0xb476ffff 64bit] (contains BAR2 for 7 VFs)
[    0.751663] pci 0000:c1:00.0: reg 0x1bc: [mem 0xb4780000-0xb4783fff 64bit]
[    0.751665] pci 0000:c1:00.0: VF(n) BAR4 space: [mem 0xb4780000-0xb479bfff 64bit] (contains BAR4 for 7 VFs)
[    0.751890] pci 0000:c0:01.2: PCI bridge to [bus c1]
[    0.751895] pci 0000:c0:01.2:   bridge window [io  0xf000-0xffff]
[    0.751898] pci 0000:c0:01.2:   bridge window [mem 0xb4700000-0xb47fffff]
[    0.752105] pci 0000:c2:00.0: [15b3:1017] type 00 class 0x020000
[    0.752257] pci 0000:c2:00.0: reg 0x10: [mem 0x1801c000000-0x1801dffffff 64bit pref]
[    0.752491] pci 0000:c2:00.0: reg 0x30: [mem 0xb4300000-0xb43fffff pref]
[    0.753228] pci 0000:c2:00.0: PME# supported from D3cold
[    0.753519] pci 0000:c2:00.0: reg 0x1a4: [mem 0x1801e800000-0x1801e8fffff 64bit pref]
[    0.753521] pci 0000:c2:00.0: VF(n) BAR0 space: [mem 0x1801e800000-0x1801effffff 64bit pref] (contains BAR0 for 8 VFs)
[    0.755202] pci 0000:c2:00.1: [15b3:1017] type 00 class 0x020000
[    0.755352] pci 0000:c2:00.1: reg 0x10: [mem 0x1801a000000-0x1801bffffff 64bit pref]
[    0.755580] pci 0000:c2:00.1: reg 0x30: [mem 0xb4200000-0xb42fffff pref]
[    0.756265] pci 0000:c2:00.1: PME# supported from D3cold
[    0.756539] pci 0000:c2:00.1: reg 0x1a4: [mem 0x1801e000000-0x1801e0fffff 64bit pref]
[    0.756541] pci 0000:c2:00.1: VF(n) BAR0 space: [mem 0x1801e000000-0x1801e7fffff 64bit pref] (contains BAR0 for 8 VFs)
[    0.757978] pci 0000:c0:03.1: PCI bridge to [bus c2]
[    0.757984] pci 0000:c0:03.1:   bridge window [mem 0xb4200000-0xb43fffff]
[    0.757988] pci 0000:c0:03.1:   bridge window [mem 0x1801a000000-0x1801effffff 64bit pref]
[    0.758059] pci 0000:c3:00.0: [1a03:1150] type 01 class 0x060400
[    0.758196] pci 0000:c3:00.0: supports D1 D2
[    0.758198] pci 0000:c3:00.0: PME# supported from D0 D1 D2 D3hot D3cold
[    0.767388] pci 0000:c0:03.2: PCI bridge to [bus c3-c4]
[    0.767395] pci 0000:c0:03.2:   bridge window [io  0xe000-0xefff]
[    0.767400] pci 0000:c0:03.2:   bridge window [mem 0xb0000000-0xb40fffff]
[    0.767454] pci_bus 0000:c4: extended config space not accessible
[    0.767499] pci 0000:c4:00.0: [1a03:2000] type 00 class 0x030000
[    0.767528] pci 0000:c4:00.0: reg 0x10: [mem 0xb0000000-0xb3ffffff]
[    0.767545] pci 0000:c4:00.0: reg 0x14: [mem 0xb4000000-0xb401ffff]
[    0.767561] pci 0000:c4:00.0: reg 0x18: [io  0xe000-0xe07f]
[    0.767634] pci 0000:c4:00.0: BAR 0: assigned to efifb
[    0.767646] pci 0000:c4:00.0: Video device with shadowed ROM at [mem 0x000c0000-0x000dffff]
[    0.767697] pci 0000:c4:00.0: supports D1 D2
[    0.767700] pci 0000:c4:00.0: PME# supported from D0 D1 D2 D3hot D3cold
[    0.767861] pci 0000:c3:00.0: PCI bridge to [bus c4]
[    0.767871] pci 0000:c3:00.0:   bridge window [io  0xe000-0xefff]
[    0.767877] pci 0000:c3:00.0:   bridge window [mem 0xb0000000-0xb40fffff]
[    0.770601] pci 0000:c5:00.0: [8086:1521] type 00 class 0x020000
[    0.771677] pci 0000:c5:00.0: reg 0x10: [mem 0xb4620000-0xb463ffff]
[    0.772704] pci 0000:c5:00.0: reg 0x18: [io  0xd020-0xd03f]
[    0.773263] pci 0000:c5:00.0: reg 0x1c: [mem 0xb46c4000-0xb46c7fff]
[    0.782342] pci 0000:c5:00.0: PME# supported from D0 D3hot D3cold
[    0.784967] pci 0000:c5:00.0: reg 0x184: [mem 0xb46a0000-0xb46a3fff]
[    0.784969] pci 0000:c5:00.0: VF(n) BAR0 space: [mem 0xb46a0000-0xb46bffff] (contains BAR0 for 8 VFs)
[    0.786523] pci 0000:c5:00.0: reg 0x190: [mem 0xb4680000-0xb4683fff]
[    0.786525] pci 0000:c5:00.0: VF(n) BAR3 space: [mem 0xb4680000-0xb469ffff] (contains BAR3 for 8 VFs)
[    0.804047] pci 0000:c5:00.1: [8086:1521] type 00 class 0x020000
[    0.805167] pci 0000:c5:00.1: reg 0x10: [mem 0xb4600000-0xb461ffff]
[    0.806175] pci 0000:c5:00.1: reg 0x18: [io  0xd000-0xd01f]
[    0.806706] pci 0000:c5:00.1: reg 0x1c: [mem 0xb46c0000-0xb46c3fff]
[    0.815467] pci 0000:c5:00.1: PME# supported from D0 D3hot D3cold
[    0.817817] pci 0000:c5:00.1: reg 0x184: [mem 0xb4660000-0xb4663fff]
[    0.817819] pci 0000:c5:00.1: VF(n) BAR0 space: [mem 0xb4660000-0xb467ffff] (contains BAR0 for 8 VFs)
[    0.819366] pci 0000:c5:00.1: reg 0x190: [mem 0xb4640000-0xb4643fff]
[    0.819368] pci 0000:c5:00.1: VF(n) BAR3 space: [mem 0xb4640000-0xb465ffff] (contains BAR3 for 8 VFs)
[    0.834400] pci 0000:c0:03.3: PCI bridge to [bus c5]
[    0.834404] pci 0000:c0:03.3:   bridge window [io  0xd000-0xdfff]
[    0.834407] pci 0000:c0:03.3:   bridge window [mem 0xb4600000-0xb46fffff]
[    0.834484] pci 0000:c6:00.0: [1022:148a] type 00 class 0x130000
[    0.834517] pci 0000:c6:00.0: enabling Extended Tags
[    0.834707] pci 0000:c6:00.2: [1022:1498] type 00 class 0x108000
[    0.834723] pci 0000:c6:00.2: reg 0x18: [mem 0xb4500000-0xb457ffff]
[    0.834735] pci 0000:c6:00.2: reg 0x24: [mem 0xb4580000-0xb4581fff]
[    0.834744] pci 0000:c6:00.2: enabling Extended Tags
[    0.834923] pci 0000:c0:07.1: PCI bridge to [bus c6]
[    0.834929] pci 0000:c0:07.1:   bridge window [mem 0xb4500000-0xb45fffff]
[    0.835024] pci 0000:c7:00.0: [1022:1485] type 00 class 0x130000
[    0.835059] pci 0000:c7:00.0: enabling Extended Tags
[    0.835260] pci 0000:c7:00.2: [1022:1498] type 00 class 0x108000
[    0.835278] pci 0000:c7:00.2: reg 0x18: [mem 0xb4400000-0xb447ffff]
[    0.835290] pci 0000:c7:00.2: reg 0x24: [mem 0xb4480000-0xb4481fff]
[    0.835300] pci 0000:c7:00.2: enabling Extended Tags
[    0.835496] pci 0000:c0:08.1: PCI bridge to [bus c7]
[    0.835502] pci 0000:c0:08.1:   bridge window [mem 0xb4400000-0xb44fffff]
[    0.836510] ACPI: PCI Root Bridge [S0D1] (domain 0000 [bus 80-bf])
[    0.836515] acpi PNP0A08:01: _OSC: OS supports [ExtendedConfig ASPM ClockPM Segments MSI EDR HPX-Type3]
[    0.836705] acpi PNP0A08:01: _OSC: platform does not support [AER LTR DPC]
[    0.837052] acpi PNP0A08:01: _OSC: OS now controls [PCIeHotplug SHPCHotplug PME PCIeCapability]
[    0.837616] PCI host bridge to bus 0000:80
[    0.837618] pci_bus 0000:80: root bus resource [io  0x5000-0x6fff window]
[    0.837621] pci_bus 0000:80: root bus resource [mem 0xf4700000-0xf70fffff window]
[    0.837622] pci_bus 0000:80: root bus resource [mem 0x18050200000-0x200501fffff window]
[    0.837624] pci_bus 0000:80: root bus resource [bus 80-bf]
[    0.837638] pci 0000:80:00.0: [1022:1480] type 00 class 0x060000
[    0.837726] pci 0000:80:00.2: [1022:164f] type 00 class 0x080600
[    0.837852] pci 0000:80:01.0: [1022:1482] type 00 class 0x060000
[    0.837925] pci 0000:80:02.0: [1022:1482] type 00 class 0x060000
[    0.837997] pci 0000:80:03.0: [1022:1482] type 00 class 0x060000
[    0.838071] pci 0000:80:03.1: [1022:1483] type 01 class 0x060400
[    0.838148] pci 0000:80:03.1: PME# supported from D0 D3hot D3cold
[    0.838303] pci 0000:80:04.0: [1022:1482] type 00 class 0x060000
[    0.838378] pci 0000:80:05.0: [1022:1482] type 00 class 0x060000
[    0.838450] pci 0000:80:07.0: [1022:1482] type 00 class 0x060000
[    0.838523] pci 0000:80:07.1: [1022:1484] type 01 class 0x060400
[    0.838551] pci 0000:80:07.1: enabling Extended Tags
[    0.838595] pci 0000:80:07.1: PME# supported from D0 D3hot D3cold
[    0.838746] pci 0000:80:08.0: [1022:1482] type 00 class 0x060000
[    0.838821] pci 0000:80:08.1: [1022:1484] type 01 class 0x060400
[    0.838849] pci 0000:80:08.1: enabling Extended Tags
[    0.838895] pci 0000:80:08.1: PME# supported from D0 D3hot D3cold
[    0.839054] pci 0000:80:08.3: [1022:1484] type 01 class 0x060400
[    0.839083] pci 0000:80:08.3: enabling Extended Tags
[    0.839129] pci 0000:80:08.3: PME# supported from D0 D3hot D3cold
[    0.839343] pci 0000:81:00.0: [8086:10fb] type 00 class 0x020000
[    0.839359] pci 0000:81:00.0: reg 0x10: [mem 0xf6880000-0xf68fffff 64bit]
[    0.839367] pci 0000:81:00.0: reg 0x18: [io  0x6020-0x603f]
[    0.839380] pci 0000:81:00.0: reg 0x20: [mem 0xf6d04000-0xf6d07fff 64bit]
[    0.839387] pci 0000:81:00.0: reg 0x30: [mem 0xf6800000-0xf687ffff pref]
[    0.839443] pci 0000:81:00.0: PME# supported from D0 D3hot
[    0.839469] pci 0000:81:00.0: reg 0x184: [mem 0xf6c00000-0xf6c03fff 64bit]
[    0.839471] pci 0000:81:00.0: VF(n) BAR0 space: [mem 0xf6c00000-0xf6cfffff 64bit] (contains BAR0 for 64 VFs)
[    0.839483] pci 0000:81:00.0: reg 0x190: [mem 0xf6b00000-0xf6b03fff 64bit]
[    0.839484] pci 0000:81:00.0: VF(n) BAR3 space: [mem 0xf6b00000-0xf6bfffff 64bit] (contains BAR3 for 64 VFs)
[    0.839733] pci 0000:81:00.1: [8086:10fb] type 00 class 0x020000
[    0.839748] pci 0000:81:00.1: reg 0x10: [mem 0xf6780000-0xf67fffff 64bit]
[    0.839754] pci 0000:81:00.1: reg 0x18: [io  0x6000-0x601f]
[    0.839767] pci 0000:81:00.1: reg 0x20: [mem 0xf6d00000-0xf6d03fff 64bit]
[    0.839773] pci 0000:81:00.1: reg 0x30: [mem 0xf6700000-0xf677ffff pref]
[    0.839829] pci 0000:81:00.1: PME# supported from D0 D3hot
[    0.839850] pci 0000:81:00.1: reg 0x184: [mem 0xf6a00000-0xf6a03fff 64bit]
[    0.839852] pci 0000:81:00.1: VF(n) BAR0 space: [mem 0xf6a00000-0xf6afffff 64bit] (contains BAR0 for 64 VFs)
[    0.839864] pci 0000:81:00.1: reg 0x190: [mem 0xf6900000-0xf6903fff 64bit]
[    0.839866] pci 0000:81:00.1: VF(n) BAR3 space: [mem 0xf6900000-0xf69fffff 64bit] (contains BAR3 for 64 VFs)
[    0.840102] pci 0000:80:03.1: PCI bridge to [bus 81]
[    0.840107] pci 0000:80:03.1:   bridge window [io  0x6000-0x6fff]
[    0.840109] pci 0000:80:03.1:   bridge window [mem 0xf6700000-0xf6dfffff]
[    0.840186] pci 0000:82:00.0: [1022:148a] type 00 class 0x130000
[    0.840219] pci 0000:82:00.0: enabling Extended Tags
[    0.840404] pci 0000:82:00.2: [1022:1498] type 00 class 0x108000
[    0.840420] pci 0000:82:00.2: reg 0x18: [mem 0xf7000000-0xf707ffff]
[    0.840432] pci 0000:82:00.2: reg 0x24: [mem 0xf7080000-0xf7081fff]
[    0.840441] pci 0000:82:00.2: enabling Extended Tags
[    0.840617] pci 0000:80:07.1: PCI bridge to [bus 82]
[    0.840622] pci 0000:80:07.1:   bridge window [mem 0xf7000000-0xf70fffff]
[    0.840717] pci 0000:83:00.0: [1022:1485] type 00 class 0x130000
[    0.840752] pci 0000:83:00.0: enabling Extended Tags
[    0.840948] pci 0000:83:00.2: [1022:1498] type 00 class 0x108000
[    0.840966] pci 0000:83:00.2: reg 0x18: [mem 0xf6f00000-0xf6f7ffff]
[    0.840978] pci 0000:83:00.2: reg 0x24: [mem 0xf6f80000-0xf6f81fff]
[    0.840988] pci 0000:83:00.2: enabling Extended Tags
[    0.841174] pci 0000:80:08.1: PCI bridge to [bus 83]
[    0.841180] pci 0000:80:08.1:   bridge window [mem 0xf6f00000-0xf6ffffff]
[    0.841244] pci 0000:84:00.0: [1022:7901] type 00 class 0x010601
[    0.841280] pci 0000:84:00.0: reg 0x24: [mem 0xf6e00000-0xf6e007ff]
[    0.841291] pci 0000:84:00.0: enabling Extended Tags
[    0.841351] pci 0000:84:00.0: PME# supported from D3hot D3cold
[    0.841525] pci 0000:80:08.3: PCI bridge to [bus 84]
[    0.841531] pci 0000:80:08.3:   bridge window [mem 0xf6e00000-0xf6efffff]
[    0.842486] ACPI: PCI Root Bridge [S0D2] (domain 0000 [bus 40-7f])
[    0.842491] acpi PNP0A08:02: _OSC: OS supports [ExtendedConfig ASPM ClockPM Segments MSI EDR HPX-Type3]
[    0.842681] acpi PNP0A08:02: _OSC: platform does not support [AER LTR DPC]
[    0.843029] acpi PNP0A08:02: _OSC: OS now controls [PCIeHotplug SHPCHotplug PME PCIeCapability]
[    0.843603] PCI host bridge to bus 0000:40
[    0.843605] pci_bus 0000:40: root bus resource [io  0x4000-0x4fff window]
[    0.843607] pci_bus 0000:40: root bus resource [mem 0xf0000000-0xf26fffff window]
[    0.843609] pci_bus 0000:40: root bus resource [mem 0x20080200000-0x280801fffff window]
[    0.843611] pci_bus 0000:40: root bus resource [bus 40-7f]
[    0.843625] pci 0000:40:00.0: [1022:1480] type 00 class 0x060000
[    0.843710] pci 0000:40:00.2: [1022:164f] type 00 class 0x080600
[    0.843837] pci 0000:40:01.0: [1022:1482] type 00 class 0x060000
[    0.843914] pci 0000:40:01.2: [1022:1483] type 01 class 0x060400
[    0.843993] pci 0000:40:01.2: PME# supported from D0 D3hot D3cold
[    0.844147] pci 0000:40:02.0: [1022:1482] type 00 class 0x060000
[    0.844219] pci 0000:40:03.0: [1022:1482] type 00 class 0x060000
[    0.844290] pci 0000:40:04.0: [1022:1482] type 00 class 0x060000
[    0.844361] pci 0000:40:05.0: [1022:1482] type 00 class 0x060000
[    0.844433] pci 0000:40:07.0: [1022:1482] type 00 class 0x060000
[    0.844506] pci 0000:40:07.1: [1022:1484] type 01 class 0x060400
[    0.844534] pci 0000:40:07.1: enabling Extended Tags
[    0.844577] pci 0000:40:07.1: PME# supported from D0 D3hot D3cold
[    0.844728] pci 0000:40:08.0: [1022:1482] type 00 class 0x060000
[    0.844805] pci 0000:40:08.1: [1022:1484] type 01 class 0x060400
[    0.844833] pci 0000:40:08.1: enabling Extended Tags
[    0.844879] pci 0000:40:08.1: PME# supported from D0 D3hot D3cold
[    0.845038] pci 0000:40:08.2: [1022:1484] type 01 class 0x060400
[    0.845066] pci 0000:40:08.2: enabling Extended Tags
[    0.845111] pci 0000:40:08.2: PME# supported from D0 D3hot D3cold
[    0.845259] pci 0000:40:08.3: [1022:1484] type 01 class 0x060400
[    0.845286] pci 0000:40:08.3: enabling Extended Tags
[    0.845331] pci 0000:40:08.3: PME# supported from D0 D3hot D3cold
[    0.845641] pci 0000:41:00.0: [144d:a808] type 00 class 0x010802
[    0.845661] pci 0000:41:00.0: reg 0x10: [mem 0xf2600000-0xf2603fff 64bit]
[    0.845901] pci 0000:40:01.2: PCI bridge to [bus 41]
[    0.845906] pci 0000:40:01.2:   bridge window [mem 0xf2600000-0xf26fffff]
[    0.845984] pci 0000:42:00.0: [1022:148a] type 00 class 0x130000
[    0.846016] pci 0000:42:00.0: enabling Extended Tags
[    0.846199] pci 0000:42:00.2: [1022:1498] type 00 class 0x108000
[    0.846215] pci 0000:42:00.2: reg 0x18: [mem 0xf2500000-0xf257ffff]
[    0.846227] pci 0000:42:00.2: reg 0x24: [mem 0xf2580000-0xf2581fff]
[    0.846235] pci 0000:42:00.2: enabling Extended Tags
[    0.846409] pci 0000:40:07.1: PCI bridge to [bus 42]
[    0.846415] pci 0000:40:07.1:   bridge window [mem 0xf2500000-0xf25fffff]
[    0.846511] pci 0000:43:00.0: [1022:1485] type 00 class 0x130000
[    0.846545] pci 0000:43:00.0: enabling Extended Tags
[    0.846740] pci 0000:43:00.1: [1022:1486] type 00 class 0x108000
[    0.846757] pci 0000:43:00.1: reg 0x18: [mem 0xf2100000-0xf21fffff]
[    0.846769] pci 0000:43:00.1: reg 0x24: [mem 0xf2282000-0xf2283fff]
[    0.846779] pci 0000:43:00.1: enabling Extended Tags
[    0.846951] pci 0000:43:00.2: [1022:1498] type 00 class 0x108000
[    0.846968] pci 0000:43:00.2: reg 0x18: [mem 0xf2200000-0xf227ffff]
[    0.846981] pci 0000:43:00.2: reg 0x24: [mem 0xf2280000-0xf2281fff]
[    0.846990] pci 0000:43:00.2: enabling Extended Tags
[    0.847159] pci 0000:43:00.3: [1022:148c] type 00 class 0x0c0330
[    0.847174] pci 0000:43:00.3: reg 0x10: [mem 0xf2000000-0xf20fffff 64bit]
[    0.847205] pci 0000:43:00.3: enabling Extended Tags
[    0.847254] pci 0000:43:00.3: PME# supported from D0 D3hot D3cold
[    0.847419] pci 0000:40:08.1: PCI bridge to [bus 43]
[    0.847425] pci 0000:40:08.1:   bridge window [mem 0xf2000000-0xf22fffff]
[    0.847488] pci 0000:44:00.0: [1022:7901] type 00 class 0x010601
[    0.847524] pci 0000:44:00.0: reg 0x24: [mem 0xf2400000-0xf24007ff]
[    0.847535] pci 0000:44:00.0: enabling Extended Tags
[    0.847594] pci 0000:44:00.0: PME# supported from D3hot D3cold
[    0.847769] pci 0000:40:08.2: PCI bridge to [bus 44]
[    0.847774] pci 0000:40:08.2:   bridge window [mem 0xf2400000-0xf24fffff]
[    0.847835] pci 0000:45:00.0: [1022:7901] type 00 class 0x010601
[    0.847872] pci 0000:45:00.0: reg 0x24: [mem 0xf2300000-0xf23007ff]
[    0.847883] pci 0000:45:00.0: enabling Extended Tags
[    0.847942] pci 0000:45:00.0: PME# supported from D3hot D3cold
[    0.848115] pci 0000:40:08.3: PCI bridge to [bus 45]
[    0.848121] pci 0000:40:08.3:   bridge window [mem 0xf2300000-0xf23fffff]
[    0.849153] ACPI: PCI Root Bridge [PCI0] (domain 0000 [bus 00-3f])
[    0.849158] acpi PNP0A08:03: _OSC: OS supports [ExtendedConfig ASPM ClockPM Segments MSI EDR HPX-Type3]
[    0.849349] acpi PNP0A08:03: _OSC: platform does not support [AER LTR DPC]
[    0.849699] acpi PNP0A08:03: _OSC: OS now controls [PCIeHotplug SHPCHotplug PME PCIeCapability]
[    0.850424] PCI host bridge to bus 0000:00
[    0.850426] pci_bus 0000:00: root bus resource [io  0x0000-0x03af window]
[    0.850428] pci_bus 0000:00: root bus resource [io  0x03e0-0x0cf7 window]
[    0.850430] pci_bus 0000:00: root bus resource [io  0x1000-0x3fff window]
[    0.850432] pci_bus 0000:00: root bus resource [mem 0x000c0000-0x000dffff window]
[    0.850434] pci_bus 0000:00: root bus resource [mem 0xf7100000-0xf93fffff window]
[    0.850436] pci_bus 0000:00: root bus resource [mem 0x280b0200000-0x380b01fffff window]
[    0.850438] pci_bus 0000:00: root bus resource [bus 00-3f]
[    0.850452] pci 0000:00:00.0: [1022:1480] type 00 class 0x060000
[    0.850542] pci 0000:00:00.2: [1022:164f] type 00 class 0x080600
[    0.850673] pci 0000:00:01.0: [1022:1482] type 00 class 0x060000
[    0.850753] pci 0000:00:02.0: [1022:1482] type 00 class 0x060000
[    0.850832] pci 0000:00:03.0: [1022:1482] type 00 class 0x060000
[    0.850910] pci 0000:00:04.0: [1022:1482] type 00 class 0x060000
[    0.850987] pci 0000:00:05.0: [1022:1482] type 00 class 0x060000
[    0.851068] pci 0000:00:07.0: [1022:1482] type 00 class 0x060000
[    0.851143] pci 0000:00:07.1: [1022:1484] type 01 class 0x060400
[    0.851170] pci 0000:00:07.1: enabling Extended Tags
[    0.851215] pci 0000:00:07.1: PME# supported from D0 D3hot D3cold
[    0.851375] pci 0000:00:08.0: [1022:1482] type 00 class 0x060000
[    0.851451] pci 0000:00:08.1: [1022:1484] type 01 class 0x060400
[    0.851479] pci 0000:00:08.1: enabling Extended Tags
[    0.851524] pci 0000:00:08.1: PME# supported from D0 D3hot D3cold
[    0.851714] pci 0000:00:14.0: [1022:790b] type 00 class 0x0c0500
[    0.851866] pci 0000:00:14.3: [1022:790e] type 00 class 0x060100
[    0.852037] pci 0000:00:18.0: [1022:1650] type 00 class 0x060000
[    0.852090] pci 0000:00:18.1: [1022:1651] type 00 class 0x060000
[    0.852142] pci 0000:00:18.2: [1022:1652] type 00 class 0x060000
[    0.852194] pci 0000:00:18.3: [1022:1653] type 00 class 0x060000
[    0.852248] pci 0000:00:18.4: [1022:1654] type 00 class 0x060000
[    0.852300] pci 0000:00:18.5: [1022:1655] type 00 class 0x060000
[    0.852353] pci 0000:00:18.6: [1022:1656] type 00 class 0x060000
[    0.852407] pci 0000:00:18.7: [1022:1657] type 00 class 0x060000
[    0.852537] pci 0000:01:00.0: [1022:148a] type 00 class 0x130000
[    0.852570] pci 0000:01:00.0: enabling Extended Tags
[    0.852754] pci 0000:01:00.2: [1022:1498] type 00 class 0x108000
[    0.852771] pci 0000:01:00.2: reg 0x18: [mem 0xf9300000-0xf937ffff]
[    0.852782] pci 0000:01:00.2: reg 0x24: [mem 0xf9380000-0xf9381fff]
[    0.852791] pci 0000:01:00.2: enabling Extended Tags
[    0.852966] pci 0000:00:07.1: PCI bridge to [bus 01]
[    0.852972] pci 0000:00:07.1:   bridge window [mem 0xf9300000-0xf93fffff]
[    0.853068] pci 0000:02:00.0: [1022:1485] type 00 class 0x130000
[    0.853103] pci 0000:02:00.0: enabling Extended Tags
[    0.853299] pci 0000:02:00.2: [1022:1498] type 00 class 0x108000
[    0.853316] pci 0000:02:00.2: reg 0x18: [mem 0xf9200000-0xf927ffff]
[    0.853329] pci 0000:02:00.2: reg 0x24: [mem 0xf9280000-0xf9281fff]
[    0.853339] pci 0000:02:00.2: enabling Extended Tags
[    0.853509] pci 0000:02:00.3: [1022:148c] type 00 class 0x0c0330
[    0.853523] pci 0000:02:00.3: reg 0x10: [mem 0xf9100000-0xf91fffff 64bit]
[    0.853554] pci 0000:02:00.3: enabling Extended Tags
[    0.853603] pci 0000:02:00.3: PME# supported from D0 D3hot D3cold
[    0.853762] pci 0000:00:08.1: PCI bridge to [bus 02]
[    0.853767] pci 0000:00:08.1:   bridge window [mem 0xf9100000-0xf92fffff]
[    0.855964] ACPI: PCI: Interrupt link LNKA configured for IRQ 0
[    0.856057] ACPI: PCI: Interrupt link LNKB configured for IRQ 0
[    0.856141] ACPI: PCI: Interrupt link LNKC configured for IRQ 0
[    0.856240] ACPI: PCI: Interrupt link LNKD configured for IRQ 0
[    0.856332] ACPI: PCI: Interrupt link LNKE configured for IRQ 0
[    0.856408] ACPI: PCI: Interrupt link LNKF configured for IRQ 0
[    0.856484] ACPI: PCI: Interrupt link LNKG configured for IRQ 0
[    0.856559] ACPI: PCI: Interrupt link LNKH configured for IRQ 0
[    0.857620] iommu: Default domain type: Translated
[    0.857620] iommu: DMA domain TLB invalidation policy: lazy mode
[    0.857620] SCSI subsystem initialized
[    0.857620] libata version 3.00 loaded.
[    0.857620] ACPI: bus type USB registered
[    0.857620] usbcore: registered new interface driver usbfs
[    0.857620] usbcore: registered new interface driver hub
[    0.857620] usbcore: registered new device driver usb
[    0.857620] pps_core: LinuxPPS API ver. 1 registered
[    0.857620] pps_core: Software ver. 5.3.6 - Copyright 2005-2007 Rodolfo Giometti <giometti@linux.it>
[    0.857620] PTP clock support registered
[    0.857620] EDAC MC: Ver: 3.0.0
[    0.859423] efivars: Registered efivars operations
[    0.859626] NetLabel: Initializing
[    0.859628] NetLabel:  domain hash size = 128
[    0.859629] NetLabel:  protocols = UNLABELED CIPSOv4 CALIPSO
[    0.859652] NetLabel:  unlabeled traffic allowed by default
[    0.859671] mctp: management component transport protocol core
[    0.859671] NET: Registered PF_MCTP protocol family
[    0.859671] PCI: Using ACPI for IRQ routing
[    0.863578] PCI: pci_cache_line_size set to 64 bytes
[    0.864301] e820: reserve RAM buffer [mem 0x75db0000-0x77ffffff]
[    0.864304] e820: reserve RAM buffer [mem 0x76b31018-0x77ffffff]
[    0.864306] e820: reserve RAM buffer [mem 0x76b41018-0x77ffffff]
[    0.864307] e820: reserve RAM buffer [mem 0x7a525018-0x7bffffff]
[    0.864309] e820: reserve RAM buffer [mem 0x7a52e018-0x7bffffff]
[    0.864310] e820: reserve RAM buffer [mem 0x7a558018-0x7bffffff]
[    0.864311] e820: reserve RAM buffer [mem 0x7a582018-0x7bffffff]
[    0.864313] e820: reserve RAM buffer [mem 0x7a592018-0x7bffffff]
[    0.864314] e820: reserve RAM buffer [mem 0x7b68f000-0x7bffffff]
[    0.864315] e820: reserve RAM buffer [mem 0x7ffe8000-0x7fffffff]
[    0.864317] e820: reserve RAM buffer [mem 0x104fe80000-0x104fffffff]
[    0.864318] e820: reserve RAM buffer [mem 0x204f280000-0x204fffffff]
[    0.864427] pci 0000:c4:00.0: vgaarb: setting as boot VGA device
[    0.864429] pci 0000:c4:00.0: vgaarb: bridge control possible
[    0.864431] pci 0000:c4:00.0: vgaarb: VGA device added: decodes=io+mem,owns=io+mem,locks=none
[    0.864447] vgaarb: loaded
[    0.864450] hpet0: at MMIO 0xfed00000, IRQs 2, 8, 0
[    0.864450] hpet0: 3 comparators, 32-bit 14.318180 MHz counter
[    0.865602] AMD-Vi: SNP enabled
[    0.865604] SEV-SNP: RMP table physical address [0x0000000089f00000 - 0x00000000aa4fffff]
[    0.881721] clocksource: Switched to clocksource hpet
[    0.883913] VFS: Disk quotas dquot_6.6.0
[    0.883936] VFS: Dquot-cache hash table entries: 512 (order 0, 4096 bytes)
[    0.884112] AppArmor: AppArmor Filesystem Enabled
[    0.884175] pnp: PnP ACPI init
[    0.886217] system 00:00: [mem 0xe0000000-0xefffffff] has been reserved
[    0.887254] system 00:02: [io  0x0a00-0x0a0f] has been reserved
[    0.887257] system 00:02: [io  0x0a10-0x0a1f] has been reserved
[    0.887259] system 00:02: [io  0x0290-0x029f] has been reserved
[    0.887261] system 00:02: [io  0x0a30-0x0a3f] has been reserved
[    0.887654] pnp 00:03: [dma 0 disabled]
[    0.888073] pnp 00:04: [dma 0 disabled]
[    0.888484] pnp 00:05: disabling [io  0xfe00-0xfefe] because it overlaps 0000:c0:01.2 BAR 13 [io  0xf000-0xffff]
[    0.888576] system 00:05: [io  0x04d0-0x04d1] has been reserved
[    0.888579] system 00:05: [io  0x040b] has been reserved
[    0.888581] system 00:05: [io  0x04d6] has been reserved
[    0.888583] system 00:05: [io  0x0c00-0x0c01] has been reserved
[    0.888585] system 00:05: [io  0x0c14] has been reserved
[    0.888587] system 00:05: [io  0x0c50-0x0c51] has been reserved
[    0.888588] system 00:05: [io  0x0c52] has been reserved
[    0.888590] system 00:05: [io  0x0c6c] has been reserved
[    0.888592] system 00:05: [io  0x0c6f] has been reserved
[    0.888594] system 00:05: [io  0x0cd0-0x0cd1] has been reserved
[    0.888596] system 00:05: [io  0x0cd2-0x0cd3] has been reserved
[    0.888598] system 00:05: [io  0x0cd4-0x0cd5] has been reserved
[    0.888600] system 00:05: [io  0x0cd6-0x0cd7] has been reserved
[    0.888601] system 00:05: [io  0x0cd8-0x0cdf] has been reserved
[    0.888603] system 00:05: [io  0x0800-0x089f] has been reserved
[    0.888605] system 00:05: [io  0x0b00-0x0b0f] has been reserved
[    0.888607] system 00:05: [io  0x0b20-0x0b3f] has been reserved
[    0.888609] system 00:05: [io  0x0900-0x090f] has been reserved
[    0.888611] system 00:05: [io  0x0910-0x091f] has been reserved
[    0.888613] system 00:05: [mem 0xfedc0000-0xfedc0fff] has been reserved
[    0.888615] system 00:05: [mem 0xfee00000-0xfee00fff] has been reserved
[    0.888618] system 00:05: [mem 0xfed80000-0xfed814ff] has been reserved
[    0.888620] system 00:05: [mem 0xfed81900-0xfed8ffff] has been reserved
[    0.888622] system 00:05: [mem 0xfec10000-0xfec10fff] has been reserved
[    0.888624] system 00:05: [mem 0xff000000-0xffffffff] has been reserved
[    0.889599] pnp: PnP ACPI: found 6 devices
[    0.896216] clocksource: acpi_pm: mask: 0xffffff max_cycles: 0xffffff, max_idle_ns: 2085701024 ns
[    0.896373] NET: Registered PF_INET protocol family
[    0.896572] IP idents hash table entries: 262144 (order: 9, 2097152 bytes, linear)
[    0.899796] tcp_listen_portaddr_hash hash table entries: 65536 (order: 8, 1048576 bytes, linear)
[    0.899869] Table-perturb hash table entries: 65536 (order: 6, 262144 bytes, linear)
[    0.900084] TCP established hash table entries: 524288 (order: 10, 4194304 bytes, linear)
[    0.900495] TCP bind hash table entries: 65536 (order: 9, 2097152 bytes, linear)
[    0.900599] TCP: Hash tables configured (established 524288 bind 65536)
[    0.900821] MPTCP token hash table entries: 65536 (order: 8, 1572864 bytes, linear)
[    0.900979] UDP hash table entries: 65536 (order: 9, 2097152 bytes, linear)
[    0.901224] UDP-Lite hash table entries: 65536 (order: 9, 2097152 bytes, linear)
[    0.901443] NET: Registered PF_UNIX/PF_LOCAL protocol family
[    0.901450] NET: Registered PF_XDP protocol family
[    0.901466] pci 0000:c0:01.2: PCI bridge to [bus c1]
[    0.901469] pci 0000:c0:01.2:   bridge window [io  0xf000-0xffff]
[    0.901473] pci 0000:c0:01.2:   bridge window [mem 0xb4700000-0xb47fffff]
[    0.901479] pci 0000:c0:03.1: PCI bridge to [bus c2]
[    0.901483] pci 0000:c0:03.1:   bridge window [mem 0xb4200000-0xb43fffff]
[    0.901486] pci 0000:c0:03.1:   bridge window [mem 0x1801a000000-0x1801effffff 64bit pref]
[    0.901492] pci 0000:c3:00.0: PCI bridge to [bus c4]
[    0.901495] pci 0000:c3:00.0:   bridge window [io  0xe000-0xefff]
[    0.901501] pci 0000:c3:00.0:   bridge window [mem 0xb0000000-0xb40fffff]
[    0.901511] pci 0000:c0:03.2: PCI bridge to [bus c3-c4]
[    0.901513] pci 0000:c0:03.2:   bridge window [io  0xe000-0xefff]
[    0.901517] pci 0000:c0:03.2:   bridge window [mem 0xb0000000-0xb40fffff]
[    0.901523] pci 0000:c0:03.3: PCI bridge to [bus c5]
[    0.901525] pci 0000:c0:03.3:   bridge window [io  0xd000-0xdfff]
[    0.901528] pci 0000:c0:03.3:   bridge window [mem 0xb4600000-0xb46fffff]
[    0.901534] pci 0000:c0:07.1: PCI bridge to [bus c6]
[    0.901538] pci 0000:c0:07.1:   bridge window [mem 0xb4500000-0xb45fffff]
[    0.901543] pci 0000:c0:08.1: PCI bridge to [bus c7]
[    0.901547] pci 0000:c0:08.1:   bridge window [mem 0xb4400000-0xb44fffff]
[    0.901552] pci_bus 0000:c0: resource 4 [io  0x03b0-0x03df window]
[    0.901555] pci_bus 0000:c0: resource 5 [io  0x7000-0xffff window]
[    0.901556] pci_bus 0000:c0: resource 6 [mem 0x000a0000-0x000bffff window]
[    0.901558] pci_bus 0000:c0: resource 7 [mem 0xb0000000-0xb6bfffff window]
[    0.901560] pci_bus 0000:c0: resource 8 [mem 0x10020200000-0x180201fffff window]
[    0.901562] pci_bus 0000:c1: resource 0 [io  0xf000-0xffff]
[    0.901563] pci_bus 0000:c1: resource 1 [mem 0xb4700000-0xb47fffff]
[    0.901565] pci_bus 0000:c2: resource 1 [mem 0xb4200000-0xb43fffff]
[    0.901567] pci_bus 0000:c2: resource 2 [mem 0x1801a000000-0x1801effffff 64bit pref]
[    0.901569] pci_bus 0000:c3: resource 0 [io  0xe000-0xefff]
[    0.901570] pci_bus 0000:c3: resource 1 [mem 0xb0000000-0xb40fffff]
[    0.901572] pci_bus 0000:c4: resource 0 [io  0xe000-0xefff]
[    0.901574] pci_bus 0000:c4: resource 1 [mem 0xb0000000-0xb40fffff]
[    0.901575] pci_bus 0000:c5: resource 0 [io  0xd000-0xdfff]
[    0.901577] pci_bus 0000:c5: resource 1 [mem 0xb4600000-0xb46fffff]
[    0.901579] pci_bus 0000:c6: resource 1 [mem 0xb4500000-0xb45fffff]
[    0.901581] pci_bus 0000:c7: resource 1 [mem 0xb4400000-0xb44fffff]
[    0.901640] pci 0000:80:03.1: PCI bridge to [bus 81]
[    0.901643] pci 0000:80:03.1:   bridge window [io  0x6000-0x6fff]
[    0.901646] pci 0000:80:03.1:   bridge window [mem 0xf6700000-0xf6dfffff]
[    0.901652] pci 0000:80:07.1: PCI bridge to [bus 82]
[    0.901655] pci 0000:80:07.1:   bridge window [mem 0xf7000000-0xf70fffff]
[    0.901661] pci 0000:80:08.1: PCI bridge to [bus 83]
[    0.901664] pci 0000:80:08.1:   bridge window [mem 0xf6f00000-0xf6ffffff]
[    0.901670] pci 0000:80:08.3: PCI bridge to [bus 84]
[    0.901673] pci 0000:80:08.3:   bridge window [mem 0xf6e00000-0xf6efffff]
[    0.901679] pci_bus 0000:80: resource 4 [io  0x5000-0x6fff window]
[    0.901681] pci_bus 0000:80: resource 5 [mem 0xf4700000-0xf70fffff window]
[    0.901683] pci_bus 0000:80: resource 6 [mem 0x18050200000-0x200501fffff window]
[    0.901685] pci_bus 0000:81: resource 0 [io  0x6000-0x6fff]
[    0.901686] pci_bus 0000:81: resource 1 [mem 0xf6700000-0xf6dfffff]
[    0.901688] pci_bus 0000:82: resource 1 [mem 0xf7000000-0xf70fffff]
[    0.901690] pci_bus 0000:83: resource 1 [mem 0xf6f00000-0xf6ffffff]
[    0.901691] pci_bus 0000:84: resource 1 [mem 0xf6e00000-0xf6efffff]
[    0.901745] pci 0000:40:01.2: PCI bridge to [bus 41]
[    0.901750] pci 0000:40:01.2:   bridge window [mem 0xf2600000-0xf26fffff]
[    0.901755] pci 0000:40:07.1: PCI bridge to [bus 42]
[    0.901759] pci 0000:40:07.1:   bridge window [mem 0xf2500000-0xf25fffff]
[    0.901765] pci 0000:40:08.1: PCI bridge to [bus 43]
[    0.901768] pci 0000:40:08.1:   bridge window [mem 0xf2000000-0xf22fffff]
[    0.901773] pci 0000:40:08.2: PCI bridge to [bus 44]
[    0.901777] pci 0000:40:08.2:   bridge window [mem 0xf2400000-0xf24fffff]
[    0.901782] pci 0000:40:08.3: PCI bridge to [bus 45]
[    0.901786] pci 0000:40:08.3:   bridge window [mem 0xf2300000-0xf23fffff]
[    0.901791] pci_bus 0000:40: resource 4 [io  0x4000-0x4fff window]
[    0.901793] pci_bus 0000:40: resource 5 [mem 0xf0000000-0xf26fffff window]
[    0.901795] pci_bus 0000:40: resource 6 [mem 0x20080200000-0x280801fffff window]
[    0.901796] pci_bus 0000:41: resource 1 [mem 0xf2600000-0xf26fffff]
[    0.901798] pci_bus 0000:42: resource 1 [mem 0xf2500000-0xf25fffff]
[    0.901800] pci_bus 0000:43: resource 1 [mem 0xf2000000-0xf22fffff]
[    0.901802] pci_bus 0000:44: resource 1 [mem 0xf2400000-0xf24fffff]
[    0.901804] pci_bus 0000:45: resource 1 [mem 0xf2300000-0xf23fffff]
[    0.901859] pci 0000:00:07.1: PCI bridge to [bus 01]
[    0.901864] pci 0000:00:07.1:   bridge window [mem 0xf9300000-0xf93fffff]
[    0.901869] pci 0000:00:08.1: PCI bridge to [bus 02]
[    0.901873] pci 0000:00:08.1:   bridge window [mem 0xf9100000-0xf92fffff]
[    0.901878] pci_bus 0000:00: resource 4 [io  0x0000-0x03af window]
[    0.901880] pci_bus 0000:00: resource 5 [io  0x03e0-0x0cf7 window]
[    0.901882] pci_bus 0000:00: resource 6 [io  0x1000-0x3fff window]
[    0.901884] pci_bus 0000:00: resource 7 [mem 0x000c0000-0x000dffff window]
[    0.901885] pci_bus 0000:00: resource 8 [mem 0xf7100000-0xf93fffff window]
[    0.901887] pci_bus 0000:00: resource 9 [mem 0x280b0200000-0x380b01fffff window]
[    0.901889] pci_bus 0000:01: resource 1 [mem 0xf9300000-0xf93fffff]
[    0.901891] pci_bus 0000:02: resource 1 [mem 0xf9100000-0xf92fffff]
[    0.902773] PCI: CLS 64 bytes, default 64
[    0.902824] pci 0000:c0:00.2: AMD-Vi: IOMMU performance counters supported
[    0.902838] Trying to unpack rootfs image as initramfs...
[    0.904008] pci 0000:c0:01.0: Adding to iommu group 0
[    0.904037] pci 0000:c0:01.2: Adding to iommu group 1
[    0.904083] pci 0000:c0:02.0: Adding to iommu group 2
[    0.904131] pci 0000:c0:03.0: Adding to iommu group 3
[    0.904159] pci 0000:c0:03.1: Adding to iommu group 4
[    0.904187] pci 0000:c0:03.2: Adding to iommu group 5
[    0.904217] pci 0000:c0:03.3: Adding to iommu group 6
[    0.904261] pci 0000:c0:04.0: Adding to iommu group 7
[    0.904306] pci 0000:c0:05.0: Adding to iommu group 8
[    0.904352] pci 0000:c0:07.0: Adding to iommu group 9
[    0.904381] pci 0000:c0:07.1: Adding to iommu group 10
[    0.904448] pci 0000:c0:08.0: Adding to iommu group 11
[    0.904614] pci 0000:c0:08.1: Adding to iommu group 12
[    0.904649] pci 0000:c1:00.0: Adding to iommu group 13
[    0.904701] pci 0000:c2:00.0: Adding to iommu group 14
[    0.904751] pci 0000:c2:00.1: Adding to iommu group 15
[    0.904779] pci 0000:c3:00.0: Adding to iommu group 16
[    0.904786] pci 0000:c4:00.0: Adding to iommu group 16
[    0.904814] pci 0000:c5:00.0: Adding to iommu group 17
[    0.904846] pci 0000:c5:00.1: Adding to iommu group 18
[    0.904875] pci 0000:c6:00.0: Adding to iommu group 19
[    0.904904] pci 0000:c6:00.2: Adding to iommu group 20
[    0.904933] pci 0000:c7:00.0: Adding to iommu group 21
[    0.904963] pci 0000:c7:00.2: Adding to iommu group 22
[    0.909989] pci 0000:80:00.2: AMD-Vi: IOMMU performance counters supported
[    0.911169] pci 0000:80:01.0: Adding to iommu group 23
[    0.911215] pci 0000:80:02.0: Adding to iommu group 24
[    0.911262] pci 0000:80:03.0: Adding to iommu group 25
[    0.911291] pci 0000:80:03.1: Adding to iommu group 26
[    0.911337] pci 0000:80:04.0: Adding to iommu group 27
[    0.911381] pci 0000:80:05.0: Adding to iommu group 28
[    0.911427] pci 0000:80:07.0: Adding to iommu group 29
[    0.911457] pci 0000:80:07.1: Adding to iommu group 30
[    0.911505] pci 0000:80:08.0: Adding to iommu group 31
[    0.911533] pci 0000:80:08.1: Adding to iommu group 32
[    0.911561] pci 0000:80:08.3: Adding to iommu group 33
[    0.911590] pci 0000:81:00.0: Adding to iommu group 34
[    0.911619] pci 0000:81:00.1: Adding to iommu group 35
[    0.911649] pci 0000:82:00.0: Adding to iommu group 36
[    0.911678] pci 0000:82:00.2: Adding to iommu group 37
[    0.911708] pci 0000:83:00.0: Adding to iommu group 38
[    0.911737] pci 0000:83:00.2: Adding to iommu group 39
[    0.911766] pci 0000:84:00.0: Adding to iommu group 40
[    0.915801] pci 0000:40:00.2: AMD-Vi: IOMMU performance counters supported
[    0.916953] pci 0000:40:01.0: Adding to iommu group 41
[    0.916982] pci 0000:40:01.2: Adding to iommu group 42
[    0.917028] pci 0000:40:02.0: Adding to iommu group 43
[    0.917073] pci 0000:40:03.0: Adding to iommu group 44
[    0.917119] pci 0000:40:04.0: Adding to iommu group 45
[    0.917164] pci 0000:40:05.0: Adding to iommu group 46
[    0.917214] pci 0000:40:07.0: Adding to iommu group 47
[    0.917242] pci 0000:40:07.1: Adding to iommu group 48
[    0.917291] pci 0000:40:08.0: Adding to iommu group 49
[    0.917319] pci 0000:40:08.1: Adding to iommu group 50
[    0.917351] pci 0000:40:08.2: Adding to iommu group 51
[    0.917379] pci 0000:40:08.3: Adding to iommu group 52
[    0.917409] pci 0000:41:00.0: Adding to iommu group 53
[    0.917438] pci 0000:42:00.0: Adding to iommu group 54
[    0.917467] pci 0000:42:00.2: Adding to iommu group 55
[    0.917499] pci 0000:43:00.0: Adding to iommu group 56
[    0.917535] pci 0000:43:00.1: Adding to iommu group 57
[    0.917569] pci 0000:43:00.2: Adding to iommu group 58
[    0.917604] pci 0000:43:00.3: Adding to iommu group 59
[    0.917637] pci 0000:44:00.0: Adding to iommu group 60
[    0.917669] pci 0000:45:00.0: Adding to iommu group 61
[    0.922236] pci 0000:00:00.2: AMD-Vi: IOMMU performance counters supported
[    0.923368] pci 0000:00:01.0: Adding to iommu group 62
[    0.923414] pci 0000:00:02.0: Adding to iommu group 63
[    0.923459] pci 0000:00:03.0: Adding to iommu group 64
[    0.923504] pci 0000:00:04.0: Adding to iommu group 65
[    0.923550] pci 0000:00:05.0: Adding to iommu group 66
[    0.923596] pci 0000:00:07.0: Adding to iommu group 67
[    0.923625] pci 0000:00:07.1: Adding to iommu group 68
[    0.923671] pci 0000:00:08.0: Adding to iommu group 69
[    0.923701] pci 0000:00:08.1: Adding to iommu group 70
[    0.923767] pci 0000:00:14.0: Adding to iommu group 71
[    0.923806] pci 0000:00:14.3: Adding to iommu group 71
[    0.923978] pci 0000:00:18.0: Adding to iommu group 72
[    0.924018] pci 0000:00:18.1: Adding to iommu group 72
[    0.924058] pci 0000:00:18.2: Adding to iommu group 72
[    0.924099] pci 0000:00:18.3: Adding to iommu group 72
[    0.924138] pci 0000:00:18.4: Adding to iommu group 72
[    0.924178] pci 0000:00:18.5: Adding to iommu group 72
[    0.924219] pci 0000:00:18.6: Adding to iommu group 72
[    0.924259] pci 0000:00:18.7: Adding to iommu group 72
[    0.924288] pci 0000:01:00.0: Adding to iommu group 73
[    0.924319] pci 0000:01:00.2: Adding to iommu group 74
[    0.924349] pci 0000:02:00.0: Adding to iommu group 75
[    0.924379] pci 0000:02:00.2: Adding to iommu group 76
[    0.924417] pci 0000:02:00.3: Adding to iommu group 77
[    0.928303] pci 0000:c0:00.2: AMD-Vi: Found IOMMU cap 0x40
[    0.928305] AMD-Vi: Extended features (0x841f77e022094ace, 0x0): PPR X2APIC NX IA GA PC SNP
[    0.928314] pci 0000:80:00.2: AMD-Vi: Found IOMMU cap 0x40
[    0.928315] AMD-Vi: Extended features (0x841f77e022094ace, 0x0): PPR X2APIC NX IA GA PC SNP
[    0.928322] pci 0000:40:00.2: AMD-Vi: Found IOMMU cap 0x40
[    0.928323] AMD-Vi: Extended features (0x841f77e022094ace, 0x0): PPR X2APIC NX IA GA PC SNP
[    0.928329] pci 0000:00:00.2: AMD-Vi: Found IOMMU cap 0x40
[    0.928330] AMD-Vi: Extended features (0x841f77e022094ace, 0x0): PPR X2APIC NX IA GA PC SNP
[    0.928336] AMD-Vi: Interrupt remapping enabled
[    0.928337] AMD-Vi: X2APIC enabled
[    0.929333] PCI-DMA: Using software bounce buffering for IO (SWIOTLB)
[    0.929335] software IO TLB: mapped [mem 0x0000000071db0000-0x0000000075db0000] (64MB)
[    0.929402] LVT offset 0 assigned for vector 0x400
[    0.930101] perf: AMD IBS detected (0x000003ff)
[    0.930111] perf/amd_iommu: Detected AMD IOMMU #0 (2 banks, 4 counters/bank).
[    0.930120] perf/amd_iommu: Detected AMD IOMMU #1 (2 banks, 4 counters/bank).
[    0.930127] perf/amd_iommu: Detected AMD IOMMU #2 (2 banks, 4 counters/bank).
[    0.930135] perf/amd_iommu: Detected AMD IOMMU #3 (2 banks, 4 counters/bank).
[    0.933224] Initialise system trusted keyrings
[    0.933234] Key type blacklist registered
[    0.933299] workingset: timestamp_bits=36 max_order=25 bucket_order=0
[    0.933310] zbud: loaded
[    0.933623] squashfs: version 4.0 (2009/01/31) Phillip Lougher
[    0.933744] fuse: init (API version 7.39)
[    0.933932] integrity: Platform Keyring initialized
[    0.933937] integrity: Machine keyring initialized
[    0.942108] Key type asymmetric registered
[    0.942109] Asymmetric key parser 'x509' registered
[    0.942128] Block layer SCSI generic (bsg) driver version 0.4 loaded (major 243)
[    0.942200] io scheduler mq-deadline registered
[    0.947465] pcieport 0000:c0:01.2: PME: Signaling with IRQ 38
[    0.947611] pcieport 0000:c0:03.1: PME: Signaling with IRQ 39
[    0.947755] pcieport 0000:c0:03.2: PME: Signaling with IRQ 40
[    0.947894] pcieport 0000:c0:03.3: PME: Signaling with IRQ 41
[    0.948165] pcieport 0000:c0:07.1: PME: Signaling with IRQ 43
[    0.948409] pcieport 0000:c0:08.1: PME: Signaling with IRQ 45
[    0.948582] pcieport 0000:80:03.1: PME: Signaling with IRQ 46
[    0.948805] pcieport 0000:80:07.1: PME: Signaling with IRQ 48
[    0.949030] pcieport 0000:80:08.1: PME: Signaling with IRQ 50
[    0.949239] pcieport 0000:80:08.3: PME: Signaling with IRQ 51
[    0.949378] pcieport 0000:40:01.2: PME: Signaling with IRQ 52
[    0.949599] pcieport 0000:40:07.1: PME: Signaling with IRQ 54
[    0.949753] pcieport 0000:40:08.1: PME: Signaling with IRQ 55
[    0.949975] pcieport 0000:40:08.2: PME: Signaling with IRQ 56
[    0.950161] pcieport 0000:40:08.3: PME: Signaling with IRQ 57
[    0.950376] pcieport 0000:00:07.1: PME: Signaling with IRQ 59
[    0.950527] pcieport 0000:00:08.1: PME: Signaling with IRQ 60
[    0.950732] shpchp: Standard Hot Plug PCI Controller Driver version: 0.4
[    0.951546] efifb: probing for efifb
[    0.951563] efifb: No BGRT, not showing boot graphics
[    0.951564] efifb: framebuffer at 0xb0000000, using 8100k, total 8100k
[    0.951565] efifb: mode is 1920x1080x32, linelength=7680, pages=1
[    0.951567] efifb: scrolling: redraw
[    0.951568] efifb: Truecolor: size=8:8:8:8, shift=24:16:8:0
[    0.951621] fbcon: Deferring console take-over
[    0.951622] fb0: EFI VGA frame buffer device
[    0.952165] input: Power Button as /devices/LNXSYSTM:00/LNXSYBUS:00/PNP0C0C:00/input/input0
[    0.952192] ACPI: button: Power Button [PWRB]
[    0.952236] input: Power Button as /devices/LNXSYSTM:00/LNXPWRBN:00/input/input1
[    0.952302] ACPI: button: Power Button [PWRF]
[    0.953945] Estimated ratio of average max frequency by base frequency (times 1024): 1213
[    0.953968] Monitor-Mwait will be used to enter C-1 state
[    0.953980] ACPI: \_SB_.C000: Found 2 idle states
[    0.954194] ACPI: \_SB_.C002: Found 2 idle states
[    0.954388] ACPI: \_SB_.C004: Found 2 idle states
[    0.954578] ACPI: \_SB_.C006: Found 2 idle states
[    0.954755] ACPI: \_SB_.C008: Found 2 idle states
[    0.954933] ACPI: \_SB_.C00A: Found 2 idle states
[    0.955119] ACPI: \_SB_.C00C: Found 2 idle states
[    0.955296] ACPI: \_SB_.C00E: Found 2 idle states
[    0.955477] ACPI: \_SB_.C010: Found 2 idle states
[    0.955660] ACPI: \_SB_.C012: Found 2 idle states
[    0.955839] ACPI: \_SB_.C014: Found 2 idle states
[    0.956017] ACPI: \_SB_.C016: Found 2 idle states
[    0.956195] ACPI: \_SB_.C018: Found 2 idle states
[    0.956332] ACPI: \_SB_.C01A: Found 2 idle states
[    0.956521] ACPI: \_SB_.C01C: Found 2 idle states
[    0.956697] ACPI: \_SB_.C01E: Found 2 idle states
[    0.956876] ACPI: \_SB_.C020: Found 2 idle states
[    0.957059] ACPI: \_SB_.C022: Found 2 idle states
[    0.957183] ACPI: \_SB_.C024: Found 2 idle states
[    0.957359] ACPI: \_SB_.C026: Found 2 idle states
[    0.957545] ACPI: \_SB_.C028: Found 2 idle states
[    0.957722] ACPI: \_SB_.C02A: Found 2 idle states
[    0.957904] ACPI: \_SB_.C02C: Found 2 idle states
[    0.958084] ACPI: \_SB_.C02E: Found 2 idle states
[    0.958210] ACPI: \_SB_.C001: Found 2 idle states
[    0.958377] ACPI: \_SB_.C003: Found 2 idle states
[    0.958556] ACPI: \_SB_.C005: Found 2 idle states
[    0.958748] ACPI: \_SB_.C007: Found 2 idle states
[    0.958946] ACPI: \_SB_.C009: Found 2 idle states
[    0.959141] ACPI: \_SB_.C00B: Found 2 idle states
[    0.959333] ACPI: \_SB_.C00D: Found 2 idle states
[    0.959520] ACPI: \_SB_.C00F: Found 2 idle states
[    0.959722] ACPI: \_SB_.C011: Found 2 idle states
[    0.959921] ACPI: \_SB_.C013: Found 2 idle states
[    0.960127] ACPI: \_SB_.C015: Found 2 idle states
[    0.960323] ACPI: \_SB_.C017: Found 2 idle states
[    0.960529] ACPI: \_SB_.C019: Found 2 idle states
[    0.960708] ACPI: \_SB_.C01B: Found 2 idle states
[    0.960882] ACPI: \_SB_.C01D: Found 2 idle states
[    0.961064] ACPI: \_SB_.C01F: Found 2 idle states
[    0.961249] ACPI: \_SB_.C021: Found 2 idle states
[    0.961426] ACPI: \_SB_.C023: Found 2 idle states
[    0.961616] ACPI: \_SB_.C025: Found 2 idle states
[    0.961742] ACPI: \_SB_.C027: Found 2 idle states
[    0.961919] ACPI: \_SB_.C029: Found 2 idle states
[    0.962034] ACPI: \_SB_.C02B: Found 2 idle states
[    0.962209] ACPI: \_SB_.C02D: Found 2 idle states
[    0.962387] ACPI: \_SB_.C02F: Found 2 idle states
[    0.962737] ERST: Error Record Serialization Table (ERST) support is initialized.
[    0.962762] pstore: Using crash dump compression: deflate
[    0.962764] pstore: Registered erst as persistent store backend
[    0.966221] Serial: 8250/16550 driver, 32 ports, IRQ sharing enabled
[    0.986856] 00:03: ttyS0 at I/O 0x3f8 (irq = 4, base_baud = 115200) is a 16550A
[    1.013290] 00:04: ttyS1 at I/O 0x2f8 (irq = 3, base_baud = 115200) is a 16550A
[    1.023345] Linux agpgart interface v0.103
[    1.036246] loop: module loaded
[    1.037147] tun: Universal TUN/TAP device driver, 1.6
[    1.037185] PPP generic driver version 2.4.2
[    1.038104] i8042: PNP: No PS/2 controller found.
[    1.038170] mousedev: PS/2 mouse device common for all mice
[    1.038549] rtc_cmos 00:01: registered as rtc0
[    1.038630] rtc_cmos 00:01: setting system clock to 2023-12-25T00:14:18 UTC (1703463258)
[    1.038665] rtc_cmos 00:01: alarms up to one month, y3k, 114 bytes nvram, hpet irqs
[    1.038674] i2c_dev: i2c /dev entries driver
[    1.039437] device-mapper: core: CONFIG_IMA_DISABLE_HTABLE is disabled. Duplicate IMA measurements will not be recorded in the IMA log.
[    1.039449] device-mapper: uevent: version 1.0.3
[    1.039514] device-mapper: ioctl: 4.48.0-ioctl (2023-03-01) initialised: dm-devel@redhat.com
[    1.039542] platform eisa.0: Probing EISA bus 0
[    1.039544] platform eisa.0: EISA: Cannot allocate resource for mainboard
[    1.039546] platform eisa.0: Cannot allocate resource for EISA slot 1
[    1.039547] platform eisa.0: Cannot allocate resource for EISA slot 2
[    1.039549] platform eisa.0: Cannot allocate resource for EISA slot 3
[    1.039551] platform eisa.0: Cannot allocate resource for EISA slot 4
[    1.039552] platform eisa.0: Cannot allocate resource for EISA slot 5
[    1.039554] platform eisa.0: Cannot allocate resource for EISA slot 6
[    1.039555] platform eisa.0: Cannot allocate resource for EISA slot 7
[    1.039557] platform eisa.0: Cannot allocate resource for EISA slot 8
[    1.039558] platform eisa.0: EISA: Detected 0 cards
[    1.039561] amd_pstate: driver load is disabled, boot with specific mode to enable this
[    1.041326] ledtrig-cpu: registered to indicate activity on CPUs
[    1.041976] drop_monitor: Initializing network drop monitor service
[    1.042083] NET: Registered PF_INET6 protocol family
[    1.142548] Freeing initrd memory: 60820K
[    1.149093] Segment Routing with IPv6
[    1.149108] In-situ OAM (IOAM) with IPv6
[    1.149144] NET: Registered PF_PACKET protocol family
[    1.149237] Key type dns_resolver registered
[    1.153725] microcode: microcode updated early to new patch_level=0x0a0011d1
[    1.153794] microcode: CPU18: patch_level=0x0a0011d1
[    1.153795] microcode: CPU0: patch_level=0x0a0011d1
[    1.153796] microcode: CPU1: patch_level=0x0a0011d1
[    1.153797] microcode: CPU2: patch_level=0x0a0011d1
[    1.153798] microcode: CPU3: patch_level=0x0a0011d1
[    1.153799] microcode: CPU4: patch_level=0x0a0011d1
[    1.153800] microcode: CPU5: patch_level=0x0a0011d1
[    1.153797] microcode: CPU6: patch_level=0x0a0011d1
[    1.153801] microcode: CPU21: patch_level=0x0a0011d1
[    1.154040] microcode: CPU18: new patch_level=0x0a0011d1
[    1.154061] microcode: CPU21: new patch_level=0x0a0011d1
[    1.154068] microcode: CPU6: new patch_level=0x0a0011d1
[    1.154076] microcode: CPU30: patch_level=0x0a0011d1
[    1.154079] microcode: CPU45: patch_level=0x0a0011d1
[    1.154081] microcode: CPU42: patch_level=0x0a0011d1
[    1.154095] microcode: CPU1: new patch_level=0x0a0011d1
[    1.154097] microcode: CPU2: new patch_level=0x0a0011d1
[    1.154098] microcode: CPU25: patch_level=0x0a0011d1
[    1.154099] microcode: CPU3: new patch_level=0x0a0011d1
[    1.154101] microcode: CPU4: new patch_level=0x0a0011d1
[    1.154104] microcode: CPU26: patch_level=0x0a0011d1
[    1.154109] microcode: CPU27: patch_level=0x0a0011d1
[    1.154111] microcode: CPU28: patch_level=0x0a0011d1
[    1.154116] microcode: CPU5: new patch_level=0x0a0011d1
[    1.154115] microcode: CPU0: new patch_level=0x0a0011d1
[    1.153804] microcode: CPU24: patch_level=0x0a0011d1
[    1.154126] microcode: CPU29: patch_level=0x0a0011d1
[    1.154190] microcode: CPU20: patch_level=0x0a0011d1
[    1.154191] microcode: CPU19: patch_level=0x0a0011d1
[    1.154193] microcode: CPU44: patch_level=0x0a0011d1
[    1.154193] microcode: CPU43: patch_level=0x0a0011d1
[    1.154194] microcode: CPU35: patch_level=0x0a0011d1
[    1.154194] microcode: CPU11: patch_level=0x0a0011d1
[    1.154195] microcode: CPU41: patch_level=0x0a0011d1
[    1.154197] microcode: CPU37: patch_level=0x0a0011d1
[    1.154196] microcode: CPU17: patch_level=0x0a0011d1
[    1.154196] microcode: CPU15: patch_level=0x0a0011d1
[    1.154196] microcode: CPU22: patch_level=0x0a0011d1
[    1.154196] microcode: CPU46: patch_level=0x0a0011d1
[    1.154196] microcode: CPU39: patch_level=0x0a0011d1
[    1.154197] microcode: CPU34: patch_level=0x0a0011d1
[    1.154198] microcode: CPU14: patch_level=0x0a0011d1
[    1.154195] microcode: CPU12: patch_level=0x0a0011d1
[    1.154199] microcode: CPU31: patch_level=0x0a0011d1
[    1.154199] microcode: CPU32: patch_level=0x0a0011d1
[    1.154197] microcode: CPU10: patch_level=0x0a0011d1
[    1.154199] microcode: CPU8: patch_level=0x0a0011d1
[    1.154199] microcode: CPU7: patch_level=0x0a0011d1
[    1.154202] microcode: CPU40: patch_level=0x0a0011d1
[    1.154201] microcode: CPU16: patch_level=0x0a0011d1
[    1.154200] microcode: CPU23: patch_level=0x0a0011d1
[    1.154199] microcode: CPU47: patch_level=0x0a0011d1
[    1.154195] microcode: CPU36: patch_level=0x0a0011d1
[    1.154197] microcode: CPU38: patch_level=0x0a0011d1
[    1.154195] microcode: CPU13: patch_level=0x0a0011d1
[    1.154204] microcode: CPU33: patch_level=0x0a0011d1
[    1.154202] microcode: CPU9: patch_level=0x0a0011d1
[    1.154307] microcode: CPU45: new patch_level=0x0a0011d1
[    1.154308] microcode: CPU42: new patch_level=0x0a0011d1
[    1.154362] microcode: CPU30: new patch_level=0x0a0011d1
[    1.154423] microcode: CPU20: new patch_level=0x0a0011d1
[    1.154431] microcode: CPU46: new patch_level=0x0a0011d1
[    1.154430] microcode: CPU35: new patch_level=0x0a0011d1
[    1.154530] microcode: CPU25: new patch_level=0x0a0011d1
[    1.154535] microcode: CPU26: new patch_level=0x0a0011d1
[    1.154541] microcode: CPU27: new patch_level=0x0a0011d1
[    1.154542] microcode: CPU28: new patch_level=0x0a0011d1
[    1.154545] microcode: CPU24: new patch_level=0x0a0011d1
[    1.154555] microcode: CPU29: new patch_level=0x0a0011d1
[    1.154424] microcode: CPU19: new patch_level=0x0a0011d1
[    1.154653] microcode: CPU43: new patch_level=0x0a0011d1
[    1.154662] microcode: CPU22: new patch_level=0x0a0011d1
[    1.154432] microcode: CPU41: new patch_level=0x0a0011d1
[    1.154662] microcode: CPU17: new patch_level=0x0a0011d1
[    1.154665] microcode: CPU37: new patch_level=0x0a0011d1
[    1.154670] microcode: CPU14: new patch_level=0x0a0011d1
[    1.154714] microcode: CPU31: new patch_level=0x0a0011d1
[    1.154897] microcode: CPU15: new patch_level=0x0a0011d1
[    1.154897] microcode: CPU39: new patch_level=0x0a0011d1
[    1.154898] microcode: CPU11: new patch_level=0x0a0011d1
[    1.154946] microcode: CPU12: new patch_level=0x0a0011d1
[    1.154949] microcode: CPU38: new patch_level=0x0a0011d1
[    1.154714] microcode: CPU34: new patch_level=0x0a0011d1
[    1.154988] microcode: CPU10: new patch_level=0x0a0011d1
[    1.154990] microcode: CPU7: new patch_level=0x0a0011d1
[    1.155182] microcode: CPU40: new patch_level=0x0a0011d1
[    1.155180] microcode: CPU16: new patch_level=0x0a0011d1
[    1.155215] microcode: CPU36: new patch_level=0x0a0011d1
[    1.154989] microcode: CPU23: new patch_level=0x0a0011d1
[    1.155216] microcode: CPU47: new patch_level=0x0a0011d1
[    1.154989] microcode: CPU32: new patch_level=0x0a0011d1
[    1.155223] microcode: CPU44: new patch_level=0x0a0011d1
[    1.155224] microcode: CPU8: new patch_level=0x0a0011d1
[    1.155224] microcode: CPU13: new patch_level=0x0a0011d1
[    1.155454] microcode: CPU33: new patch_level=0x0a0011d1
[    1.155453] microcode: CPU9: new patch_level=0x0a0011d1
[    1.155476] microcode: Microcode Update Driver: v2.2.
[    1.156873] resctrl: L3 allocation detected
[    1.156876] resctrl: MB allocation detected
[    1.156877] resctrl: L3 monitoring detected
[    1.156882] IPI shorthand broadcast: enabled
[    1.159278] registered taskstats version 1
[    1.162551] Loading compiled-in X.509 certificates
[    1.163024] Loaded X.509 cert 'Build time autogenerated kernel key: 408acf1f99e22d907615a76bb8a428267274917b'
[    1.166015] Key type .fscrypt registered
[    1.166017] Key type fscrypt-provisioning registered
[    1.169574] Key type encrypted registered
[    1.169577] AppArmor: AppArmor sha1 policy hashing enabled
[    1.169748] integrity: Loading X.509 certificate: UEFI:db
[    1.169945] integrity: Loaded X.509 cert 'ASUSTeK MotherBoard SW Key Certificate: da83b990422ebc8c441f8d8b039a65a2'
[    1.169947] integrity: Loading X.509 certificate: UEFI:db
[    1.170070] integrity: Loaded X.509 cert 'ASUSTeK Notebook SW Key Certificate: b8e581e4df77a5bb4282d5ccfc00c071'
[    1.170072] integrity: Loading X.509 certificate: UEFI:db
[    1.170089] integrity: Loaded X.509 cert 'Microsoft Corporation UEFI CA 2011: 13adbf4309bd82709c8cd54f316ed522988a1bd4'
[    1.170090] integrity: Loading X.509 certificate: UEFI:db
[    1.170105] integrity: Loaded X.509 cert 'Microsoft Windows Production PCA 2011: a92902398e16c49778cd90f99e4f9ae17c55af53'
[    1.170106] integrity: Loading X.509 certificate: UEFI:db
[    1.170231] integrity: Loaded X.509 cert 'Canonical Ltd. Master Certificate Authority: ad91990bc22ab1f517048c23b6655a268e345a63'
[    1.170481] ima: No TPM chip found, activating TPM-bypass!
[    1.170483] Loading compiled-in module X.509 certificates
[    1.170847] Loaded X.509 cert 'Build time autogenerated kernel key: 408acf1f99e22d907615a76bb8a428267274917b'
[    1.170849] ima: Allocated hash algorithm: sha1
[    1.170857] ima: No architecture policies found
[    1.170868] evm: Initialising EVM extended attributes:
[    1.170869] evm: security.selinux
[    1.170870] evm: security.SMACK64
[    1.170871] evm: security.SMACK64EXEC
[    1.170872] evm: security.SMACK64TRANSMUTE
[    1.170873] evm: security.SMACK64MMAP
[    1.170874] evm: security.apparmor
[    1.170875] evm: security.ima
[    1.170876] evm: security.capability
[    1.170877] evm: HMAC attrs: 0x1
[    1.171304] PM:   Magic number: 3:82:204
[    1.171439] acpi device:59: hash matches
[    1.171447] acpi device:2c: hash matches
[    1.171491] GHES GHES.21558: hash matches
[    1.171775] GHES GHES.4360: hash matches
[    1.257224] RAS: Correctable Errors collector initialized.
[    1.257310] Unstable clock detected, switching default tracing clock to "global"
               If you want to keep using the local clock, then add:
                 "trace_clock=local"
               on the kernel command line
[    1.257492] clk: Disabling unused clocks
[    1.259013] Freeing unused decrypted memory: 2028K
[    1.259666] Freeing unused kernel image (initmem) memory: 4700K
[    1.276464] Write protecting the kernel read-only data: 26624k
[    1.277306] Freeing unused kernel image (rodata/data gap) memory: 1104K
[    1.333593] x86/mm: Checked W+X mappings: passed, no W+X pages found.
[    1.333598] Run /init as init process
[    1.333599]   with arguments:
[    1.333601]     /init
[    1.333602]     splash
[    1.333603]   with environment:
[    1.333604]     HOME=/
[    1.333605]     TERM=linux
[    1.333607]     BOOT_IMAGE=/boot/vmlinuz-6.6.0-rc1-snp-host-5a170ce1a082
[    1.643197] piix4_smbus 0000:00:14.0: SMBus Host Controller at 0xb00, revision 0
[    1.643202] piix4_smbus 0000:00:14.0: Using register 0x02 for SMBus port selection
[    1.643527] piix4_smbus 0000:00:14.0: Auxiliary SMBus Host Controller at 0xb20
[    1.644056] xhci_hcd 0000:43:00.3: xHCI Host Controller
[    1.644064] xhci_hcd 0000:43:00.3: new USB bus registered, assigned bus number 1
[    1.644177] xhci_hcd 0000:43:00.3: hcc params 0x0260ffe5 hci version 0x110 quirks 0x0000000000000410
[    1.644811] xhci_hcd 0000:43:00.3: xHCI Host Controller
[    1.644817] xhci_hcd 0000:43:00.3: new USB bus registered, assigned bus number 2
[    1.644822] xhci_hcd 0000:43:00.3: Host supports USB 3.1 Enhanced SuperSpeed
[    1.644934] usb usb1: New USB device found, idVendor=1d6b, idProduct=0002, bcdDevice= 6.06
[    1.644939] usb usb1: New USB device strings: Mfr=3, Product=2, SerialNumber=1
[    1.644942] usb usb1: Product: xHCI Host Controller
[    1.644944] usb usb1: Manufacturer: Linux 6.6.0-rc1-snp-host-5a170ce1a082 xhci-hcd
[    1.644947] usb usb1: SerialNumber: 0000:43:00.3
[    1.645205] hub 1-0:1.0: USB hub found
[    1.645223] hub 1-0:1.0: 2 ports detected
[    1.645657] usb usb2: We don't know the algorithms for LPM for this host, disabling LPM.
[    1.645727] usb usb2: New USB device found, idVendor=1d6b, idProduct=0003, bcdDevice= 6.06
[    1.645730] usb usb2: New USB device strings: Mfr=3, Product=2, SerialNumber=1
[    1.645733] usb usb2: Product: xHCI Host Controller
[    1.645735] usb usb2: Manufacturer: Linux 6.6.0-rc1-snp-host-5a170ce1a082 xhci-hcd
[    1.645737] usb usb2: SerialNumber: 0000:43:00.3
[    1.645967] hub 2-0:1.0: USB hub found
[    1.645985] hub 2-0:1.0: 2 ports detected
[    1.646721] xhci_hcd 0000:02:00.3: xHCI Host Controller
[    1.646728] xhci_hcd 0000:02:00.3: new USB bus registered, assigned bus number 3
[    1.646837] xhci_hcd 0000:02:00.3: hcc params 0x0260ffe5 hci version 0x110 quirks 0x0000000000000410
[    1.647355] dca service started, version 1.12.1
[    1.647534] xhci_hcd 0000:02:00.3: xHCI Host Controller
[    1.647541] xhci_hcd 0000:02:00.3: new USB bus registered, assigned bus number 4
[    1.647545] xhci_hcd 0000:02:00.3: Host supports USB 3.1 Enhanced SuperSpeed
[    1.647627] usb usb3: New USB device found, idVendor=1d6b, idProduct=0002, bcdDevice= 6.06
[    1.647630] usb usb3: New USB device strings: Mfr=3, Product=2, SerialNumber=1
[    1.647633] usb usb3: Product: xHCI Host Controller
[    1.647634] usb usb3: Manufacturer: Linux 6.6.0-rc1-snp-host-5a170ce1a082 xhci-hcd
[    1.647636] usb usb3: SerialNumber: 0000:02:00.3
[    1.647859] hub 3-0:1.0: USB hub found
[    1.647877] hub 3-0:1.0: 2 ports detected
[    1.648220] usb usb4: We don't know the algorithms for LPM for this host, disabling LPM.
[    1.648289] usb usb4: New USB device found, idVendor=1d6b, idProduct=0003, bcdDevice= 6.06
[    1.648292] usb usb4: New USB device strings: Mfr=3, Product=2, SerialNumber=1
[    1.648294] usb usb4: Product: xHCI Host Controller
[    1.648295] usb usb4: Manufacturer: Linux 6.6.0-rc1-snp-host-5a170ce1a082 xhci-hcd
[    1.648297] usb usb4: SerialNumber: 0000:02:00.3
[    1.648544] hub 4-0:1.0: USB hub found
[    1.648562] hub 4-0:1.0: 2 ports detected
[    1.649546] ahci 0000:84:00.0: version 3.0
[    1.652696] nvme nvme0: pci function 0000:41:00.0
[    1.652855] r8169 0000:c1:00.0: enabling device (0000 -> 0003)
[    1.655704] igb: Intel(R) Gigabit Ethernet Network Driver
[    1.655707] igb: Copyright (c) 2007-2014 Intel Corporation.
[    1.655905] igb 0000:c5:00.0: enabling device (0000 -> 0002)
[    1.659150] ixgbe: Intel(R) 10 Gigabit PCI Express Network Driver
[    1.659153] ixgbe: Copyright (c) 1999-2016 Intel Corporation.
[    1.659246] ixgbe 0000:81:00.0: enabling device (0000 -> 0002)
[    1.660593] ahci 0000:84:00.0: AHCI 0001.0301 32 slots 8 ports 6 Gbps 0xf impl SATA mode
[    1.660598] ahci 0000:84:00.0: flags: 64bit ncq sntf ilck pm led clo only pmp fbs pio slum part sxs 
[    1.661889] scsi host0: ahci
[    1.662140] scsi host1: ahci
[    1.662329] scsi host2: ahci
[    1.662510] scsi host3: ahci
[    1.662697] scsi host4: ahci
[    1.662902] scsi host5: ahci
[    1.663125] scsi host6: ahci
[    1.663371] scsi host7: ahci
[    1.663513] ata1: SATA max UDMA/133 abar m2048@0xf6e00000 port 0xf6e00100 irq 80
[    1.663517] ata2: SATA max UDMA/133 abar m2048@0xf6e00000 port 0xf6e00180 irq 81
[    1.663520] ata3: SATA max UDMA/133 abar m2048@0xf6e00000 port 0xf6e00200 irq 82
[    1.663523] ata4: SATA max UDMA/133 abar m2048@0xf6e00000 port 0xf6e00280 irq 83
[    1.663524] ata5: DUMMY
[    1.663526] ata6: DUMMY
[    1.663527] ata7: DUMMY
[    1.663528] ata8: DUMMY
[    1.664924] nvme nvme0: Shutdown timeout set to 10 seconds
[    1.670591] r8169 0000:c1:00.0 eth0: RTL8125A, 78:2d:7e:1e:3a:1e, XID 609, IRQ 166
[    1.670597] r8169 0000:c1:00.0 eth0: jumbo features [frames: 9194 bytes, tx checksumming: ko]
[    1.674278] ahci 0000:44:00.0: AHCI 0001.0301 32 slots 8 ports 6 Gbps 0xff impl SATA mode
[    1.674284] ahci 0000:44:00.0: flags: 64bit ncq sntf ilck pm led clo only pmp fbs pio slum part sxs 
