[    0.000000] Linux version 6.6.0-rc1-snp-host-5a170ce1a082 (aryan02@huasheng) (gcc (Ubuntu 11.4.0-1ubuntu1~22.04) 11.4.0, GNU ld (GNU Binutils for Ubuntu) 2.38) #2 SMP Fri Dec  1 15:29:14 EST 2023
[    0.000000] Command line: BOOT_IMAGE=/boot/vmlinuz-6.6.0-rc1-snp-host-5a170ce1a082 root=UUID=81f73b6b-69f2-406e-96ec-7fba60d03b05 ro udev.event-timeout=10 quiet splash vt.handoff=7
[    0.000000] KERNEL supported cpus:
[    0.000000]   Intel GenuineIntel
[    0.000000]   AMD AuthenticAMD
[    0.000000]   Hygon HygonGenuine
[    0.000000]   Centaur CentaurHauls
[    0.000000]   zhaoxin   Shanghai  
[    0.000000] BIOS-provided physical RAM map:
[    0.000000] BIOS-e820: [mem 0x0000000000000000-0x000000000009ffff] usable
[    0.000000] BIOS-e820: [mem 0x00000000000a0000-0x00000000000fffff] reserved
[    0.000000] BIOS-e820: [mem 0x0000000000100000-0x000000002fffffff] usable
[    0.000000] BIOS-e820: [mem 0x0000000030000000-0x000000003000afff] ACPI NVS
[    0.000000] BIOS-e820: [mem 0x000000003000b000-0x0000000075daffff] usable
[    0.000000] BIOS-e820: [mem 0x0000000075db0000-0x0000000075ffffff] reserved
[    0.000000] BIOS-e820: [mem 0x0000000076000000-0x000000007ffdbfff] usable
[    0.000000] BIOS-e820: [mem 0x000000007ffdc000-0x00000000aa567fff] reserved
[    0.000000] BIOS-e820: [mem 0x00000000aa568000-0x00000000aa652fff] ACPI data
[    0.000000] BIOS-e820: [mem 0x00000000aa653000-0x00000000aaad3fff] ACPI NVS
[    0.000000] BIOS-e820: [mem 0x00000000aaad4000-0x00000000ab9fefff] reserved
[    0.000000] BIOS-e820: [mem 0x00000000ab9ff000-0x00000000abffffff] usable
[    0.000000] BIOS-e820: [mem 0x00000000ac000000-0x00000000afffffff] reserved
[    0.000000] BIOS-e820: [mem 0x00000000bad00000-0x00000000badfffff] reserved
[    0.000000] BIOS-e820: [mem 0x00000000baf00000-0x00000000bb000fff] reserved
[    0.000000] BIOS-e820: [mem 0x00000000bb100000-0x00000000bb1fffff] reserved
[    0.000000] BIOS-e820: [mem 0x00000000f2880000-0x00000000f2880fff] reserved
[    0.000000] BIOS-e820: [mem 0x00000000f3880000-0x00000000f3880fff] reserved
[    0.000000] BIOS-e820: [mem 0x00000000f9580000-0x00000000f9580fff] reserved
[    0.000000] BIOS-e820: [mem 0x00000000fea00000-0x00000000feafffff] reserved
[    0.000000] BIOS-e820: [mem 0x00000000fec00000-0x00000000fec00fff] reserved
[    0.000000] BIOS-e820: [mem 0x00000000fec10000-0x00000000fec10fff] reserved
[    0.000000] BIOS-e820: [mem 0x00000000fed00000-0x00000000fed00fff] reserved
[    0.000000] BIOS-e820: [mem 0x00000000fed40000-0x00000000fed44fff] reserved
[    0.000000] BIOS-e820: [mem 0x00000000fed80000-0x00000000fed8ffff] reserved
[    0.000000] BIOS-e820: [mem 0x00000000fedc0000-0x00000000fedc0fff] reserved
[    0.000000] BIOS-e820: [mem 0x00000000fedc2000-0x00000000fedc8fff] reserved
[    0.000000] BIOS-e820: [mem 0x00000000fee00000-0x00000000feefffff] reserved
[    0.000000] BIOS-e820: [mem 0x00000000ff000000-0x00000000ffffffff] reserved
[    0.000000] BIOS-e820: [mem 0x0000000100000000-0x000000104fe7ffff] usable
[    0.000000] BIOS-e820: [mem 0x000000104fe80000-0x000000104fffffff] reserved
[    0.000000] BIOS-e820: [mem 0x0000001050000000-0x000000204f27ffff] usable
[    0.000000] BIOS-e820: [mem 0x000000204f280000-0x000000204fffffff] reserved
[    0.000000] BIOS-e820: [mem 0x00000ffc00000000-0x00000ffc03ffffff] reserved
[    0.000000] NX (Execute Disable) protection: active
[    0.000000] APIC: Static calls initialized
[    0.000000] e820: update [mem 0x7a4c0018-0x7a4cf057] usable ==> usable
[    0.000000] e820: update [mem 0x7a4c0018-0x7a4cf057] usable ==> usable
[    0.000000] e820: update [mem 0x7a4b0018-0x7a4bf057] usable ==> usable
[    0.000000] e820: update [mem 0x7a4b0018-0x7a4bf057] usable ==> usable
[    0.000000] e820: update [mem 0x7a490018-0x7a4af857] usable ==> usable
[    0.000000] e820: update [mem 0x7a490018-0x7a4af857] usable ==> usable
[    0.000000] e820: update [mem 0x7a466018-0x7a48f457] usable ==> usable
[    0.000000] e820: update [mem 0x7a466018-0x7a48f457] usable ==> usable
[    0.000000] e820: update [mem 0x7a43c018-0x7a465457] usable ==> usable
[    0.000000] e820: update [mem 0x7a43c018-0x7a465457] usable ==> usable
[    0.000000] e820: update [mem 0x7a433018-0x7a43b057] usable ==> usable
[    0.000000] e820: update [mem 0x7a433018-0x7a43b057] usable ==> usable
[    0.000000] e820: update [mem 0x7a423018-0x7a432057] usable ==> usable
[    0.000000] e820: update [mem 0x7a423018-0x7a432057] usable ==> usable
[    0.000000] e820: update [mem 0x7a413018-0x7a422057] usable ==> usable
[    0.000000] e820: update [mem 0x7a413018-0x7a422057] usable ==> usable
[    0.000000] extended physical RAM map:
[    0.000000] reserve setup_data: [mem 0x0000000000000000-0x000000000009ffff] usable
[    0.000000] reserve setup_data: [mem 0x00000000000a0000-0x00000000000fffff] reserved
[    0.000000] reserve setup_data: [mem 0x0000000000100000-0x000000002fffffff] usable
[    0.000000] reserve setup_data: [mem 0x0000000030000000-0x000000003000afff] ACPI NVS
[    0.000000] reserve setup_data: [mem 0x000000003000b000-0x0000000075daffff] usable
[    0.000000] reserve setup_data: [mem 0x0000000075db0000-0x0000000075ffffff] reserved
[    0.000000] reserve setup_data: [mem 0x0000000076000000-0x000000007a413017] usable
[    0.000000] reserve setup_data: [mem 0x000000007a413018-0x000000007a422057] usable
[    0.000000] reserve setup_data: [mem 0x000000007a422058-0x000000007a423017] usable
[    0.000000] reserve setup_data: [mem 0x000000007a423018-0x000000007a432057] usable
[    0.000000] reserve setup_data: [mem 0x000000007a432058-0x000000007a433017] usable
[    0.000000] reserve setup_data: [mem 0x000000007a433018-0x000000007a43b057] usable
[    0.000000] reserve setup_data: [mem 0x000000007a43b058-0x000000007a43c017] usable
[    0.000000] reserve setup_data: [mem 0x000000007a43c018-0x000000007a465457] usable
[    0.000000] reserve setup_data: [mem 0x000000007a465458-0x000000007a466017] usable
[    0.000000] reserve setup_data: [mem 0x000000007a466018-0x000000007a48f457] usable
[    0.000000] reserve setup_data: [mem 0x000000007a48f458-0x000000007a490017] usable
[    0.000000] reserve setup_data: [mem 0x000000007a490018-0x000000007a4af857] usable
[    0.000000] reserve setup_data: [mem 0x000000007a4af858-0x000000007a4b0017] usable
[    0.000000] reserve setup_data: [mem 0x000000007a4b0018-0x000000007a4bf057] usable
[    0.000000] reserve setup_data: [mem 0x000000007a4bf058-0x000000007a4c0017] usable
[    0.000000] reserve setup_data: [mem 0x000000007a4c0018-0x000000007a4cf057] usable
[    0.000000] reserve setup_data: [mem 0x000000007a4cf058-0x000000007ffdbfff] usable
[    0.000000] reserve setup_data: [mem 0x000000007ffdc000-0x00000000aa567fff] reserved
[    0.000000] reserve setup_data: [mem 0x00000000aa568000-0x00000000aa652fff] ACPI data
[    0.000000] reserve setup_data: [mem 0x00000000aa653000-0x00000000aaad3fff] ACPI NVS
[    0.000000] reserve setup_data: [mem 0x00000000aaad4000-0x00000000ab9fefff] reserved
[    0.000000] reserve setup_data: [mem 0x00000000ab9ff000-0x00000000abffffff] usable
[    0.000000] reserve setup_data: [mem 0x00000000ac000000-0x00000000afffffff] reserved
[    0.000000] reserve setup_data: [mem 0x00000000bad00000-0x00000000badfffff] reserved
[    0.000000] reserve setup_data: [mem 0x00000000baf00000-0x00000000bb000fff] reserved
[    0.000000] reserve setup_data: [mem 0x00000000bb100000-0x00000000bb1fffff] reserved
[    0.000000] reserve setup_data: [mem 0x00000000f2880000-0x00000000f2880fff] reserved
[    0.000000] reserve setup_data: [mem 0x00000000f3880000-0x00000000f3880fff] reserved
[    0.000000] reserve setup_data: [mem 0x00000000f9580000-0x00000000f9580fff] reserved
[    0.000000] reserve setup_data: [mem 0x00000000fea00000-0x00000000feafffff] reserved
[    0.000000] reserve setup_data: [mem 0x00000000fec00000-0x00000000fec00fff] reserved
[    0.000000] reserve setup_data: [mem 0x00000000fec10000-0x00000000fec10fff] reserved
[    0.000000] reserve setup_data: [mem 0x00000000fed00000-0x00000000fed00fff] reserved
[    0.000000] reserve setup_data: [mem 0x00000000fed40000-0x00000000fed44fff] reserved
[    0.000000] reserve setup_data: [mem 0x00000000fed80000-0x00000000fed8ffff] reserved
[    0.000000] reserve setup_data: [mem 0x00000000fedc0000-0x00000000fedc0fff] reserved
[    0.000000] reserve setup_data: [mem 0x00000000fedc2000-0x00000000fedc8fff] reserved
[    0.000000] reserve setup_data: [mem 0x00000000fee00000-0x00000000feefffff] reserved
[    0.000000] reserve setup_data: [mem 0x00000000ff000000-0x00000000ffffffff] reserved
[    0.000000] reserve setup_data: [mem 0x0000000100000000-0x000000104fe7ffff] usable
[    0.000000] reserve setup_data: [mem 0x000000104fe80000-0x000000104fffffff] reserved
[    0.000000] reserve setup_data: [mem 0x0000001050000000-0x000000204f27ffff] usable
[    0.000000] reserve setup_data: [mem 0x000000204f280000-0x000000204fffffff] reserved
[    0.000000] reserve setup_data: [mem 0x00000ffc00000000-0x00000ffc03ffffff] reserved
[    0.000000] efi: EFI v2.8 by American Megatrends
[    0.000000] efi: ACPI=0xaa652000 ACPI 2.0=0xaa652014 SMBIOS=0xab49c000 SMBIOS 3.0=0xab49b000 MEMATTR=0x7b533018 ESRT=0x7b537f18 MOKvar=0xab54f000 
[    0.000000] efi: Remove mem43: MMIO range=[0xbad00000-0xbadfffff] (1MB) from e820 map
[    0.000000] e820: remove [mem 0xbad00000-0xbadfffff] reserved
[    0.000000] efi: Remove mem44: MMIO range=[0xbaf00000-0xbb000fff] (1MB) from e820 map
[    0.000000] e820: remove [mem 0xbaf00000-0xbb000fff] reserved
[    0.000000] efi: Remove mem45: MMIO range=[0xbb100000-0xbb1fffff] (1MB) from e820 map
[    0.000000] e820: remove [mem 0xbb100000-0xbb1fffff] reserved
[    0.000000] efi: Not removing mem46: MMIO range=[0xf2880000-0xf2880fff] (4KB) from e820 map
[    0.000000] efi: Not removing mem47: MMIO range=[0xf3880000-0xf3880fff] (4KB) from e820 map
[    0.000000] efi: Not removing mem48: MMIO range=[0xf9580000-0xf9580fff] (4KB) from e820 map
[    0.000000] efi: Remove mem49: MMIO range=[0xfea00000-0xfeafffff] (1MB) from e820 map
[    0.000000] e820: remove [mem 0xfea00000-0xfeafffff] reserved
[    0.000000] efi: Not removing mem50: MMIO range=[0xfec00000-0xfec00fff] (4KB) from e820 map
[    0.000000] efi: Not removing mem51: MMIO range=[0xfec10000-0xfec10fff] (4KB) from e820 map
[    0.000000] efi: Not removing mem52: MMIO range=[0xfed00000-0xfed00fff] (4KB) from e820 map
[    0.000000] efi: Not removing mem53: MMIO range=[0xfed40000-0xfed44fff] (20KB) from e820 map
[    0.000000] efi: Not removing mem54: MMIO range=[0xfed80000-0xfed8ffff] (64KB) from e820 map
[    0.000000] efi: Not removing mem55: MMIO range=[0xfedc0000-0xfedc0fff] (4KB) from e820 map
[    0.000000] efi: Not removing mem56: MMIO range=[0xfedc2000-0xfedc8fff] (28KB) from e820 map
[    0.000000] efi: Remove mem57: MMIO range=[0xfee00000-0xfeefffff] (1MB) from e820 map
[    0.000000] e820: remove [mem 0xfee00000-0xfeefffff] reserved
[    0.000000] efi: Remove mem58: MMIO range=[0xff000000-0xffffffff] (16MB) from e820 map
[    0.000000] e820: remove [mem 0xff000000-0xffffffff] reserved
[    0.000000] efi: Remove mem61: MMIO range=[0xffc00000000-0xffc03ffffff] (64MB) from e820 map
[    0.000000] e820: remove [mem 0xffc00000000-0xffc03ffffff] reserved
[    0.000000] SMBIOS 3.3.0 present.
[    0.000000] DMI: ASUSTeK COMPUTER INC. KRPA-U16-M Series/KRPA-U16-M Series, BIOS 0701 09/07/2022
[    0.000000] tsc: Fast TSC calibration using PIT
[    0.000000] tsc: Detected 2645.198 MHz processor
[    0.000248] e820: update [mem 0x00000000-0x00000fff] usable ==> reserved
[    0.000250] e820: remove [mem 0x000a0000-0x000fffff] usable
[    0.000261] last_pfn = 0x204f280 max_arch_pfn = 0x400000000
[    0.000267] total RAM covered: 2815M
[    0.000384] Found optimal setting for mtrr clean up
[    0.000385]  gran_size: 64K 	chunk_size: 128M 	num_reg: 4  	lose cover RAM: 0G
[    0.000388] MTRR map: 7 entries (3 fixed + 4 variable; max 20), built from 9 variable MTRRs
[    0.000390] x86/PAT: Configuration [0-7]: WB  WC  UC- UC  WB  WP  UC- WT  
[    0.000736] e820: update [mem 0xaafd0000-0xaafdffff] usable ==> reserved
[    0.000741] e820: update [mem 0xb0000000-0xffffffff] usable ==> reserved
[    0.000743] last_pfn = 0xac000 max_arch_pfn = 0x400000000
[    0.004503] esrt: Reserving ESRT space from 0x000000007b537f18 to 0x000000007b537f50.
[    0.004508] e820: update [mem 0x7b537000-0x7b537fff] usable ==> reserved
[    0.004526] Using GB pages for direct mapping
[    0.005575] Secure boot disabled
[    0.005575] RAMDISK: [mem 0x6b0f2000-0x6ec56fff]
[    0.005580] ACPI: Early table checksum verification disabled
[    0.005583] ACPI: RSDP 0x00000000AA652014 000024 (v02 AMD   )
[    0.005586] ACPI: XSDT 0x00000000AA651728 0000C4 (v01 AMD    AmdTable 03242016 AMI  01000013)
[    0.005590] ACPI: FACP 0x00000000AA64A000 000114 (v06 AMD    AmdTable 03242016 AMI  00010013)
[    0.005594] ACPI: DSDT 0x00000000AA637000 012637 (v02 AMD    AmdTable 03242016 INTL 20190509)
[    0.005597] ACPI: FACS 0x00000000AAAAE000 000040
[    0.005598] ACPI: SSDT 0x00000000AA650000 00092A (v02 AMD    AmdTable 00000002 MSFT 04000000)
[    0.005600] ACPI: SPMI 0x00000000AA64F000 000041 (v05 AMD    AmdTable 00000000 AMI. 00000000)
[    0.005602] ACPI: SSDT 0x00000000AA64B000 0033A1 (v02 AMD    AMD AFC  00000001 INTL 20190509)
[    0.005604] ACPI: FIDT 0x00000000AA636000 00009C (v01 AMD    AmdTable 03242016 AMI  00010013)
[    0.005606] ACPI: FPDT 0x00000000AA630000 000034 (v01 AMD    A M I    01072009 AMI  01000013)
[    0.005608] ACPI: MCFG 0x00000000AA634000 00003C (v01 AMD    AmdTable 03242016 MSFT 00010013)
[    0.005610] ACPI: SSDT 0x00000000AA633000 00059C (v02 AMD    CPUSSDT  03242016 AMI  03242016)
[    0.005612] ACPI: SSDT 0x00000000AA632000 000342 (v02 AMD    CPMRAS   00000001 INTL 20190509)
[    0.005614] ACPI: BERT 0x00000000AA631000 000030 (v01 AMD    AmdTable 00000001 AMD  00000001)
[    0.005615] ACPI: HPET 0x00000000AA62F000 000038 (v01 AMD    AmdTable 03242016 AMI  00000005)
[    0.005617] ACPI: IVRS 0x00000000AA62E000 0001F0 (v02 AMD    AmdTable 00000001 AMD  00000001)
[    0.005619] ACPI: PCCT 0x00000000AA62D000 00006E (v02 AMD    AmdTable 00000001 AMD  00000001)
[    0.005621] ACPI: SSDT 0x00000000AA621000 00BDA9 (v02 AMD    AmdTable 00000001 AMD  00000001)
[    0.005623] ACPI: CRAT 0x00000000AA61E000 002BD0 (v01 AMD    AmdTable 00000001 AMD  00000001)
[    0.005624] ACPI: CDIT 0x00000000AA61D000 000029 (v01 AMD    AmdTable 00000001 AMD  00000001)
[    0.005626] ACPI: SSDT 0x00000000AA61B000 00182E (v02 AMD    CPMCMN   00000001 INTL 20190509)
[    0.005628] ACPI: APIC 0x00000000AA61A000 000882 (v04 AMD    AmdTable 03242016 AMI  00010013)
[    0.005630] ACPI: ERST 0x00000000AA619000 000230 (v01 AMIER  AMI.ERST 00000000 AMI. 00000000)
[    0.005632] ACPI: HEST 0x00000000AA5EE000 02AA74 (v01 AMD    AmdTable 00000001 AMD  00000001)
[    0.005633] ACPI: Reserving FACP table memory at [mem 0xaa64a000-0xaa64a113]
[    0.005634] ACPI: Reserving DSDT table memory at [mem 0xaa637000-0xaa649636]
[    0.005635] ACPI: Reserving FACS table memory at [mem 0xaaaae000-0xaaaae03f]
[    0.005635] ACPI: Reserving SSDT table memory at [mem 0xaa650000-0xaa650929]
[    0.005636] ACPI: Reserving SPMI table memory at [mem 0xaa64f000-0xaa64f040]
[    0.005636] ACPI: Reserving SSDT table memory at [mem 0xaa64b000-0xaa64e3a0]
[    0.005637] ACPI: Reserving FIDT table memory at [mem 0xaa636000-0xaa63609b]
[    0.005637] ACPI: Reserving FPDT table memory at [mem 0xaa630000-0xaa630033]
[    0.005638] ACPI: Reserving MCFG table memory at [mem 0xaa634000-0xaa63403b]
[    0.005638] ACPI: Reserving SSDT table memory at [mem 0xaa633000-0xaa63359b]
[    0.005639] ACPI: Reserving SSDT table memory at [mem 0xaa632000-0xaa632341]
[    0.005639] ACPI: Reserving BERT table memory at [mem 0xaa631000-0xaa63102f]
[    0.005640] ACPI: Reserving HPET table memory at [mem 0xaa62f000-0xaa62f037]
[    0.005640] ACPI: Reserving IVRS table memory at [mem 0xaa62e000-0xaa62e1ef]
[    0.005641] ACPI: Reserving PCCT table memory at [mem 0xaa62d000-0xaa62d06d]
[    0.005641] ACPI: Reserving SSDT table memory at [mem 0xaa621000-0xaa62cda8]
[    0.005642] ACPI: Reserving CRAT table memory at [mem 0xaa61e000-0xaa620bcf]
[    0.005642] ACPI: Reserving CDIT table memory at [mem 0xaa61d000-0xaa61d028]
[    0.005643] ACPI: Reserving SSDT table memory at [mem 0xaa61b000-0xaa61c82d]
[    0.005643] ACPI: Reserving APIC table memory at [mem 0xaa61a000-0xaa61a881]
[    0.005644] ACPI: Reserving ERST table memory at [mem 0xaa619000-0xaa61922f]
[    0.005644] ACPI: Reserving HEST table memory at [mem 0xaa5ee000-0xaa618a73]
[    0.005697] No NUMA configuration found
[    0.005698] Faking a node at [mem 0x0000000000000000-0x000000204f27ffff]
[    0.005704] NODE_DATA(0) allocated [mem 0x204f255000-0x204f27ffff]
[    0.005870] Zone ranges:
[    0.005871]   DMA      [mem 0x0000000000001000-0x0000000000ffffff]
[    0.005872]   DMA32    [mem 0x0000000001000000-0x00000000ffffffff]
[    0.005873]   Normal   [mem 0x0000000100000000-0x000000204f27ffff]
[    0.005874]   Device   empty
[    0.005875] Movable zone start for each node
[    0.005876] Early memory node ranges
[    0.005876]   node   0: [mem 0x0000000000001000-0x000000000009ffff]
[    0.005877]   node   0: [mem 0x0000000000100000-0x000000002fffffff]
[    0.005878]   node   0: [mem 0x000000003000b000-0x0000000075daffff]
[    0.005878]   node   0: [mem 0x0000000076000000-0x000000007ffdbfff]
[    0.005879]   node   0: [mem 0x00000000ab9ff000-0x00000000abffffff]
[    0.005879]   node   0: [mem 0x0000000100000000-0x000000104fe7ffff]
[    0.005883]   node   0: [mem 0x0000001050000000-0x000000204f27ffff]
[    0.005888] Initmem setup node 0 [mem 0x0000000000001000-0x000000204f27ffff]
[    0.005891] On node 0, zone DMA: 1 pages in unavailable ranges
[    0.005903] On node 0, zone DMA: 96 pages in unavailable ranges
[    0.007238] On node 0, zone DMA32: 11 pages in unavailable ranges
[    0.007368] On node 0, zone DMA32: 592 pages in unavailable ranges
[    0.007436] On node 0, zone DMA32: 14883 pages in unavailable ranges
[    0.073233] On node 0, zone Normal: 16384 pages in unavailable ranges
[    0.142900] On node 0, zone Normal: 384 pages in unavailable ranges
[    0.142919] On node 0, zone Normal: 3456 pages in unavailable ranges
[    0.143063] ACPI: PM-Timer IO Port: 0x808
[    0.143078] ACPI: LAPIC_NMI (acpi_id[0xff] high edge lint[0x1])
[    0.143092] IOAPIC[0]: apic_id 240, version 33, address 0xfec00000, GSI 0-23
[    0.143096] IOAPIC[1]: apic_id 241, version 33, address 0xbb000000, GSI 24-55
[    0.143101] IOAPIC[2]: apic_id 242, version 33, address 0xf3880000, GSI 56-87
[    0.143105] IOAPIC[3]: apic_id 243, version 33, address 0xf2880000, GSI 88-119
[    0.143110] IOAPIC[4]: apic_id 244, version 33, address 0xf9580000, GSI 120-151
[    0.143112] ACPI: INT_SRC_OVR (bus 0 bus_irq 0 global_irq 2 dfl dfl)
[    0.143113] ACPI: INT_SRC_OVR (bus 0 bus_irq 9 global_irq 9 low level)
[    0.143117] ACPI: Using ACPI (MADT) for SMP configuration information
[    0.143118] ACPI: HPET id: 0x10228201 base: 0xfed00000
[    0.143122] smpboot: Allowing 48 CPUs, 0 hotplug CPUs
[    0.143143] PM: hibernation: Registered nosave memory: [mem 0x00000000-0x00000fff]
[    0.143144] PM: hibernation: Registered nosave memory: [mem 0x000a0000-0x000fffff]
[    0.143146] PM: hibernation: Registered nosave memory: [mem 0x30000000-0x3000afff]
[    0.143147] PM: hibernation: Registered nosave memory: [mem 0x75db0000-0x75ffffff]
[    0.143148] PM: hibernation: Registered nosave memory: [mem 0x7a413000-0x7a413fff]
[    0.143149] PM: hibernation: Registered nosave memory: [mem 0x7a422000-0x7a422fff]
[    0.143150] PM: hibernation: Registered nosave memory: [mem 0x7a423000-0x7a423fff]
[    0.143151] PM: hibernation: Registered nosave memory: [mem 0x7a432000-0x7a432fff]
[    0.143151] PM: hibernation: Registered nosave memory: [mem 0x7a433000-0x7a433fff]
[    0.143152] PM: hibernation: Registered nosave memory: [mem 0x7a43b000-0x7a43bfff]
[    0.143153] PM: hibernation: Registered nosave memory: [mem 0x7a43c000-0x7a43cfff]
[    0.143154] PM: hibernation: Registered nosave memory: [mem 0x7a465000-0x7a465fff]
[    0.143154] PM: hibernation: Registered nosave memory: [mem 0x7a466000-0x7a466fff]
[    0.143155] PM: hibernation: Registered nosave memory: [mem 0x7a48f000-0x7a48ffff]
[    0.143156] PM: hibernation: Registered nosave memory: [mem 0x7a490000-0x7a490fff]
[    0.143157] PM: hibernation: Registered nosave memory: [mem 0x7a4af000-0x7a4affff]
[    0.143157] PM: hibernation: Registered nosave memory: [mem 0x7a4b0000-0x7a4b0fff]
[    0.143159] PM: hibernation: Registered nosave memory: [mem 0x7a4bf000-0x7a4bffff]
[    0.143159] PM: hibernation: Registered nosave memory: [mem 0x7a4c0000-0x7a4c0fff]
[    0.143160] PM: hibernation: Registered nosave memory: [mem 0x7a4cf000-0x7a4cffff]
[    0.143161] PM: hibernation: Registered nosave memory: [mem 0x7b537000-0x7b537fff]
[    0.143163] PM: hibernation: Registered nosave memory: [mem 0x7ffdc000-0xaa567fff]
[    0.143163] PM: hibernation: Registered nosave memory: [mem 0xaa568000-0xaa652fff]
[    0.143164] PM: hibernation: Registered nosave memory: [mem 0xaa653000-0xaaad3fff]
[    0.143164] PM: hibernation: Registered nosave memory: [mem 0xaaad4000-0xab9fefff]
[    0.143165] PM: hibernation: Registered nosave memory: [mem 0xac000000-0xafffffff]
[    0.143166] PM: hibernation: Registered nosave memory: [mem 0xb0000000-0xf287ffff]
[    0.143166] PM: hibernation: Registered nosave memory: [mem 0xf2880000-0xf2880fff]
[    0.143166] PM: hibernation: Registered nosave memory: [mem 0xf2881000-0xf387ffff]
[    0.143167] PM: hibernation: Registered nosave memory: [mem 0xf3880000-0xf3880fff]
[    0.143167] PM: hibernation: Registered nosave memory: [mem 0xf3881000-0xf957ffff]
[    0.143168] PM: hibernation: Registered nosave memory: [mem 0xf9580000-0xf9580fff]
[    0.143168] PM: hibernation: Registered nosave memory: [mem 0xf9581000-0xfebfffff]
[    0.143169] PM: hibernation: Registered nosave memory: [mem 0xfec00000-0xfec00fff]
[    0.143169] PM: hibernation: Registered nosave memory: [mem 0xfec01000-0xfec0ffff]
[    0.143169] PM: hibernation: Registered nosave memory: [mem 0xfec10000-0xfec10fff]
[    0.143170] PM: hibernation: Registered nosave memory: [mem 0xfec11000-0xfecfffff]
[    0.143170] PM: hibernation: Registered nosave memory: [mem 0xfed00000-0xfed00fff]
[    0.143171] PM: hibernation: Registered nosave memory: [mem 0xfed01000-0xfed3ffff]
[    0.143171] PM: hibernation: Registered nosave memory: [mem 0xfed40000-0xfed44fff]
[    0.143171] PM: hibernation: Registered nosave memory: [mem 0xfed45000-0xfed7ffff]
[    0.143172] PM: hibernation: Registered nosave memory: [mem 0xfed80000-0xfed8ffff]
[    0.143172] PM: hibernation: Registered nosave memory: [mem 0xfed90000-0xfedbffff]
[    0.143173] PM: hibernation: Registered nosave memory: [mem 0xfedc0000-0xfedc0fff]
[    0.143173] PM: hibernation: Registered nosave memory: [mem 0xfedc1000-0xfedc1fff]
[    0.143173] PM: hibernation: Registered nosave memory: [mem 0xfedc2000-0xfedc8fff]
[    0.143174] PM: hibernation: Registered nosave memory: [mem 0xfedc9000-0xffffffff]
[    0.143175] PM: hibernation: Registered nosave memory: [mem 0x104fe80000-0x104fffffff]
[    0.143176] [mem 0xb0000000-0xf287ffff] available for PCI devices
[    0.143178] Booting paravirtualized kernel on bare hardware
[    0.143180] clocksource: refined-jiffies: mask: 0xffffffff max_cycles: 0xffffffff, max_idle_ns: 7645519600211568 ns
[    0.143187] setup_percpu: NR_CPUS:8192 nr_cpumask_bits:48 nr_cpu_ids:48 nr_node_ids:1
[    0.144742] percpu: Embedded 63 pages/cpu s221184 r8192 d28672 u262144
[    0.144750] pcpu-alloc: s221184 r8192 d28672 u262144 alloc=1*2097152
[    0.144752] pcpu-alloc: [0] 00 01 02 03 04 05 06 07 [0] 08 09 10 11 12 13 14 15 
[    0.144758] pcpu-alloc: [0] 16 17 18 19 20 21 22 23 [0] 24 25 26 27 28 29 30 31 
[    0.144764] pcpu-alloc: [0] 32 33 34 35 36 37 38 39 [0] 40 41 42 43 44 45 46 47 
[    0.144789] Kernel command line: BOOT_IMAGE=/boot/vmlinuz-6.6.0-rc1-snp-host-5a170ce1a082 root=UUID=81f73b6b-69f2-406e-96ec-7fba60d03b05 ro udev.event-timeout=10 quiet splash vt.handoff=7
[    0.144855] Unknown kernel command line parameters "splash BOOT_IMAGE=/boot/vmlinuz-6.6.0-rc1-snp-host-5a170ce1a082", will be passed to user space.
[    0.144882] random: crng init done
[    0.144882] printk: log_buf_len individual max cpu contribution: 4096 bytes
[    0.144883] printk: log_buf_len total cpu_extra contributions: 192512 bytes
[    0.144883] printk: log_buf_len min size: 262144 bytes
[    0.145103] printk: log_buf_len: 524288 bytes
[    0.145104] printk: early log buf free: 239144(91%)
[    0.149355] Dentry cache hash table entries: 8388608 (order: 14, 67108864 bytes, linear)
[    0.151473] Inode-cache hash table entries: 4194304 (order: 13, 33554432 bytes, linear)
[    0.151627] Fallback order for Node 0: 0 
[    0.151634] Built 1 zonelists, mobility grouping on.  Total pages: 32833449
[    0.151635] Policy zone: Normal
[    0.151640] mem auto-init: stack:off, heap alloc:on, heap free:off
[    0.151673] software IO TLB: area num 64.
[    0.333695] Memory: 130954532K/133419140K available (18432K kernel code, 3240K rwdata, 7088K rodata, 4700K init, 6228K bss, 2464352K reserved, 0K cma-reserved)
[    0.333890] SLUB: HWalign=64, Order=0-3, MinObjects=0, CPUs=48, Nodes=1
[    0.333912] ftrace: allocating 52377 entries in 205 pages
[    0.344155] ftrace: allocated 205 pages with 5 groups
[    0.344350] rcu: Hierarchical RCU implementation.
[    0.344351] rcu: 	RCU restricting CPUs from NR_CPUS=8192 to nr_cpu_ids=48.
[    0.344352] 	Rude variant of Tasks RCU enabled.
[    0.344352] 	Tracing variant of Tasks RCU enabled.
[    0.344353] rcu: RCU calculated value of scheduler-enlistment delay is 25 jiffies.
[    0.344354] rcu: Adjusting geometry for rcu_fanout_leaf=16, nr_cpu_ids=48
[    0.346292] NR_IRQS: 524544, nr_irqs: 2984, preallocated irqs: 16
[    0.346486] rcu: srcu_init: Setting srcu_struct sizes based on contention.
[    0.346578] Console: colour dummy device 80x25
[    0.346580] printk: console [tty0] enabled
[    0.346630] ACPI: Core revision 20230628
[    0.346888] clocksource: hpet: mask: 0xffffffff max_cycles: 0xffffffff, max_idle_ns: 133484873504 ns
[    0.346905] APIC: Switch to symmetric I/O mode setup
[    0.347659] AMD-Vi: Using global IVHD EFR:0x841f77e022094ace, EFR2:0x0
[    0.348249] APIC: Switched APIC routing to: physical flat
[    0.349557] ..TIMER: vector=0x30 apic1=0 pin1=2 apic2=-1 pin2=-1
[    0.366905] clocksource: tsc-early: mask: 0xffffffffffffffff max_cycles: 0x262105341ce, max_idle_ns: 440795340011 ns
[    0.366910] Calibrating delay loop (skipped), value calculated using timer frequency.. 5290.39 BogoMIPS (lpj=10580792)
[    0.366923] x86/cpu: User Mode Instruction Prevention (UMIP) activated
[    0.367032] LVT offset 2 assigned for vector 0xf4
[    0.367065] process: using mwait in idle threads
[    0.367066] Last level iTLB entries: 4KB 512, 2MB 512, 4MB 256
[    0.367067] Last level dTLB entries: 4KB 2048, 2MB 2048, 4MB 1024, 1GB 0
[    0.367070] Spectre V1 : Mitigation: usercopy/swapgs barriers and __user pointer sanitization
[    0.367072] Spectre V2 : Mitigation: Retpolines
[    0.367072] Spectre V2 : Spectre v2 / SpectreRSB mitigation: Filling RSB on context switch
[    0.367073] Spectre V2 : Spectre v2 / SpectreRSB : Filling RSB on VMEXIT
[    0.367073] Spectre V2 : Enabling Restricted Speculation for firmware calls
[    0.367074] Spectre V2 : mitigation: Enabling conditional Indirect Branch Prediction Barrier
[    0.367075] Spectre V2 : User space: Mitigation: STIBP always-on protection
[    0.367076] Speculative Store Bypass: Mitigation: Speculative Store Bypass disabled via prctl
[    0.367077] Speculative Return Stack Overflow: Mitigation: safe RET
[    0.367082] x86/fpu: Supporting XSAVE feature 0x001: 'x87 floating point registers'
[    0.367083] x86/fpu: Supporting XSAVE feature 0x002: 'SSE registers'
[    0.367083] x86/fpu: Supporting XSAVE feature 0x004: 'AVX registers'
[    0.367084] x86/fpu: Supporting XSAVE feature 0x200: 'Protection Keys User registers'
[    0.367085] x86/fpu: Supporting XSAVE feature 0x800: 'Control-flow User registers'
[    0.367085] x86/fpu: xstate_offset[2]:  576, xstate_sizes[2]:  256
[    0.367086] x86/fpu: xstate_offset[9]:  832, xstate_sizes[9]:    8
[    0.367087] x86/fpu: xstate_offset[11]:  840, xstate_sizes[11]:   16
[    0.367088] x86/fpu: Enabled xstate features 0xa07, context size is 856 bytes, using 'compacted' format.
[    0.393287] Freeing SMP alternatives memory: 44K
[    0.393290] pid_max: default: 49152 minimum: 384
[    0.396330] LSM: initializing lsm=lockdown,capability,landlock,yama,apparmor,integrity
[    0.396357] landlock: Up and running.
[    0.396359] Yama: becoming mindful.
[    0.396376] AppArmor: AppArmor initialized
[    0.396473] Mount-cache hash table entries: 131072 (order: 8, 1048576 bytes, linear)
[    0.396524] Mountpoint-cache hash table entries: 131072 (order: 8, 1048576 bytes, linear)
[    0.505085] smpboot: CPU0: AMD EPYC 7413 24-Core Processor (family: 0x19, model: 0x1, stepping: 0x1)
[    0.505268] RCU Tasks Rude: Setting shift to 6 and lim to 1 rcu_task_cb_adjust=1.
[    0.505286] RCU Tasks Trace: Setting shift to 6 and lim to 1 rcu_task_cb_adjust=1.
[    0.505305] Performance Events: Fam17h+ 16-deep BRS, core perfctr, AMD PMU driver.
[    0.505336] ... version:                0
[    0.505337] ... bit width:              48
[    0.505338] ... generic registers:      6
[    0.505339] ... value mask:             0000ffffffffffff
[    0.505340] ... max period:             00007fffffffffff
[    0.505341] ... fixed-purpose events:   0
[    0.505342] ... event mask:             000000000000003f
[    0.505439] signal: max sigframe size: 3376
[    0.505470] rcu: Hierarchical SRCU implementation.
[    0.505471] rcu: 	Max phase no-delay instances is 1000.
[    0.505852] NMI watchdog: Enabled. Permanently consumes one hw-PMU counter.
[    0.506204] smp: Bringing up secondary CPUs ...
[    0.506316] smpboot: x86: Booting SMP configuration:
[    0.506317] .... node  #0, CPUs:        #1  #2  #3  #4  #5  #6  #7  #8  #9 #10 #11 #12 #13 #14 #15 #16 #17 #18 #19 #20 #21 #22 #23
[    0.520909] TSC synchronization [CPU#0 -> CPU#6]:
[    0.520911] Measured 318 cycles TSC warp between CPUs, turning off TSC clock.
[    0.520912] tsc: Marking TSC unstable due to check_tsc_sync_source failed
[    0.523037]  #24 #25 #26 #27 #28 #29 #30 #31 #32 #33 #34 #35 #36 #37 #38 #39 #40 #41 #42 #43 #44 #45 #46 #47
[    0.528781] Spectre V2 : Update user space SMT mitigation: STIBP always-on
[    0.531022] smp: Brought up 1 node, 48 CPUs
[    0.531022] smpboot: Max logical packages: 1
[    0.531022] smpboot: Total of 48 processors activated (253939.00 BogoMIPS)
[    0.541459] devtmpfs: initialized
[    0.541459] x86/mm: Memory block size: 2048MB
[    0.543938] ACPI: PM: Registering ACPI NVS region [mem 0x30000000-0x3000afff] (45056 bytes)
[    0.543938] ACPI: PM: Registering ACPI NVS region [mem 0xaa653000-0xaaad3fff] (4722688 bytes)
[    0.543938] clocksource: jiffies: mask: 0xffffffff max_cycles: 0xffffffff, max_idle_ns: 7645041785100000 ns
[    0.543938] futex hash table entries: 16384 (order: 8, 1048576 bytes, linear)
[    0.543938] pinctrl core: initialized pinctrl subsystem
[    0.543938] PM: RTC time: 04:55:03, date: 2024-01-05
[    0.543938] NET: Registered PF_NETLINK/PF_ROUTE protocol family
[    0.544168] DMA: preallocated 4096 KiB GFP_KERNEL pool for atomic allocations
[    0.544338] DMA: preallocated 4096 KiB GFP_KERNEL|GFP_DMA pool for atomic allocations
[    0.544511] DMA: preallocated 4096 KiB GFP_KERNEL|GFP_DMA32 pool for atomic allocations
[    0.544520] audit: initializing netlink subsys (disabled)
[    0.544528] audit: type=2000 audit(1704430503.196:1): state=initialized audit_enabled=0 res=1
[    0.544528] thermal_sys: Registered thermal governor 'fair_share'
[    0.544528] thermal_sys: Registered thermal governor 'bang_bang'
[    0.544528] thermal_sys: Registered thermal governor 'step_wise'
[    0.544528] thermal_sys: Registered thermal governor 'user_space'
[    0.544528] thermal_sys: Registered thermal governor 'power_allocator'
[    0.544528] EISA bus registered
[    0.544528] cpuidle: using governor ladder
[    0.544528] cpuidle: using governor menu
[    0.544528] Detected 1 PCC Subspaces
[    0.544528] Registering PCC driver as Mailbox controller
[    0.544528] acpiphp: ACPI Hot Plug PCI Controller Driver version: 0.5
[    0.544528] PCI: MMCONFIG for domain 0000 [bus 00-ff] at [mem 0xe0000000-0xefffffff] (base 0xe0000000)
[    0.544528] PCI: not using MMCONFIG
[    0.544528] PCI: Using configuration type 1 for base access
[    0.544528] PCI: Using configuration type 1 for extended access
[    0.546956] kprobes: kprobe jump-optimization is enabled. All kprobes are optimized if possible.
[    0.546961] HugeTLB: registered 1.00 GiB page size, pre-allocated 0 pages
[    0.546961] HugeTLB: 16380 KiB vmemmap can be freed for a 1.00 GiB page
[    0.546961] HugeTLB: registered 2.00 MiB page size, pre-allocated 0 pages
[    0.546961] HugeTLB: 28 KiB vmemmap can be freed for a 2.00 MiB page
[    0.571115] ACPI: Added _OSI(Module Device)
[    0.571117] ACPI: Added _OSI(Processor Device)
[    0.571119] ACPI: Added _OSI(3.0 _SCP Extensions)
[    0.571121] ACPI: Added _OSI(Processor Aggregator Device)
[    0.615457] ACPI: 7 ACPI AML tables successfully acquired and loaded
[    0.624140] ACPI: _OSC evaluation for CPUs failed, trying _PDC
[    0.627610] ACPI: Interpreter enabled
[    0.627626] ACPI: PM: (supports S0 S5)
[    0.627628] ACPI: Using IOAPIC for interrupt routing
[    0.630719] PCI: MMCONFIG for domain 0000 [bus 00-ff] at [mem 0xe0000000-0xefffffff] (base 0xe0000000)
[    0.631006] PCI: MMCONFIG at [mem 0xe0000000-0xefffffff] reserved as ACPI motherboard resource
[    0.685728] HEST: Table parsing has been initialized.
[    0.702959] GHES: APEI firmware first mode is enabled by APEI bit.
[    0.702963] PCI: Using host bridge windows from ACPI; if necessary, use "pci=nocrs" and report a bug
[    0.702965] PCI: Using E820 reservations for host bridge windows
[    0.704635] ACPI: Enabled 3 GPEs in block 00 to 1F
[    0.707733] ACPI: \_SB_.S0D0.C001.SATA.P0SA: New power resource
[    0.707775] ACPI: \_SB_.S0D0.C001.SATA.P3SA: New power resource
[    0.708539] ACPI: \_SB_.S0D0.C002.SATA.P0SA: New power resource
[    0.708581] ACPI: \_SB_.S0D0.C002.SATA.P3SA: New power resource
[    0.711639] ACPI: \_SB_.S0D1.C011.SATA.P0SA: New power resource
[    0.711682] ACPI: \_SB_.S0D1.C011.SATA.P3SA: New power resource
[    0.712425] ACPI: \_SB_.S0D1.C012.SATA.P0SA: New power resource
[    0.712470] ACPI: \_SB_.S0D1.C012.SATA.P3SA: New power resource
[    0.715613] ACPI: \_SB_.S0D2.C021.SATA.P0SA: New power resource
[    0.715656] ACPI: \_SB_.S0D2.C021.SATA.P3SA: New power resource
[    0.716402] ACPI: \_SB_.S0D2.C022.SATA.P0SA: New power resource
[    0.716443] ACPI: \_SB_.S0D2.C022.SATA.P3SA: New power resource
[    0.720115] ACPI: \_SB_.PCI0.C031.SATA.P0SA: New power resource
[    0.720156] ACPI: \_SB_.PCI0.C031.SATA.P3SA: New power resource
[    0.720906] ACPI: \_SB_.PCI0.C032.SATA.P0SA: New power resource
[    0.720948] ACPI: \_SB_.PCI0.C032.SATA.P3SA: New power resource
[    0.728364] ACPI: \_SB_.S1D0.C101.SATA.P0SA: New power resource
[    0.728406] ACPI: \_SB_.S1D0.C101.SATA.P3SA: New power resource
[    0.729172] ACPI: \_SB_.S1D0.C102.SATA.P0SA: New power resource
[    0.729213] ACPI: \_SB_.S1D0.C102.SATA.P3SA: New power resource
[    0.731872] ACPI: \_SB_.S1D1.C111.SATA.P0SA: New power resource
[    0.731915] ACPI: \_SB_.S1D1.C111.SATA.P3SA: New power resource
[    0.732673] ACPI: \_SB_.S1D1.C112.SATA.P0SA: New power resource
[    0.732715] ACPI: \_SB_.S1D1.C112.SATA.P3SA: New power resource
[    0.735372] ACPI: \_SB_.S1D2.C121.SATA.P0SA: New power resource
[    0.735414] ACPI: \_SB_.S1D2.C121.SATA.P3SA: New power resource
[    0.736176] ACPI: \_SB_.S1D2.C122.SATA.P0SA: New power resource
[    0.736219] ACPI: \_SB_.S1D2.C122.SATA.P3SA: New power resource
[    0.738870] ACPI: \_SB_.S1D3.C131.SATA.P0SA: New power resource
[    0.738916] ACPI: \_SB_.S1D3.C131.SATA.P3SA: New power resource
[    0.739677] ACPI: \_SB_.S1D3.C132.SATA.P0SA: New power resource
[    0.739719] ACPI: \_SB_.S1D3.C132.SATA.P3SA: New power resource
[    0.746446] ACPI: PCI Root Bridge [S0D0] (domain 0000 [bus c0-ff])
[    0.746452] acpi PNP0A08:00: _OSC: OS supports [ExtendedConfig ASPM ClockPM Segments MSI EDR HPX-Type3]
[    0.746640] acpi PNP0A08:00: _OSC: platform does not support [AER LTR DPC]
[    0.746988] acpi PNP0A08:00: _OSC: OS now controls [PCIeHotplug SHPCHotplug PME PCIeCapability]
[    0.747664] PCI host bridge to bus 0000:c0
[    0.747666] pci_bus 0000:c0: root bus resource [io  0x03b0-0x03df window]
[    0.747669] pci_bus 0000:c0: root bus resource [io  0x7000-0xffff window]
[    0.747671] pci_bus 0000:c0: root bus resource [mem 0x000a0000-0x000bffff window]
[    0.747673] pci_bus 0000:c0: root bus resource [mem 0xb0000000-0xbabfffff window]
[    0.747674] pci_bus 0000:c0: root bus resource [mem 0x10020200000-0x180201fffff window]
[    0.747676] pci_bus 0000:c0: root bus resource [bus c0-ff]
[    0.747693] pci 0000:c0:00.0: [1022:1480] type 00 class 0x060000
[    0.747791] pci 0000:c0:00.2: [1022:164f] type 00 class 0x080600
[    0.747918] pci 0000:c0:01.0: [1022:1482] type 00 class 0x060000
[    0.747994] pci 0000:c0:01.1: [1022:1483] type 01 class 0x060400
[    0.748070] pci 0000:c0:01.1: PME# supported from D0 D3hot D3cold
[    0.748232] pci 0000:c0:01.2: [1022:1483] type 01 class 0x060400
[    0.748308] pci 0000:c0:01.2: PME# supported from D0 D3hot D3cold
[    0.748459] pci 0000:c0:02.0: [1022:1482] type 00 class 0x060000
[    0.748531] pci 0000:c0:03.0: [1022:1482] type 00 class 0x060000
[    0.748604] pci 0000:c0:03.1: [1022:1483] type 01 class 0x060400
[    0.748679] pci 0000:c0:03.1: PME# supported from D0 D3hot D3cold
[    0.748832] pci 0000:c0:03.2: [1022:1483] type 01 class 0x060400
[    0.748907] pci 0000:c0:03.2: PME# supported from D0 D3hot D3cold
[    0.749061] pci 0000:c0:03.3: [1022:1483] type 01 class 0x060400
[    0.749136] pci 0000:c0:03.3: PME# supported from D0 D3hot D3cold
[    0.749289] pci 0000:c0:04.0: [1022:1482] type 00 class 0x060000
[    0.749360] pci 0000:c0:05.0: [1022:1482] type 00 class 0x060000
[    0.749434] pci 0000:c0:07.0: [1022:1482] type 00 class 0x060000
[    0.749506] pci 0000:c0:07.1: [1022:1484] type 01 class 0x060400
[    0.749533] pci 0000:c0:07.1: enabling Extended Tags
[    0.749576] pci 0000:c0:07.1: PME# supported from D0 D3hot D3cold
[    0.749724] pci 0000:c0:08.0: [1022:1482] type 00 class 0x060000
[    0.749798] pci 0000:c0:08.1: [1022:1484] type 01 class 0x060400
[    0.749826] pci 0000:c0:08.1: enabling Extended Tags
[    0.749871] pci 0000:c0:08.1: PME# supported from D0 D3hot D3cold
[    0.750089] pci 0000:c1:00.0: [10de:1c82] type 00 class 0x030000
[    0.750104] pci 0000:c1:00.0: reg 0x10: [mem 0xb9000000-0xb9ffffff]
[    0.750118] pci 0000:c1:00.0: reg 0x14: [mem 0x18000000000-0x1800fffffff 64bit pref]
[    0.750131] pci 0000:c1:00.0: reg 0x1c: [mem 0x18010000000-0x18011ffffff 64bit pref]
[    0.750139] pci 0000:c1:00.0: reg 0x24: [io  0xf000-0xf07f]
[    0.750148] pci 0000:c1:00.0: reg 0x30: [mem 0xba000000-0xba07ffff pref]
[    0.750283] pci 0000:c1:00.0: 16.000 Gb/s available PCIe bandwidth, limited by 2.5 GT/s PCIe x8 link at 0000:c0:01.1 (capable of 126.016 Gb/s with 8.0 GT/s PCIe x16 link)
[    0.750372] pci 0000:c1:00.1: [10de:0fb9] type 00 class 0x040300
[    0.750385] pci 0000:c1:00.1: reg 0x10: [mem 0xba080000-0xba083fff]
[    0.750552] pci 0000:c0:01.1: PCI bridge to [bus c1]
[    0.750556] pci 0000:c0:01.1:   bridge window [io  0xf000-0xffff]
[    0.750559] pci 0000:c0:01.1:   bridge window [mem 0xb9000000-0xba0fffff]
[    0.750564] pci 0000:c0:01.1:   bridge window [mem 0x18000000000-0x18011ffffff 64bit pref]
[    0.750629] pci 0000:c2:00.0: [10ec:8125] type 00 class 0x020000
[    0.750643] pci 0000:c2:00.0: reg 0x10: [io  0xe000-0xe0ff]
[    0.750660] pci 0000:c2:00.0: reg 0x18: [mem 0xba770000-0xba77ffff 64bit]
[    0.750672] pci 0000:c2:00.0: reg 0x20: [mem 0xba79c000-0xba79ffff 64bit]
[    0.750770] pci 0000:c2:00.0: supports D1 D2
[    0.750772] pci 0000:c2:00.0: PME# supported from D0 D1 D2 D3hot D3cold
[    0.750818] pci 0000:c2:00.0: reg 0x1b4: [mem 0xba700000-0xba70ffff 64bit]
[    0.750819] pci 0000:c2:00.0: VF(n) BAR2 space: [mem 0xba700000-0xba76ffff 64bit] (contains BAR2 for 7 VFs)
[    0.750830] pci 0000:c2:00.0: reg 0x1bc: [mem 0xba780000-0xba783fff 64bit]
[    0.750832] pci 0000:c2:00.0: VF(n) BAR4 space: [mem 0xba780000-0xba79bfff 64bit] (contains BAR4 for 7 VFs)
[    0.751056] pci 0000:c0:01.2: PCI bridge to [bus c2]
[    0.751060] pci 0000:c0:01.2:   bridge window [io  0xe000-0xefff]
[    0.751063] pci 0000:c0:01.2:   bridge window [mem 0xba700000-0xba7fffff]
[    0.751260] pci 0000:c3:00.0: [15b3:1017] type 00 class 0x020000
[    0.751412] pci 0000:c3:00.0: reg 0x10: [mem 0x18016000000-0x18017ffffff 64bit pref]
[    0.751646] pci 0000:c3:00.0: reg 0x30: [mem 0xba300000-0xba3fffff pref]
[    0.752383] pci 0000:c3:00.0: PME# supported from D3cold
[    0.752674] pci 0000:c3:00.0: reg 0x1a4: [mem 0x18018800000-0x180188fffff 64bit pref]
[    0.752676] pci 0000:c3:00.0: VF(n) BAR0 space: [mem 0x18018800000-0x18018ffffff 64bit pref] (contains BAR0 for 8 VFs)
[    0.754356] pci 0000:c3:00.1: [15b3:1017] type 00 class 0x020000
[    0.754506] pci 0000:c3:00.1: reg 0x10: [mem 0x18014000000-0x18015ffffff 64bit pref]
[    0.754739] pci 0000:c3:00.1: reg 0x30: [mem 0xba200000-0xba2fffff pref]
[    0.755423] pci 0000:c3:00.1: PME# supported from D3cold
[    0.755697] pci 0000:c3:00.1: reg 0x1a4: [mem 0x18018000000-0x180180fffff 64bit pref]
[    0.755699] pci 0000:c3:00.1: VF(n) BAR0 space: [mem 0x18018000000-0x180187fffff 64bit pref] (contains BAR0 for 8 VFs)
[    0.757134] pci 0000:c0:03.1: PCI bridge to [bus c3]
[    0.757140] pci 0000:c0:03.1:   bridge window [mem 0xba200000-0xba3fffff]
[    0.757144] pci 0000:c0:03.1:   bridge window [mem 0x18014000000-0x18018ffffff 64bit pref]
[    0.757213] pci 0000:c4:00.0: [1a03:1150] type 01 class 0x060400
[    0.757349] pci 0000:c4:00.0: supports D1 D2
[    0.757351] pci 0000:c4:00.0: PME# supported from D0 D1 D2 D3hot D3cold
[    0.766922] pci 0000:c0:03.2: PCI bridge to [bus c4-c5]
[    0.766927] pci 0000:c0:03.2:   bridge window [io  0xd000-0xdfff]
[    0.766930] pci 0000:c0:03.2:   bridge window [mem 0xb4000000-0xb80fffff]
[    0.766977] pci_bus 0000:c5: extended config space not accessible
[    0.767011] pci 0000:c5:00.0: [1a03:2000] type 00 class 0x030000
[    0.767036] pci 0000:c5:00.0: reg 0x10: [mem 0xb4000000-0xb7ffffff]
[    0.767050] pci 0000:c5:00.0: reg 0x14: [mem 0xb8000000-0xb801ffff]
[    0.767064] pci 0000:c5:00.0: reg 0x18: [io  0xd000-0xd07f]
[    0.767126] pci 0000:c5:00.0: BAR 0: assigned to efifb
[    0.767136] pci 0000:c5:00.0: Video device with shadowed ROM at [mem 0x000c0000-0x000dffff]
[    0.767185] pci 0000:c5:00.0: supports D1 D2
[    0.767188] pci 0000:c5:00.0: PME# supported from D0 D1 D2 D3hot D3cold
[    0.767351] pci 0000:c4:00.0: PCI bridge to [bus c5]
[    0.767361] pci 0000:c4:00.0:   bridge window [io  0xd000-0xdfff]
[    0.767367] pci 0000:c4:00.0:   bridge window [mem 0xb4000000-0xb80fffff]
[    0.770116] pci 0000:c6:00.0: [8086:1521] type 00 class 0x020000
[    0.771198] pci 0000:c6:00.0: reg 0x10: [mem 0xba620000-0xba63ffff]
[    0.772235] pci 0000:c6:00.0: reg 0x18: [io  0xc020-0xc03f]
[    0.772744] pci 0000:c6:00.0: reg 0x1c: [mem 0xba6c4000-0xba6c7fff]
[    0.781994] pci 0000:c6:00.0: PME# supported from D0 D3hot D3cold
[    0.784727] pci 0000:c6:00.0: reg 0x184: [mem 0xba6a0000-0xba6a3fff]
[    0.784728] pci 0000:c6:00.0: VF(n) BAR0 space: [mem 0xba6a0000-0xba6bffff] (contains BAR0 for 8 VFs)
[    0.786248] pci 0000:c6:00.0: reg 0x190: [mem 0xba680000-0xba683fff]
[    0.786250] pci 0000:c6:00.0: VF(n) BAR3 space: [mem 0xba680000-0xba69ffff] (contains BAR3 for 8 VFs)
[    0.803844] pci 0000:c6:00.1: [8086:1521] type 00 class 0x020000
[    0.804953] pci 0000:c6:00.1: reg 0x10: [mem 0xba600000-0xba61ffff]
[    0.805971] pci 0000:c6:00.1: reg 0x18: [io  0xc000-0xc01f]
[    0.806502] pci 0000:c6:00.1: reg 0x1c: [mem 0xba6c0000-0xba6c3fff]
[    0.815305] pci 0000:c6:00.1: PME# supported from D0 D3hot D3cold
[    0.817642] pci 0000:c6:00.1: reg 0x184: [mem 0xba660000-0xba663fff]
[    0.817644] pci 0000:c6:00.1: VF(n) BAR0 space: [mem 0xba660000-0xba67ffff] (contains BAR0 for 8 VFs)
[    0.819003] pci 0000:c6:00.1: reg 0x190: [mem 0xba640000-0xba643fff]
[    0.819005] pci 0000:c6:00.1: VF(n) BAR3 space: [mem 0xba640000-0xba65ffff] (contains BAR3 for 8 VFs)
[    0.833933] pci 0000:c0:03.3: PCI bridge to [bus c6]
[    0.833938] pci 0000:c0:03.3:   bridge window [io  0xc000-0xcfff]
[    0.833941] pci 0000:c0:03.3:   bridge window [mem 0xba600000-0xba6fffff]
[    0.834017] pci 0000:c7:00.0: [1022:148a] type 00 class 0x130000
[    0.834049] pci 0000:c7:00.0: enabling Extended Tags
[    0.834234] pci 0000:c7:00.2: [1022:1498] type 00 class 0x108000
[    0.834249] pci 0000:c7:00.2: reg 0x18: [mem 0xba500000-0xba57ffff]
[    0.834261] pci 0000:c7:00.2: reg 0x24: [mem 0xba580000-0xba581fff]
[    0.834269] pci 0000:c7:00.2: enabling Extended Tags
[    0.834443] pci 0000:c0:07.1: PCI bridge to [bus c7]
[    0.834449] pci 0000:c0:07.1:   bridge window [mem 0xba500000-0xba5fffff]
[    0.834542] pci 0000:c8:00.0: [1022:1485] type 00 class 0x130000
[    0.834577] pci 0000:c8:00.0: enabling Extended Tags
[    0.834773] pci 0000:c8:00.2: [1022:1498] type 00 class 0x108000
[    0.834790] pci 0000:c8:00.2: reg 0x18: [mem 0xba400000-0xba47ffff]
[    0.834803] pci 0000:c8:00.2: reg 0x24: [mem 0xba480000-0xba481fff]
[    0.834812] pci 0000:c8:00.2: enabling Extended Tags
[    0.835078] pci 0000:c0:08.1: PCI bridge to [bus c8]
[    0.835083] pci 0000:c0:08.1:   bridge window [mem 0xba400000-0xba4fffff]
[    0.836093] ACPI: PCI Root Bridge [S0D1] (domain 0000 [bus 80-bf])
[    0.836098] acpi PNP0A08:01: _OSC: OS supports [ExtendedConfig ASPM ClockPM Segments MSI EDR HPX-Type3]
[    0.836287] acpi PNP0A08:01: _OSC: platform does not support [AER LTR DPC]
[    0.836631] acpi PNP0A08:01: _OSC: OS now controls [PCIeHotplug SHPCHotplug PME PCIeCapability]
[    0.837198] PCI host bridge to bus 0000:80
[    0.837200] pci_bus 0000:80: root bus resource [io  0x5000-0x6fff window]
[    0.837202] pci_bus 0000:80: root bus resource [mem 0xf4700000-0xf70fffff window]
[    0.837204] pci_bus 0000:80: root bus resource [mem 0x18050200000-0x200501fffff window]
[    0.837206] pci_bus 0000:80: root bus resource [bus 80-bf]
[    0.837220] pci 0000:80:00.0: [1022:1480] type 00 class 0x060000
[    0.837307] pci 0000:80:00.2: [1022:164f] type 00 class 0x080600
[    0.837432] pci 0000:80:01.0: [1022:1482] type 00 class 0x060000
[    0.837505] pci 0000:80:02.0: [1022:1482] type 00 class 0x060000
[    0.837577] pci 0000:80:03.0: [1022:1482] type 00 class 0x060000
[    0.837652] pci 0000:80:03.1: [1022:1483] type 01 class 0x060400
[    0.837730] pci 0000:80:03.1: PME# supported from D0 D3hot D3cold
[    0.837884] pci 0000:80:04.0: [1022:1482] type 00 class 0x060000
[    0.837959] pci 0000:80:05.0: [1022:1482] type 00 class 0x060000
[    0.838032] pci 0000:80:07.0: [1022:1482] type 00 class 0x060000
[    0.838105] pci 0000:80:07.1: [1022:1484] type 01 class 0x060400
[    0.838133] pci 0000:80:07.1: enabling Extended Tags
[    0.838177] pci 0000:80:07.1: PME# supported from D0 D3hot D3cold
[    0.838332] pci 0000:80:08.0: [1022:1482] type 00 class 0x060000
[    0.838407] pci 0000:80:08.1: [1022:1484] type 01 class 0x060400
[    0.838435] pci 0000:80:08.1: enabling Extended Tags
[    0.838482] pci 0000:80:08.1: PME# supported from D0 D3hot D3cold
[    0.838641] pci 0000:80:08.3: [1022:1484] type 01 class 0x060400
[    0.838669] pci 0000:80:08.3: enabling Extended Tags
[    0.838715] pci 0000:80:08.3: PME# supported from D0 D3hot D3cold
[    0.838931] pci 0000:81:00.0: [8086:10fb] type 00 class 0x020000
[    0.838946] pci 0000:81:00.0: reg 0x10: [mem 0xf6880000-0xf68fffff 64bit]
[    0.838952] pci 0000:81:00.0: reg 0x18: [io  0x6020-0x603f]
[    0.838966] pci 0000:81:00.0: reg 0x20: [mem 0xf6d04000-0xf6d07fff 64bit]
[    0.838972] pci 0000:81:00.0: reg 0x30: [mem 0xf6800000-0xf687ffff pref]
[    0.839029] pci 0000:81:00.0: PME# supported from D0 D3hot
[    0.839055] pci 0000:81:00.0: reg 0x184: [mem 0xf6c00000-0xf6c03fff 64bit]
[    0.839057] pci 0000:81:00.0: VF(n) BAR0 space: [mem 0xf6c00000-0xf6cfffff 64bit] (contains BAR0 for 64 VFs)
[    0.839069] pci 0000:81:00.0: reg 0x190: [mem 0xf6b00000-0xf6b03fff 64bit]
[    0.839071] pci 0000:81:00.0: VF(n) BAR3 space: [mem 0xf6b00000-0xf6bfffff 64bit] (contains BAR3 for 64 VFs)
[    0.839321] pci 0000:81:00.1: [8086:10fb] type 00 class 0x020000
[    0.839336] pci 0000:81:00.1: reg 0x10: [mem 0xf6780000-0xf67fffff 64bit]
[    0.839342] pci 0000:81:00.1: reg 0x18: [io  0x6000-0x601f]
[    0.839356] pci 0000:81:00.1: reg 0x20: [mem 0xf6d00000-0xf6d03fff 64bit]
[    0.839362] pci 0000:81:00.1: reg 0x30: [mem 0xf6700000-0xf677ffff pref]
[    0.839418] pci 0000:81:00.1: PME# supported from D0 D3hot
[    0.839440] pci 0000:81:00.1: reg 0x184: [mem 0xf6a00000-0xf6a03fff 64bit]
[    0.839442] pci 0000:81:00.1: VF(n) BAR0 space: [mem 0xf6a00000-0xf6afffff 64bit] (contains BAR0 for 64 VFs)
[    0.839454] pci 0000:81:00.1: reg 0x190: [mem 0xf6900000-0xf6903fff 64bit]
[    0.839455] pci 0000:81:00.1: VF(n) BAR3 space: [mem 0xf6900000-0xf69fffff 64bit] (contains BAR3 for 64 VFs)
[    0.839692] pci 0000:80:03.1: PCI bridge to [bus 81]
[    0.839697] pci 0000:80:03.1:   bridge window [io  0x6000-0x6fff]
[    0.839700] pci 0000:80:03.1:   bridge window [mem 0xf6700000-0xf6dfffff]
[    0.839778] pci 0000:82:00.0: [1022:148a] type 00 class 0x130000
[    0.839810] pci 0000:82:00.0: enabling Extended Tags
[    0.839997] pci 0000:82:00.2: [1022:1498] type 00 class 0x108000
[    0.840013] pci 0000:82:00.2: reg 0x18: [mem 0xf7000000-0xf707ffff]
[    0.840024] pci 0000:82:00.2: reg 0x24: [mem 0xf7080000-0xf7081fff]
[    0.840033] pci 0000:82:00.2: enabling Extended Tags
[    0.840210] pci 0000:80:07.1: PCI bridge to [bus 82]
[    0.840215] pci 0000:80:07.1:   bridge window [mem 0xf7000000-0xf70fffff]
[    0.840311] pci 0000:83:00.0: [1022:1485] type 00 class 0x130000
[    0.840346] pci 0000:83:00.0: enabling Extended Tags
[    0.840544] pci 0000:83:00.2: [1022:1498] type 00 class 0x108000
[    0.840561] pci 0000:83:00.2: reg 0x18: [mem 0xf6f00000-0xf6f7ffff]
[    0.840574] pci 0000:83:00.2: reg 0x24: [mem 0xf6f80000-0xf6f81fff]
[    0.840584] pci 0000:83:00.2: enabling Extended Tags
[    0.840772] pci 0000:80:08.1: PCI bridge to [bus 83]
[    0.840777] pci 0000:80:08.1:   bridge window [mem 0xf6f00000-0xf6ffffff]
[    0.840840] pci 0000:84:00.0: [1022:7901] type 00 class 0x010601
[    0.840878] pci 0000:84:00.0: reg 0x24: [mem 0xf6e00000-0xf6e007ff]
[    0.840889] pci 0000:84:00.0: enabling Extended Tags
[    0.840949] pci 0000:84:00.0: PME# supported from D3hot D3cold
[    0.841128] pci 0000:80:08.3: PCI bridge to [bus 84]
[    0.841133] pci 0000:80:08.3:   bridge window [mem 0xf6e00000-0xf6efffff]
[    0.842095] ACPI: PCI Root Bridge [S0D2] (domain 0000 [bus 40-7f])
[    0.842099] acpi PNP0A08:02: _OSC: OS supports [ExtendedConfig ASPM ClockPM Segments MSI EDR HPX-Type3]
[    0.842287] acpi PNP0A08:02: _OSC: platform does not support [AER LTR DPC]
[    0.842631] acpi PNP0A08:02: _OSC: OS now controls [PCIeHotplug SHPCHotplug PME PCIeCapability]
[    0.843198] PCI host bridge to bus 0000:40
[    0.843200] pci_bus 0000:40: root bus resource [io  0x4000-0x4fff window]
[    0.843202] pci_bus 0000:40: root bus resource [mem 0xf0000000-0xf26fffff window]
[    0.843204] pci_bus 0000:40: root bus resource [mem 0x20080200000-0x280801fffff window]
[    0.843206] pci_bus 0000:40: root bus resource [bus 40-7f]
[    0.843220] pci 0000:40:00.0: [1022:1480] type 00 class 0x060000
[    0.843307] pci 0000:40:00.2: [1022:164f] type 00 class 0x080600
[    0.843431] pci 0000:40:01.0: [1022:1482] type 00 class 0x060000
[    0.843509] pci 0000:40:01.2: [1022:1483] type 01 class 0x060400
[    0.843587] pci 0000:40:01.2: PME# supported from D0 D3hot D3cold
[    0.843743] pci 0000:40:02.0: [1022:1482] type 00 class 0x060000
[    0.843815] pci 0000:40:03.0: [1022:1482] type 00 class 0x060000
[    0.843886] pci 0000:40:04.0: [1022:1482] type 00 class 0x060000
[    0.843957] pci 0000:40:05.0: [1022:1482] type 00 class 0x060000
[    0.844028] pci 0000:40:07.0: [1022:1482] type 00 class 0x060000
[    0.844102] pci 0000:40:07.1: [1022:1484] type 01 class 0x060400
[    0.844129] pci 0000:40:07.1: enabling Extended Tags
[    0.844173] pci 0000:40:07.1: PME# supported from D0 D3hot D3cold
[    0.844326] pci 0000:40:08.0: [1022:1482] type 00 class 0x060000
[    0.844402] pci 0000:40:08.1: [1022:1484] type 01 class 0x060400
[    0.844429] pci 0000:40:08.1: enabling Extended Tags
[    0.844475] pci 0000:40:08.1: PME# supported from D0 D3hot D3cold
[    0.844635] pci 0000:40:08.2: [1022:1484] type 01 class 0x060400
[    0.844663] pci 0000:40:08.2: enabling Extended Tags
[    0.844708] pci 0000:40:08.2: PME# supported from D0 D3hot D3cold
[    0.844853] pci 0000:40:08.3: [1022:1484] type 01 class 0x060400
[    0.844881] pci 0000:40:08.3: enabling Extended Tags
[    0.844927] pci 0000:40:08.3: PME# supported from D0 D3hot D3cold
[    0.845241] pci 0000:41:00.0: [144d:a808] type 00 class 0x010802
[    0.845260] pci 0000:41:00.0: reg 0x10: [mem 0xf2600000-0xf2603fff 64bit]
[    0.845500] pci 0000:40:01.2: PCI bridge to [bus 41]
[    0.845505] pci 0000:40:01.2:   bridge window [mem 0xf2600000-0xf26fffff]
[    0.845582] pci 0000:42:00.0: [1022:148a] type 00 class 0x130000
[    0.845614] pci 0000:42:00.0: enabling Extended Tags
[    0.845797] pci 0000:42:00.2: [1022:1498] type 00 class 0x108000
[    0.845813] pci 0000:42:00.2: reg 0x18: [mem 0xf2500000-0xf257ffff]
[    0.845825] pci 0000:42:00.2: reg 0x24: [mem 0xf2580000-0xf2581fff]
[    0.845834] pci 0000:42:00.2: enabling Extended Tags
[    0.846007] pci 0000:40:07.1: PCI bridge to [bus 42]
[    0.846013] pci 0000:40:07.1:   bridge window [mem 0xf2500000-0xf25fffff]
[    0.846110] pci 0000:43:00.0: [1022:1485] type 00 class 0x130000
[    0.846145] pci 0000:43:00.0: enabling Extended Tags
[    0.846340] pci 0000:43:00.1: [1022:1486] type 00 class 0x108000
[    0.846357] pci 0000:43:00.1: reg 0x18: [mem 0xf2100000-0xf21fffff]
[    0.846369] pci 0000:43:00.1: reg 0x24: [mem 0xf2282000-0xf2283fff]
[    0.846379] pci 0000:43:00.1: enabling Extended Tags
[    0.846551] pci 0000:43:00.2: [1022:1498] type 00 class 0x108000
[    0.846567] pci 0000:43:00.2: reg 0x18: [mem 0xf2200000-0xf227ffff]
[    0.846580] pci 0000:43:00.2: reg 0x24: [mem 0xf2280000-0xf2281fff]
[    0.846589] pci 0000:43:00.2: enabling Extended Tags
[    0.846758] pci 0000:43:00.3: [1022:148c] type 00 class 0x0c0330
[    0.846773] pci 0000:43:00.3: reg 0x10: [mem 0xf2000000-0xf20fffff 64bit]
[    0.846804] pci 0000:43:00.3: enabling Extended Tags
[    0.846852] pci 0000:43:00.3: PME# supported from D0 D3hot D3cold
[    0.847016] pci 0000:40:08.1: PCI bridge to [bus 43]
[    0.847021] pci 0000:40:08.1:   bridge window [mem 0xf2000000-0xf22fffff]
[    0.847083] pci 0000:44:00.0: [1022:7901] type 00 class 0x010601
[    0.847119] pci 0000:44:00.0: reg 0x24: [mem 0xf2400000-0xf24007ff]
[    0.847130] pci 0000:44:00.0: enabling Extended Tags
[    0.847189] pci 0000:44:00.0: PME# supported from D3hot D3cold
[    0.847364] pci 0000:40:08.2: PCI bridge to [bus 44]
[    0.847370] pci 0000:40:08.2:   bridge window [mem 0xf2400000-0xf24fffff]
[    0.847430] pci 0000:45:00.0: [1022:7901] type 00 class 0x010601
[    0.847466] pci 0000:45:00.0: reg 0x24: [mem 0xf2300000-0xf23007ff]
[    0.847478] pci 0000:45:00.0: enabling Extended Tags
[    0.847536] pci 0000:45:00.0: PME# supported from D3hot D3cold
[    0.847710] pci 0000:40:08.3: PCI bridge to [bus 45]
[    0.847715] pci 0000:40:08.3:   bridge window [mem 0xf2300000-0xf23fffff]
[    0.848746] ACPI: PCI Root Bridge [PCI0] (domain 0000 [bus 00-3f])
[    0.848751] acpi PNP0A08:03: _OSC: OS supports [ExtendedConfig ASPM ClockPM Segments MSI EDR HPX-Type3]
[    0.848942] acpi PNP0A08:03: _OSC: platform does not support [AER LTR DPC]
[    0.849289] acpi PNP0A08:03: _OSC: OS now controls [PCIeHotplug SHPCHotplug PME PCIeCapability]
[    0.850017] PCI host bridge to bus 0000:00
[    0.850019] pci_bus 0000:00: root bus resource [io  0x0000-0x03af window]
[    0.850021] pci_bus 0000:00: root bus resource [io  0x03e0-0x0cf7 window]
[    0.850023] pci_bus 0000:00: root bus resource [io  0x1000-0x3fff window]
[    0.850025] pci_bus 0000:00: root bus resource [mem 0x000c0000-0x000dffff window]
[    0.850027] pci_bus 0000:00: root bus resource [mem 0xf7100000-0xf93fffff window]
[    0.850028] pci_bus 0000:00: root bus resource [mem 0x280b0200000-0x380b01fffff window]
[    0.850030] pci_bus 0000:00: root bus resource [bus 00-3f]
[    0.850045] pci 0000:00:00.0: [1022:1480] type 00 class 0x060000
[    0.850134] pci 0000:00:00.2: [1022:164f] type 00 class 0x080600
[    0.850264] pci 0000:00:01.0: [1022:1482] type 00 class 0x060000
[    0.850344] pci 0000:00:02.0: [1022:1482] type 00 class 0x060000
[    0.850425] pci 0000:00:03.0: [1022:1482] type 00 class 0x060000
[    0.850503] pci 0000:00:04.0: [1022:1482] type 00 class 0x060000
[    0.850582] pci 0000:00:05.0: [1022:1482] type 00 class 0x060000
[    0.850661] pci 0000:00:07.0: [1022:1482] type 00 class 0x060000
[    0.850738] pci 0000:00:07.1: [1022:1484] type 01 class 0x060400
[    0.850765] pci 0000:00:07.1: enabling Extended Tags
[    0.850811] pci 0000:00:07.1: PME# supported from D0 D3hot D3cold
[    0.850973] pci 0000:00:08.0: [1022:1482] type 00 class 0x060000
[    0.851050] pci 0000:00:08.1: [1022:1484] type 01 class 0x060400
[    0.851079] pci 0000:00:08.1: enabling Extended Tags
[    0.851126] pci 0000:00:08.1: PME# supported from D0 D3hot D3cold
[    0.851319] pci 0000:00:14.0: [1022:790b] type 00 class 0x0c0500
[    0.851472] pci 0000:00:14.3: [1022:790e] type 00 class 0x060100
[    0.851643] pci 0000:00:18.0: [1022:1650] type 00 class 0x060000
[    0.851697] pci 0000:00:18.1: [1022:1651] type 00 class 0x060000
[    0.851749] pci 0000:00:18.2: [1022:1652] type 00 class 0x060000
[    0.851803] pci 0000:00:18.3: [1022:1653] type 00 class 0x060000
[    0.851856] pci 0000:00:18.4: [1022:1654] type 00 class 0x060000
[    0.851908] pci 0000:00:18.5: [1022:1655] type 00 class 0x060000
[    0.851961] pci 0000:00:18.6: [1022:1656] type 00 class 0x060000
[    0.852018] pci 0000:00:18.7: [1022:1657] type 00 class 0x060000
[    0.852149] pci 0000:01:00.0: [1022:148a] type 00 class 0x130000
[    0.852182] pci 0000:01:00.0: enabling Extended Tags
[    0.852370] pci 0000:01:00.2: [1022:1498] type 00 class 0x108000
[    0.852386] pci 0000:01:00.2: reg 0x18: [mem 0xf9300000-0xf937ffff]
[    0.852399] pci 0000:01:00.2: reg 0x24: [mem 0xf9380000-0xf9381fff]
[    0.852408] pci 0000:01:00.2: enabling Extended Tags
[    0.852586] pci 0000:00:07.1: PCI bridge to [bus 01]
[    0.852591] pci 0000:00:07.1:   bridge window [mem 0xf9300000-0xf93fffff]
[    0.852688] pci 0000:02:00.0: [1022:1485] type 00 class 0x130000
[    0.852723] pci 0000:02:00.0: enabling Extended Tags
[    0.852925] pci 0000:02:00.2: [1022:1498] type 00 class 0x108000
[    0.852942] pci 0000:02:00.2: reg 0x18: [mem 0xf9200000-0xf927ffff]
[    0.852955] pci 0000:02:00.2: reg 0x24: [mem 0xf9280000-0xf9281fff]
[    0.852965] pci 0000:02:00.2: enabling Extended Tags
[    0.853138] pci 0000:02:00.3: [1022:148c] type 00 class 0x0c0330
[    0.853153] pci 0000:02:00.3: reg 0x10: [mem 0xf9100000-0xf91fffff 64bit]
[    0.853184] pci 0000:02:00.3: enabling Extended Tags
[    0.853234] pci 0000:02:00.3: PME# supported from D0 D3hot D3cold
[    0.853397] pci 0000:00:08.1: PCI bridge to [bus 02]
[    0.853402] pci 0000:00:08.1:   bridge window [mem 0xf9100000-0xf92fffff]
[    0.855580] ACPI: PCI: Interrupt link LNKA configured for IRQ 0
[    0.855674] ACPI: PCI: Interrupt link LNKB configured for IRQ 0
[    0.855757] ACPI: PCI: Interrupt link LNKC configured for IRQ 0
[    0.855856] ACPI: PCI: Interrupt link LNKD configured for IRQ 0
[    0.855947] ACPI: PCI: Interrupt link LNKE configured for IRQ 0
[    0.856023] ACPI: PCI: Interrupt link LNKF configured for IRQ 0
[    0.856098] ACPI: PCI: Interrupt link LNKG configured for IRQ 0
[    0.856174] ACPI: PCI: Interrupt link LNKH configured for IRQ 0
[    0.857195] iommu: Default domain type: Translated
[    0.857195] iommu: DMA domain TLB invalidation policy: lazy mode
[    0.857195] SCSI subsystem initialized
[    0.857195] libata version 3.00 loaded.
[    0.857195] ACPI: bus type USB registered
[    0.857195] usbcore: registered new interface driver usbfs
[    0.857195] usbcore: registered new interface driver hub
[    0.857195] usbcore: registered new device driver usb
[    0.857195] pps_core: LinuxPPS API ver. 1 registered
[    0.857195] pps_core: Software ver. 5.3.6 - Copyright 2005-2007 Rodolfo Giometti <giometti@linux.it>
[    0.857195] PTP clock support registered
[    0.857195] EDAC MC: Ver: 3.0.0
[    0.857195] efivars: Registered efivars operations
[    0.859159] NetLabel: Initializing
[    0.859160] NetLabel:  domain hash size = 128
[    0.859161] NetLabel:  protocols = UNLABELED CIPSOv4 CALIPSO
[    0.859182] NetLabel:  unlabeled traffic allowed by default
[    0.859200] mctp: management component transport protocol core
[    0.859200] NET: Registered PF_MCTP protocol family
[    0.859200] PCI: Using ACPI for IRQ routing
[    0.863142] PCI: pci_cache_line_size set to 64 bytes
[    0.863878] e820: reserve RAM buffer [mem 0x75db0000-0x77ffffff]
[    0.863880] e820: reserve RAM buffer [mem 0x7a413018-0x7bffffff]
[    0.863882] e820: reserve RAM buffer [mem 0x7a423018-0x7bffffff]
[    0.863884] e820: reserve RAM buffer [mem 0x7a433018-0x7bffffff]
[    0.863885] e820: reserve RAM buffer [mem 0x7a43c018-0x7bffffff]
[    0.863887] e820: reserve RAM buffer [mem 0x7a466018-0x7bffffff]
[    0.863888] e820: reserve RAM buffer [mem 0x7a490018-0x7bffffff]
[    0.863890] e820: reserve RAM buffer [mem 0x7a4b0018-0x7bffffff]
[    0.863891] e820: reserve RAM buffer [mem 0x7a4c0018-0x7bffffff]
[    0.863892] e820: reserve RAM buffer [mem 0x7b537000-0x7bffffff]
[    0.863893] e820: reserve RAM buffer [mem 0x7ffdc000-0x7fffffff]
[    0.863895] e820: reserve RAM buffer [mem 0x104fe80000-0x104fffffff]
[    0.863896] e820: reserve RAM buffer [mem 0x204f280000-0x204fffffff]
[    0.863994] pci 0000:c1:00.0: vgaarb: setting as boot VGA device
[    0.863994] pci 0000:c1:00.0: vgaarb: bridge control possible
[    0.863994] pci 0000:c1:00.0: vgaarb: VGA device added: decodes=io+mem,owns=none,locks=none
[    0.863994] pci 0000:c5:00.0: vgaarb: setting as boot VGA device (overriding previous)
[    0.863994] pci 0000:c5:00.0: vgaarb: bridge control possible
[    0.863994] pci 0000:c5:00.0: vgaarb: VGA device added: decodes=io+mem,owns=io+mem,locks=none
[    0.863994] vgaarb: loaded
[    0.863994] hpet0: at MMIO 0xfed00000, IRQs 2, 8, 0
[    0.863994] hpet0: 3 comparators, 32-bit 14.318180 MHz counter
[    0.865142] AMD-Vi: SNP enabled
[    0.865144] SEV-SNP: RMP table physical address [0x0000000089f00000 - 0x00000000aa4fffff]
[    0.881325] clocksource: Switched to clocksource hpet
[    0.883393] VFS: Disk quotas dquot_6.6.0
[    0.883416] VFS: Dquot-cache hash table entries: 512 (order 0, 4096 bytes)
[    0.883587] AppArmor: AppArmor Filesystem Enabled
[    0.883643] pnp: PnP ACPI init
[    0.885750] system 00:00: [mem 0xe0000000-0xefffffff] has been reserved
[    0.886776] system 00:02: [io  0x0a00-0x0a0f] has been reserved
[    0.886779] system 00:02: [io  0x0a10-0x0a1f] has been reserved
[    0.886781] system 00:02: [io  0x0290-0x029f] has been reserved
[    0.886783] system 00:02: [io  0x0a30-0x0a3f] has been reserved
[    0.887174] pnp 00:03: [dma 0 disabled]
[    0.887593] pnp 00:04: [dma 0 disabled]
[    0.887993] pnp 00:05: disabling [io  0xfe00-0xfefe] because it overlaps 0000:c0:01.1 BAR 13 [io  0xf000-0xffff]
[    0.888087] system 00:05: [io  0x04d0-0x04d1] has been reserved
[    0.888089] system 00:05: [io  0x040b] has been reserved
[    0.888091] system 00:05: [io  0x04d6] has been reserved
[    0.888093] system 00:05: [io  0x0c00-0x0c01] has been reserved
[    0.888095] system 00:05: [io  0x0c14] has been reserved
[    0.888097] system 00:05: [io  0x0c50-0x0c51] has been reserved
[    0.888098] system 00:05: [io  0x0c52] has been reserved
[    0.888100] system 00:05: [io  0x0c6c] has been reserved
[    0.888102] system 00:05: [io  0x0c6f] has been reserved
[    0.888104] system 00:05: [io  0x0cd0-0x0cd1] has been reserved
[    0.888106] system 00:05: [io  0x0cd2-0x0cd3] has been reserved
[    0.888108] system 00:05: [io  0x0cd4-0x0cd5] has been reserved
[    0.888110] system 00:05: [io  0x0cd6-0x0cd7] has been reserved
[    0.888112] system 00:05: [io  0x0cd8-0x0cdf] has been reserved
[    0.888113] system 00:05: [io  0x0800-0x089f] has been reserved
[    0.888115] system 00:05: [io  0x0b00-0x0b0f] has been reserved
[    0.888117] system 00:05: [io  0x0b20-0x0b3f] has been reserved
[    0.888119] system 00:05: [io  0x0900-0x090f] has been reserved
[    0.888121] system 00:05: [io  0x0910-0x091f] has been reserved
[    0.888123] system 00:05: [mem 0xfedc0000-0xfedc0fff] has been reserved
[    0.888125] system 00:05: [mem 0xfee00000-0xfee00fff] has been reserved
[    0.888127] system 00:05: [mem 0xfed80000-0xfed814ff] has been reserved
[    0.888130] system 00:05: [mem 0xfed81900-0xfed8ffff] has been reserved
[    0.888132] system 00:05: [mem 0xfec10000-0xfec10fff] has been reserved
[    0.888133] system 00:05: [mem 0xff000000-0xffffffff] has been reserved
[    0.889081] pnp: PnP ACPI: found 6 devices
[    0.895984] clocksource: acpi_pm: mask: 0xffffff max_cycles: 0xffffff, max_idle_ns: 2085701024 ns
[    0.896062] NET: Registered PF_INET protocol family
[    0.896172] IP idents hash table entries: 262144 (order: 9, 2097152 bytes, linear)
[    0.898628] tcp_listen_portaddr_hash hash table entries: 65536 (order: 8, 1048576 bytes, linear)
[    0.898699] Table-perturb hash table entries: 65536 (order: 6, 262144 bytes, linear)
[    0.898881] TCP established hash table entries: 524288 (order: 10, 4194304 bytes, linear)
[    0.899269] TCP bind hash table entries: 65536 (order: 9, 2097152 bytes, linear)
[    0.899372] TCP: Hash tables configured (established 524288 bind 65536)
[    0.899578] MPTCP token hash table entries: 65536 (order: 8, 1572864 bytes, linear)
[    0.899794] UDP hash table entries: 65536 (order: 9, 2097152 bytes, linear)
[    0.900022] UDP-Lite hash table entries: 65536 (order: 9, 2097152 bytes, linear)
[    0.900243] NET: Registered PF_UNIX/PF_LOCAL protocol family
[    0.900250] NET: Registered PF_XDP protocol family
[    0.900265] pci 0000:c0:01.1: PCI bridge to [bus c1]
[    0.900268] pci 0000:c0:01.1:   bridge window [io  0xf000-0xffff]
[    0.900272] pci 0000:c0:01.1:   bridge window [mem 0xb9000000-0xba0fffff]
[    0.900275] pci 0000:c0:01.1:   bridge window [mem 0x18000000000-0x18011ffffff 64bit pref]
[    0.900280] pci 0000:c0:01.2: PCI bridge to [bus c2]
[    0.900282] pci 0000:c0:01.2:   bridge window [io  0xe000-0xefff]
[    0.900285] pci 0000:c0:01.2:   bridge window [mem 0xba700000-0xba7fffff]
[    0.900291] pci 0000:c0:03.1: PCI bridge to [bus c3]
[    0.900295] pci 0000:c0:03.1:   bridge window [mem 0xba200000-0xba3fffff]
[    0.900298] pci 0000:c0:03.1:   bridge window [mem 0x18014000000-0x18018ffffff 64bit pref]
[    0.900303] pci 0000:c4:00.0: PCI bridge to [bus c5]
[    0.900305] pci 0000:c4:00.0:   bridge window [io  0xd000-0xdfff]
[    0.900311] pci 0000:c4:00.0:   bridge window [mem 0xb4000000-0xb80fffff]
[    0.900321] pci 0000:c0:03.2: PCI bridge to [bus c4-c5]
[    0.900323] pci 0000:c0:03.2:   bridge window [io  0xd000-0xdfff]
[    0.900327] pci 0000:c0:03.2:   bridge window [mem 0xb4000000-0xb80fffff]
[    0.900333] pci 0000:c0:03.3: PCI bridge to [bus c6]
[    0.900335] pci 0000:c0:03.3:   bridge window [io  0xc000-0xcfff]
[    0.900338] pci 0000:c0:03.3:   bridge window [mem 0xba600000-0xba6fffff]
[    0.900344] pci 0000:c0:07.1: PCI bridge to [bus c7]
[    0.900347] pci 0000:c0:07.1:   bridge window [mem 0xba500000-0xba5fffff]
[    0.900352] pci 0000:c0:08.1: PCI bridge to [bus c8]
[    0.900356] pci 0000:c0:08.1:   bridge window [mem 0xba400000-0xba4fffff]
[    0.900361] pci_bus 0000:c0: resource 4 [io  0x03b0-0x03df window]
[    0.900363] pci_bus 0000:c0: resource 5 [io  0x7000-0xffff window]
[    0.900365] pci_bus 0000:c0: resource 6 [mem 0x000a0000-0x000bffff window]
[    0.900367] pci_bus 0000:c0: resource 7 [mem 0xb0000000-0xbabfffff window]
[    0.900369] pci_bus 0000:c0: resource 8 [mem 0x10020200000-0x180201fffff window]
[    0.900370] pci_bus 0000:c1: resource 0 [io  0xf000-0xffff]
[    0.900372] pci_bus 0000:c1: resource 1 [mem 0xb9000000-0xba0fffff]
[    0.900374] pci_bus 0000:c1: resource 2 [mem 0x18000000000-0x18011ffffff 64bit pref]
[    0.900376] pci_bus 0000:c2: resource 0 [io  0xe000-0xefff]
[    0.900377] pci_bus 0000:c2: resource 1 [mem 0xba700000-0xba7fffff]
[    0.900379] pci_bus 0000:c3: resource 1 [mem 0xba200000-0xba3fffff]
[    0.900381] pci_bus 0000:c3: resource 2 [mem 0x18014000000-0x18018ffffff 64bit pref]
[    0.900383] pci_bus 0000:c4: resource 0 [io  0xd000-0xdfff]
[    0.900384] pci_bus 0000:c4: resource 1 [mem 0xb4000000-0xb80fffff]
[    0.900386] pci_bus 0000:c5: resource 0 [io  0xd000-0xdfff]
[    0.900388] pci_bus 0000:c5: resource 1 [mem 0xb4000000-0xb80fffff]
[    0.900389] pci_bus 0000:c6: resource 0 [io  0xc000-0xcfff]
[    0.900391] pci_bus 0000:c6: resource 1 [mem 0xba600000-0xba6fffff]
[    0.900402] pci_bus 0000:c7: resource 1 [mem 0xba500000-0xba5fffff]
[    0.900403] pci_bus 0000:c8: resource 1 [mem 0xba400000-0xba4fffff]
[    0.900464] pci 0000:80:03.1: PCI bridge to [bus 81]
[    0.900466] pci 0000:80:03.1:   bridge window [io  0x6000-0x6fff]
[    0.900470] pci 0000:80:03.1:   bridge window [mem 0xf6700000-0xf6dfffff]
[    0.900475] pci 0000:80:07.1: PCI bridge to [bus 82]
[    0.900479] pci 0000:80:07.1:   bridge window [mem 0xf7000000-0xf70fffff]
[    0.900484] pci 0000:80:08.1: PCI bridge to [bus 83]
[    0.900488] pci 0000:80:08.1:   bridge window [mem 0xf6f00000-0xf6ffffff]
[    0.900493] pci 0000:80:08.3: PCI bridge to [bus 84]
[    0.900497] pci 0000:80:08.3:   bridge window [mem 0xf6e00000-0xf6efffff]
[    0.900502] pci_bus 0000:80: resource 4 [io  0x5000-0x6fff window]
[    0.900504] pci_bus 0000:80: resource 5 [mem 0xf4700000-0xf70fffff window]
[    0.900506] pci_bus 0000:80: resource 6 [mem 0x18050200000-0x200501fffff window]
[    0.900507] pci_bus 0000:81: resource 0 [io  0x6000-0x6fff]
[    0.900509] pci_bus 0000:81: resource 1 [mem 0xf6700000-0xf6dfffff]
[    0.900511] pci_bus 0000:82: resource 1 [mem 0xf7000000-0xf70fffff]
[    0.900512] pci_bus 0000:83: resource 1 [mem 0xf6f00000-0xf6ffffff]
[    0.900514] pci_bus 0000:84: resource 1 [mem 0xf6e00000-0xf6efffff]
[    0.900568] pci 0000:40:01.2: PCI bridge to [bus 41]
[    0.900572] pci 0000:40:01.2:   bridge window [mem 0xf2600000-0xf26fffff]
[    0.900578] pci 0000:40:07.1: PCI bridge to [bus 42]
[    0.900581] pci 0000:40:07.1:   bridge window [mem 0xf2500000-0xf25fffff]
[    0.900586] pci 0000:40:08.1: PCI bridge to [bus 43]
[    0.900590] pci 0000:40:08.1:   bridge window [mem 0xf2000000-0xf22fffff]
[    0.900595] pci 0000:40:08.2: PCI bridge to [bus 44]
[    0.900599] pci 0000:40:08.2:   bridge window [mem 0xf2400000-0xf24fffff]
[    0.900604] pci 0000:40:08.3: PCI bridge to [bus 45]
[    0.900607] pci 0000:40:08.3:   bridge window [mem 0xf2300000-0xf23fffff]
[    0.900613] pci_bus 0000:40: resource 4 [io  0x4000-0x4fff window]
[    0.900614] pci_bus 0000:40: resource 5 [mem 0xf0000000-0xf26fffff window]
[    0.900616] pci_bus 0000:40: resource 6 [mem 0x20080200000-0x280801fffff window]
[    0.900618] pci_bus 0000:41: resource 1 [mem 0xf2600000-0xf26fffff]
[    0.900620] pci_bus 0000:42: resource 1 [mem 0xf2500000-0xf25fffff]
[    0.900621] pci_bus 0000:43: resource 1 [mem 0xf2000000-0xf22fffff]
[    0.900623] pci_bus 0000:44: resource 1 [mem 0xf2400000-0xf24fffff]
[    0.900625] pci_bus 0000:45: resource 1 [mem 0xf2300000-0xf23fffff]
[    0.900680] pci 0000:00:07.1: PCI bridge to [bus 01]
[    0.900684] pci 0000:00:07.1:   bridge window [mem 0xf9300000-0xf93fffff]
[    0.900689] pci 0000:00:08.1: PCI bridge to [bus 02]
[    0.900693] pci 0000:00:08.1:   bridge window [mem 0xf9100000-0xf92fffff]
[    0.900698] pci_bus 0000:00: resource 4 [io  0x0000-0x03af window]
[    0.900700] pci_bus 0000:00: resource 5 [io  0x03e0-0x0cf7 window]
[    0.900702] pci_bus 0000:00: resource 6 [io  0x1000-0x3fff window]
[    0.900704] pci_bus 0000:00: resource 7 [mem 0x000c0000-0x000dffff window]
[    0.900705] pci_bus 0000:00: resource 8 [mem 0xf7100000-0xf93fffff window]
[    0.900707] pci_bus 0000:00: resource 9 [mem 0x280b0200000-0x380b01fffff window]
[    0.900709] pci_bus 0000:01: resource 1 [mem 0xf9300000-0xf93fffff]
[    0.900710] pci_bus 0000:02: resource 1 [mem 0xf9100000-0xf92fffff]
[    0.900819] pci 0000:c1:00.1: extending delay after power-on from D3hot to 20 msec
[    0.900851] pci 0000:c1:00.1: D0 power state depends on 0000:c1:00.0
[    0.901613] PCI: CLS 64 bytes, default 64
[    0.901659] pci 0000:c0:00.2: AMD-Vi: IOMMU performance counters supported
[    0.901680] Trying to unpack rootfs image as initramfs...
[    0.902766] pci 0000:c0:01.0: Adding to iommu group 0
[    0.902796] pci 0000:c0:01.1: Adding to iommu group 1
[    0.902825] pci 0000:c0:01.2: Adding to iommu group 2
[    0.902870] pci 0000:c0:02.0: Adding to iommu group 3
[    0.902919] pci 0000:c0:03.0: Adding to iommu group 4
[    0.902947] pci 0000:c0:03.1: Adding to iommu group 5
[    0.902977] pci 0000:c0:03.2: Adding to iommu group 6
[    0.903006] pci 0000:c0:03.3: Adding to iommu group 7
[    0.903051] pci 0000:c0:04.0: Adding to iommu group 8
[    0.903097] pci 0000:c0:05.0: Adding to iommu group 9
[    0.903144] pci 0000:c0:07.0: Adding to iommu group 10
[    0.903173] pci 0000:c0:07.1: Adding to iommu group 11
[    0.903220] pci 0000:c0:08.0: Adding to iommu group 12
[    0.903250] pci 0000:c0:08.1: Adding to iommu group 13
[    0.903316] pci 0000:c1:00.0: Adding to iommu group 14
[    0.903344] pci 0000:c1:00.1: Adding to iommu group 14
[    0.903374] pci 0000:c2:00.0: Adding to iommu group 15
[    0.903423] pci 0000:c3:00.0: Adding to iommu group 16
[    0.903475] pci 0000:c3:00.1: Adding to iommu group 17
[    0.903510] pci 0000:c4:00.0: Adding to iommu group 18
[    0.903517] pci 0000:c5:00.0: Adding to iommu group 18
[    0.903550] pci 0000:c6:00.0: Adding to iommu group 19
[    0.903584] pci 0000:c6:00.1: Adding to iommu group 20
[    0.903619] pci 0000:c7:00.0: Adding to iommu group 21
[    0.903650] pci 0000:c7:00.2: Adding to iommu group 22
[    0.903680] pci 0000:c8:00.0: Adding to iommu group 23
[    0.903709] pci 0000:c8:00.2: Adding to iommu group 24
[    0.909062] pci 0000:80:00.2: AMD-Vi: IOMMU performance counters supported
[    0.910162] pci 0000:80:01.0: Adding to iommu group 25
[    0.910209] pci 0000:80:02.0: Adding to iommu group 26
[    0.910259] pci 0000:80:03.0: Adding to iommu group 27
[    0.910288] pci 0000:80:03.1: Adding to iommu group 28
[    0.910334] pci 0000:80:04.0: Adding to iommu group 29
[    0.910381] pci 0000:80:05.0: Adding to iommu group 30
[    0.910429] pci 0000:80:07.0: Adding to iommu group 31
[    0.910457] pci 0000:80:07.1: Adding to iommu group 32
[    0.910506] pci 0000:80:08.0: Adding to iommu group 33
[    0.910535] pci 0000:80:08.1: Adding to iommu group 34
[    0.910565] pci 0000:80:08.3: Adding to iommu group 35
[    0.910593] pci 0000:81:00.0: Adding to iommu group 36
[    0.910622] pci 0000:81:00.1: Adding to iommu group 37
[    0.910652] pci 0000:82:00.0: Adding to iommu group 38
[    0.910682] pci 0000:82:00.2: Adding to iommu group 39
[    0.910712] pci 0000:83:00.0: Adding to iommu group 40
[    0.910741] pci 0000:83:00.2: Adding to iommu group 41
[    0.910771] pci 0000:84:00.0: Adding to iommu group 42
[    0.914639] pci 0000:40:00.2: AMD-Vi: IOMMU performance counters supported
[    0.915726] pci 0000:40:01.0: Adding to iommu group 43
[    0.915757] pci 0000:40:01.2: Adding to iommu group 44
[    0.915803] pci 0000:40:02.0: Adding to iommu group 45
[    0.915849] pci 0000:40:03.0: Adding to iommu group 46
[    0.915899] pci 0000:40:04.0: Adding to iommu group 47
[    0.915946] pci 0000:40:05.0: Adding to iommu group 48
[    0.915993] pci 0000:40:07.0: Adding to iommu group 49
[    0.916022] pci 0000:40:07.1: Adding to iommu group 50
[    0.916071] pci 0000:40:08.0: Adding to iommu group 51
[    0.916101] pci 0000:40:08.1: Adding to iommu group 52
[    0.916129] pci 0000:40:08.2: Adding to iommu group 53
[    0.916158] pci 0000:40:08.3: Adding to iommu group 54
[    0.916188] pci 0000:41:00.0: Adding to iommu group 55
[    0.916219] pci 0000:42:00.0: Adding to iommu group 56
[    0.916249] pci 0000:42:00.2: Adding to iommu group 57
[    0.916278] pci 0000:43:00.0: Adding to iommu group 58
[    0.916308] pci 0000:43:00.1: Adding to iommu group 59
[    0.916339] pci 0000:43:00.2: Adding to iommu group 60
[    0.916370] pci 0000:43:00.3: Adding to iommu group 61
[    0.916407] pci 0000:44:00.0: Adding to iommu group 62
[    0.916436] pci 0000:45:00.0: Adding to iommu group 63
[    0.920942] pci 0000:00:00.2: AMD-Vi: IOMMU performance counters supported
[    0.921992] pci 0000:00:01.0: Adding to iommu group 64
[    0.922039] pci 0000:00:02.0: Adding to iommu group 65
[    0.922086] pci 0000:00:03.0: Adding to iommu group 66
[    0.922133] pci 0000:00:04.0: Adding to iommu group 67
[    0.922178] pci 0000:00:05.0: Adding to iommu group 68
[    0.922229] pci 0000:00:07.0: Adding to iommu group 69
[    0.922259] pci 0000:00:07.1: Adding to iommu group 70
[    0.922307] pci 0000:00:08.0: Adding to iommu group 71
[    0.922337] pci 0000:00:08.1: Adding to iommu group 72
[    0.922402] pci 0000:00:14.0: Adding to iommu group 73
[    0.922444] pci 0000:00:14.3: Adding to iommu group 73
[    0.922621] pci 0000:00:18.0: Adding to iommu group 74
[    0.922661] pci 0000:00:18.1: Adding to iommu group 74
[    0.922702] pci 0000:00:18.2: Adding to iommu group 74
[    0.922743] pci 0000:00:18.3: Adding to iommu group 74
[    0.922784] pci 0000:00:18.4: Adding to iommu group 74
[    0.922825] pci 0000:00:18.5: Adding to iommu group 74
[    0.922866] pci 0000:00:18.6: Adding to iommu group 74
[    0.922907] pci 0000:00:18.7: Adding to iommu group 74
[    0.922937] pci 0000:01:00.0: Adding to iommu group 75
[    0.922967] pci 0000:01:00.2: Adding to iommu group 76
[    0.922997] pci 0000:02:00.0: Adding to iommu group 77
[    0.923027] pci 0000:02:00.2: Adding to iommu group 78
[    0.923058] pci 0000:02:00.3: Adding to iommu group 79
[    0.926713] pci 0000:c0:00.2: AMD-Vi: Found IOMMU cap 0x40
[    0.926715] AMD-Vi: Extended features (0x841f77e022094ace, 0x0): PPR X2APIC NX IA GA PC SNP
[    0.926723] pci 0000:80:00.2: AMD-Vi: Found IOMMU cap 0x40
[    0.926725] AMD-Vi: Extended features (0x841f77e022094ace, 0x0): PPR X2APIC NX IA GA PC SNP
[    0.926731] pci 0000:40:00.2: AMD-Vi: Found IOMMU cap 0x40
[    0.926732] AMD-Vi: Extended features (0x841f77e022094ace, 0x0): PPR X2APIC NX IA GA PC SNP
[    0.926738] pci 0000:00:00.2: AMD-Vi: Found IOMMU cap 0x40
[    0.926740] AMD-Vi: Extended features (0x841f77e022094ace, 0x0): PPR X2APIC NX IA GA PC SNP
[    0.926746] AMD-Vi: Interrupt remapping enabled
[    0.926746] AMD-Vi: X2APIC enabled
[    0.927635] PCI-DMA: Using software bounce buffering for IO (SWIOTLB)
[    0.927638] software IO TLB: mapped [mem 0x0000000076413000-0x000000007a413000] (64MB)
[    0.927703] LVT offset 0 assigned for vector 0x400
[    0.928406] perf: AMD IBS detected (0x000003ff)
[    0.928415] perf/amd_iommu: Detected AMD IOMMU #0 (2 banks, 4 counters/bank).
[    0.928424] perf/amd_iommu: Detected AMD IOMMU #1 (2 banks, 4 counters/bank).
[    0.928432] perf/amd_iommu: Detected AMD IOMMU #2 (2 banks, 4 counters/bank).
[    0.928440] perf/amd_iommu: Detected AMD IOMMU #3 (2 banks, 4 counters/bank).
[    0.931541] Initialise system trusted keyrings
[    0.931551] Key type blacklist registered
[    0.931608] workingset: timestamp_bits=36 max_order=25 bucket_order=0
[    0.931619] zbud: loaded
[    0.931931] squashfs: version 4.0 (2009/01/31) Phillip Lougher
[    0.932049] fuse: init (API version 7.39)
[    0.932242] integrity: Platform Keyring initialized
[    0.932247] integrity: Machine keyring initialized
[    0.940415] Key type asymmetric registered
[    0.940417] Asymmetric key parser 'x509' registered
[    0.940437] Block layer SCSI generic (bsg) driver version 0.4 loaded (major 243)
[    0.940507] io scheduler mq-deadline registered
[    0.947787] pcieport 0000:c0:01.1: PME: Signaling with IRQ 38
[    0.947947] pcieport 0000:c0:01.2: PME: Signaling with IRQ 39
[    0.948083] pcieport 0000:c0:03.1: PME: Signaling with IRQ 40
[    0.948224] pcieport 0000:c0:03.2: PME: Signaling with IRQ 41
[    0.948362] pcieport 0000:c0:03.3: PME: Signaling with IRQ 42
[    0.948634] pcieport 0000:c0:07.1: PME: Signaling with IRQ 44
[    0.948857] pcieport 0000:c0:08.1: PME: Signaling with IRQ 46
[    0.949017] pcieport 0000:80:03.1: PME: Signaling with IRQ 47
[    0.949233] pcieport 0000:80:07.1: PME: Signaling with IRQ 49
[    0.949446] pcieport 0000:80:08.1: PME: Signaling with IRQ 51
[    0.949655] pcieport 0000:80:08.3: PME: Signaling with IRQ 52
[    0.949791] pcieport 0000:40:01.2: PME: Signaling with IRQ 53
[    0.950008] pcieport 0000:40:07.1: PME: Signaling with IRQ 55
[    0.950153] pcieport 0000:40:08.1: PME: Signaling with IRQ 56
[    0.950365] pcieport 0000:40:08.2: PME: Signaling with IRQ 57
[    0.950550] pcieport 0000:40:08.3: PME: Signaling with IRQ 58
[    0.950756] pcieport 0000:00:07.1: PME: Signaling with IRQ 60
[    0.950905] pcieport 0000:00:08.1: PME: Signaling with IRQ 61
[    0.951104] shpchp: Standard Hot Plug PCI Controller Driver version: 0.4
[    0.951914] efifb: probing for efifb
[    0.951928] efifb: No BGRT, not showing boot graphics
[    0.951929] efifb: framebuffer at 0xb4000000, using 8100k, total 8100k
[    0.951931] efifb: mode is 1920x1080x32, linelength=7680, pages=1
[    0.951932] efifb: scrolling: redraw
[    0.951933] efifb: Truecolor: size=8:8:8:8, shift=24:16:8:0
[    0.951992] fbcon: Deferring console take-over
[    0.951993] fb0: EFI VGA frame buffer device
[    0.952519] input: Power Button as /devices/LNXSYSTM:00/LNXSYBUS:00/PNP0C0C:00/input/input0
[    0.952545] ACPI: button: Power Button [PWRB]
[    0.952589] input: Power Button as /devices/LNXSYSTM:00/LNXPWRBN:00/input/input1
[    0.952636] ACPI: button: Power Button [PWRF]
[    0.954196] Estimated ratio of average max frequency by base frequency (times 1024): 1213
[    0.954211] Monitor-Mwait will be used to enter C-1 state
[    0.954215] ACPI: \_SB_.C000: Found 2 idle states
[    0.954355] ACPI: \_SB_.C002: Found 2 idle states
[    0.954478] ACPI: \_SB_.C004: Found 2 idle states
[    0.954674] ACPI: \_SB_.C006: Found 2 idle states
[    0.954869] ACPI: \_SB_.C008: Found 2 idle states
[    0.955049] ACPI: \_SB_.C00A: Found 2 idle states
[    0.955229] ACPI: \_SB_.C00C: Found 2 idle states
[    0.955413] ACPI: \_SB_.C00E: Found 2 idle states
[    0.955539] ACPI: \_SB_.C010: Found 2 idle states
[    0.955724] ACPI: \_SB_.C012: Found 2 idle states
[    0.955906] ACPI: \_SB_.C014: Found 2 idle states
[    0.956088] ACPI: \_SB_.C016: Found 2 idle states
[    0.956278] ACPI: \_SB_.C018: Found 2 idle states
[    0.956475] ACPI: \_SB_.C01A: Found 2 idle states
[    0.956668] ACPI: \_SB_.C01C: Found 2 idle states
[    0.956852] ACPI: \_SB_.C01E: Found 2 idle states
[    0.957046] ACPI: \_SB_.C020: Found 2 idle states
[    0.957228] ACPI: \_SB_.C022: Found 2 idle states
[    0.957426] ACPI: \_SB_.C024: Found 2 idle states
[    0.957622] ACPI: \_SB_.C026: Found 2 idle states
[    0.957805] ACPI: \_SB_.C028: Found 2 idle states
[    0.957994] ACPI: \_SB_.C02A: Found 2 idle states
[    0.958174] ACPI: \_SB_.C02C: Found 2 idle states
[    0.958366] ACPI: \_SB_.C02E: Found 2 idle states
[    0.958489] ACPI: \_SB_.C001: Found 2 idle states
[    0.958668] ACPI: \_SB_.C003: Found 2 idle states
[    0.958850] ACPI: \_SB_.C005: Found 2 idle states
[    0.959031] ACPI: \_SB_.C007: Found 2 idle states
[    0.959211] ACPI: \_SB_.C009: Found 2 idle states
[    0.959388] ACPI: \_SB_.C00B: Found 2 idle states
[    0.959563] ACPI: \_SB_.C00D: Found 2 idle states
[    0.959751] ACPI: \_SB_.C00F: Found 2 idle states
[    0.959946] ACPI: \_SB_.C011: Found 2 idle states
[    0.960134] ACPI: \_SB_.C013: Found 2 idle states
[    0.960316] ACPI: \_SB_.C015: Found 2 idle states
[    0.960515] ACPI: \_SB_.C017: Found 2 idle states
[    0.960702] ACPI: \_SB_.C019: Found 2 idle states
[    0.960897] ACPI: \_SB_.C01B: Found 2 idle states
[    0.961084] ACPI: \_SB_.C01D: Found 2 idle states
[    0.961276] ACPI: \_SB_.C01F: Found 2 idle states
[    0.961466] ACPI: \_SB_.C021: Found 2 idle states
[    0.961656] ACPI: \_SB_.C023: Found 2 idle states
[    0.961835] ACPI: \_SB_.C025: Found 2 idle states
[    0.962019] ACPI: \_SB_.C027: Found 2 idle states
[    0.962215] ACPI: \_SB_.C029: Found 2 idle states
[    0.962406] ACPI: \_SB_.C02B: Found 2 idle states
[    0.962592] ACPI: \_SB_.C02D: Found 2 idle states
[    0.962781] ACPI: \_SB_.C02F: Found 2 idle states
[    0.963091] ERST: Error Record Serialization Table (ERST) support is initialized.
[    0.963113] pstore: Using crash dump compression: deflate
[    0.963115] pstore: Registered erst as persistent store backend
[    0.966557] Serial: 8250/16550 driver, 32 ports, IRQ sharing enabled
[    0.987208] 00:03: ttyS0 at I/O 0x3f8 (irq = 4, base_baud = 115200) is a 16550A
[    1.013561] 00:04: ttyS1 at I/O 0x2f8 (irq = 3, base_baud = 115200) is a 16550A
[    1.023628] Linux agpgart interface v0.103
[    1.037058] loop: module loaded
[    1.037929] tun: Universal TUN/TAP device driver, 1.6
[    1.037969] PPP generic driver version 2.4.2
[    1.038883] i8042: PNP: No PS/2 controller found.
[    1.038955] mousedev: PS/2 mouse device common for all mice
[    1.039343] rtc_cmos 00:01: registered as rtc0
[    1.039422] rtc_cmos 00:01: setting system clock to 2024-01-05T04:55:04 UTC (1704430504)
[    1.039455] rtc_cmos 00:01: alarms up to one month, y3k, 114 bytes nvram, hpet irqs
[    1.039464] i2c_dev: i2c /dev entries driver
[    1.040229] device-mapper: core: CONFIG_IMA_DISABLE_HTABLE is disabled. Duplicate IMA measurements will not be recorded in the IMA log.
[    1.040241] device-mapper: uevent: version 1.0.3
[    1.040308] device-mapper: ioctl: 4.48.0-ioctl (2023-03-01) initialised: dm-devel@redhat.com
[    1.040336] platform eisa.0: Probing EISA bus 0
[    1.040339] platform eisa.0: EISA: Cannot allocate resource for mainboard
[    1.040341] platform eisa.0: Cannot allocate resource for EISA slot 1
[    1.040343] platform eisa.0: Cannot allocate resource for EISA slot 2
[    1.040344] platform eisa.0: Cannot allocate resource for EISA slot 3
[    1.040346] platform eisa.0: Cannot allocate resource for EISA slot 4
[    1.040348] platform eisa.0: Cannot allocate resource for EISA slot 5
[    1.040349] platform eisa.0: Cannot allocate resource for EISA slot 6
[    1.040351] platform eisa.0: Cannot allocate resource for EISA slot 7
[    1.040352] platform eisa.0: Cannot allocate resource for EISA slot 8
[    1.040353] platform eisa.0: EISA: Detected 0 cards
[    1.040356] amd_pstate: driver load is disabled, boot with specific mode to enable this
[    1.042068] ledtrig-cpu: registered to indicate activity on CPUs
[    1.042721] drop_monitor: Initializing network drop monitor service
[    1.042823] NET: Registered PF_INET6 protocol family
[    1.143144] Freeing initrd memory: 60820K
[    1.149073] Segment Routing with IPv6
[    1.149086] In-situ OAM (IOAM) with IPv6
[    1.149112] NET: Registered PF_PACKET protocol family
[    1.149188] Key type dns_resolver registered
[    1.154110] microcode: microcode updated early to new patch_level=0x0a0011d1
[    1.154163] microcode: CPU2: patch_level=0x0a0011d1
[    1.154164] microcode: CPU6: patch_level=0x0a0011d1
[    1.154173] microcode: CPU1: patch_level=0x0a0011d1
[    1.154177] microcode: CPU3: patch_level=0x0a0011d1
[    1.154180] microcode: CPU5: patch_level=0x0a0011d1
[    1.154180] microcode: CPU4: patch_level=0x0a0011d1
[    1.154182] microcode: CPU24: patch_level=0x0a0011d1
[    1.154180] microcode: CPU8: patch_level=0x0a0011d1
[    1.154181] microcode: CPU7: patch_level=0x0a0011d1
[    1.154411] microcode: CPU24: new patch_level=0x0a0011d1
[    1.154413] microcode: CPU8: new patch_level=0x0a0011d1
[    1.154418] microcode: CPU32: patch_level=0x0a0011d1
[    1.154425] microcode: CPU0: patch_level=0x0a0011d1
[    1.154429] microcode: CPU2: new patch_level=0x0a0011d1
[    1.154431] microcode: CPU6: new patch_level=0x0a0011d1
[    1.154436] microcode: CPU9: patch_level=0x0a0011d1
[    1.154436] microcode: CPU33: patch_level=0x0a0011d1
[    1.154438] microcode: CPU11: patch_level=0x0a0011d1
[    1.154439] microcode: CPU35: patch_level=0x0a0011d1
[    1.154439] microcode: CPU41: patch_level=0x0a0011d1
[    1.154439] microcode: CPU19: patch_level=0x0a0011d1
[    1.154438] microcode: CPU43: patch_level=0x0a0011d1
[    1.154439] microcode: CPU13: patch_level=0x0a0011d1
[    1.154439] microcode: CPU36: patch_level=0x0a0011d1
[    1.154439] microcode: CPU12: patch_level=0x0a0011d1
[    1.154440] microcode: CPU10: patch_level=0x0a0011d1
[    1.154440] microcode: CPU34: patch_level=0x0a0011d1
[    1.154439] microcode: CPU37: patch_level=0x0a0011d1
[    1.154439] microcode: CPU17: patch_level=0x0a0011d1
[    1.154441] microcode: CPU21: patch_level=0x0a0011d1
[    1.154443] microcode: CPU39: patch_level=0x0a0011d1
[    1.154442] microcode: CPU15: patch_level=0x0a0011d1
[    1.154443] microcode: CPU40: patch_level=0x0a0011d1
[    1.154441] microcode: CPU47: patch_level=0x0a0011d1
[    1.154446] microcode: CPU30: patch_level=0x0a0011d1
[    1.154443] microcode: CPU26: patch_level=0x0a0011d1
[    1.154444] microcode: CPU18: patch_level=0x0a0011d1
[    1.154445] microcode: CPU38: patch_level=0x0a0011d1
[    1.154445] microcode: CPU14: patch_level=0x0a0011d1
[    1.154444] microcode: CPU42: patch_level=0x0a0011d1
[    1.154444] microcode: CPU44: patch_level=0x0a0011d1
[    1.154443] microcode: CPU16: patch_level=0x0a0011d1
[    1.154444] microcode: CPU23: patch_level=0x0a0011d1
[    1.154449] microcode: CPU46: patch_level=0x0a0011d1
[    1.154451] microcode: CPU1: new patch_level=0x0a0011d1
[    1.154444] microcode: CPU20: patch_level=0x0a0011d1
[    1.154442] microcode: CPU45: patch_level=0x0a0011d1
[    1.154447] microcode: CPU22: patch_level=0x0a0011d1
[    1.154454] microcode: CPU3: new patch_level=0x0a0011d1
[    1.154457] microcode: CPU27: patch_level=0x0a0011d1
[    1.154457] microcode: CPU5: new patch_level=0x0a0011d1
[    1.154457] microcode: CPU25: patch_level=0x0a0011d1
[    1.154458] microcode: CPU4: new patch_level=0x0a0011d1
[    1.154459] microcode: CPU28: patch_level=0x0a0011d1
[    1.154458] microcode: CPU7: new patch_level=0x0a0011d1
[    1.154461] microcode: CPU29: patch_level=0x0a0011d1
[    1.154465] microcode: CPU31: patch_level=0x0a0011d1
[    1.154648] microcode: CPU32: new patch_level=0x0a0011d1
[    1.154652] microcode: CPU0: new patch_level=0x0a0011d1
[    1.154666] microcode: CPU33: new patch_level=0x0a0011d1
[    1.154675] microcode: CPU41: new patch_level=0x0a0011d1
[    1.154898] microcode: CPU35: new patch_level=0x0a0011d1
[    1.154896] microcode: CPU11: new patch_level=0x0a0011d1
[    1.154898] microcode: CPU9: new patch_level=0x0a0011d1
[    1.154906] microcode: CPU17: new patch_level=0x0a0011d1
[    1.154677] microcode: CPU43: new patch_level=0x0a0011d1
[    1.154909] microcode: CPU19: new patch_level=0x0a0011d1
[    1.154922] microcode: CPU40: new patch_level=0x0a0011d1
[    1.154947] microcode: CPU26: new patch_level=0x0a0011d1
[    1.154949] microcode: CPU30: new patch_level=0x0a0011d1
[    1.154962] microcode: CPU21: new patch_level=0x0a0011d1
[    1.154966] microcode: CPU44: new patch_level=0x0a0011d1
[    1.154910] microcode: CPU10: new patch_level=0x0a0011d1
[    1.155135] microcode: CPU34: new patch_level=0x0a0011d1
[    1.154912] microcode: CPU12: new patch_level=0x0a0011d1
[    1.155142] microcode: CPU36: new patch_level=0x0a0011d1
[    1.155145] microcode: CPU13: new patch_level=0x0a0011d1
[    1.155145] microcode: CPU37: new patch_level=0x0a0011d1
[    1.155146] microcode: CPU39: new patch_level=0x0a0011d1
[    1.155146] microcode: CPU15: new patch_level=0x0a0011d1
[    1.155151] microcode: CPU14: new patch_level=0x0a0011d1
[    1.155151] microcode: CPU38: new patch_level=0x0a0011d1
[    1.155186] microcode: CPU16: new patch_level=0x0a0011d1
[    1.154961] microcode: CPU47: new patch_level=0x0a0011d1
[    1.155198] microcode: CPU23: new patch_level=0x0a0011d1
[    1.155199] microcode: CPU42: new patch_level=0x0a0011d1
[    1.155199] microcode: CPU18: new patch_level=0x0a0011d1
[    1.155201] microcode: CPU20: new patch_level=0x0a0011d1
[    1.155201] microcode: CPU45: new patch_level=0x0a0011d1
[    1.155424] microcode: CPU31: new patch_level=0x0a0011d1
[    1.155425] microcode: CPU27: new patch_level=0x0a0011d1
[    1.155198] microcode: CPU46: new patch_level=0x0a0011d1
[    1.155428] microcode: CPU22: new patch_level=0x0a0011d1
[    1.155428] microcode: CPU25: new patch_level=0x0a0011d1
[    1.155429] microcode: CPU28: new patch_level=0x0a0011d1
[    1.155430] microcode: CPU29: new patch_level=0x0a0011d1
[    1.155542] microcode: Microcode Update Driver: v2.2.
[    1.156866] resctrl: L3 allocation detected
[    1.156868] resctrl: MB allocation detected
[    1.156869] resctrl: L3 monitoring detected
[    1.156873] IPI shorthand broadcast: enabled
[    1.159278] registered taskstats version 1
[    1.162619] Loading compiled-in X.509 certificates
[    1.163088] Loaded X.509 cert 'Build time autogenerated kernel key: 408acf1f99e22d907615a76bb8a428267274917b'
[    1.166072] Key type .fscrypt registered
[    1.166074] Key type fscrypt-provisioning registered
[    1.169790] Key type encrypted registered
[    1.169793] AppArmor: AppArmor sha1 policy hashing enabled
[    1.169942] integrity: Loading X.509 certificate: UEFI:db
[    1.170242] integrity: Loaded X.509 cert 'ASUSTeK MotherBoard SW Key Certificate: da83b990422ebc8c441f8d8b039a65a2'
[    1.170245] integrity: Loading X.509 certificate: UEFI:db
[    1.170474] integrity: Loaded X.509 cert 'ASUSTeK Notebook SW Key Certificate: b8e581e4df77a5bb4282d5ccfc00c071'
[    1.170477] integrity: Loading X.509 certificate: UEFI:db
[    1.170509] integrity: Loaded X.509 cert 'Microsoft Corporation UEFI CA 2011: 13adbf4309bd82709c8cd54f316ed522988a1bd4'
[    1.170512] integrity: Loading X.509 certificate: UEFI:db
[    1.170541] integrity: Loaded X.509 cert 'Microsoft Windows Production PCA 2011: a92902398e16c49778cd90f99e4f9ae17c55af53'
[    1.170543] integrity: Loading X.509 certificate: UEFI:db
[    1.170778] integrity: Loaded X.509 cert 'Canonical Ltd. Master Certificate Authority: ad91990bc22ab1f517048c23b6655a268e345a63'
[    1.171132] ima: No TPM chip found, activating TPM-bypass!
[    1.171135] Loading compiled-in module X.509 certificates
[    1.171500] Loaded X.509 cert 'Build time autogenerated kernel key: 408acf1f99e22d907615a76bb8a428267274917b'
[    1.171502] ima: Allocated hash algorithm: sha1
[    1.171509] ima: No architecture policies found
[    1.171521] evm: Initialising EVM extended attributes:
[    1.171522] evm: security.selinux
[    1.171523] evm: security.SMACK64
[    1.171524] evm: security.SMACK64EXEC
[    1.171525] evm: security.SMACK64TRANSMUTE
[    1.171526] evm: security.SMACK64MMAP
[    1.171527] evm: security.apparmor
[    1.171528] evm: security.ima
[    1.171529] evm: security.capability
[    1.171530] evm: HMAC attrs: 0x1
[    1.171934] PM:   Magic number: 8:655:918
[    1.171980] clockevents clockevent11: hash matches
[    1.172042] acpi device:ec: hash matches
[    1.172152] GHES GHES.21132: hash matches
[    1.172171] GHES GHES.20977: hash matches
[    1.172249] GHES GHES.5220: hash matches
[    1.255001] RAS: Correctable Errors collector initialized.
[    1.255072] Unstable clock detected, switching default tracing clock to "global"
               If you want to keep using the local clock, then add:
                 "trace_clock=local"
               on the kernel command line
[    1.255155] clk: Disabling unused clocks
[    1.256896] Freeing unused decrypted memory: 2028K
[    1.257556] Freeing unused kernel image (initmem) memory: 4700K
[    1.268437] Write protecting the kernel read-only data: 26624k
[    1.269279] Freeing unused kernel image (rodata/data gap) memory: 1104K
[    1.325557] x86/mm: Checked W+X mappings: passed, no W+X pages found.
[    1.325562] Run /init as init process
[    1.325563]   with arguments:
[    1.325565]     /init
[    1.325566]     splash
[    1.325567]   with environment:
[    1.325568]     HOME=/
[    1.325569]     TERM=linux
[    1.325570]     BOOT_IMAGE=/boot/vmlinuz-6.6.0-rc1-snp-host-5a170ce1a082
[    1.634915] piix4_smbus 0000:00:14.0: SMBus Host Controller at 0xb00, revision 0
[    1.634920] piix4_smbus 0000:00:14.0: Using register 0x02 for SMBus port selection
[    1.635179] piix4_smbus 0000:00:14.0: Auxiliary SMBus Host Controller at 0xb20
[    1.635768] xhci_hcd 0000:43:00.3: xHCI Host Controller
[    1.635788] xhci_hcd 0000:43:00.3: new USB bus registered, assigned bus number 1
[    1.635893] xhci_hcd 0000:43:00.3: hcc params 0x0260ffe5 hci version 0x110 quirks 0x0000000000000410
[    1.636449] xhci_hcd 0000:43:00.3: xHCI Host Controller
[    1.636454] xhci_hcd 0000:43:00.3: new USB bus registered, assigned bus number 2
[    1.636458] xhci_hcd 0000:43:00.3: Host supports USB 3.1 Enhanced SuperSpeed
[    1.636569] usb usb1: New USB device found, idVendor=1d6b, idProduct=0002, bcdDevice= 6.06
[    1.636572] usb usb1: New USB device strings: Mfr=3, Product=2, SerialNumber=1
[    1.636574] usb usb1: Product: xHCI Host Controller
[    1.636576] usb usb1: Manufacturer: Linux 6.6.0-rc1-snp-host-5a170ce1a082 xhci-hcd
[    1.636577] usb usb1: SerialNumber: 0000:43:00.3
[    1.636846] hub 1-0:1.0: USB hub found
[    1.636863] hub 1-0:1.0: 2 ports detected
[    1.637230] usb usb2: We don't know the algorithms for LPM for this host, disabling LPM.
[    1.637311] usb usb2: New USB device found, idVendor=1d6b, idProduct=0003, bcdDevice= 6.06
[    1.637314] usb usb2: New USB device strings: Mfr=3, Product=2, SerialNumber=1
[    1.637316] usb usb2: Product: xHCI Host Controller
[    1.637317] usb usb2: Manufacturer: Linux 6.6.0-rc1-snp-host-5a170ce1a082 xhci-hcd
[    1.637319] usb usb2: SerialNumber: 0000:43:00.3
[    1.637546] hub 2-0:1.0: USB hub found
[    1.637560] hub 2-0:1.0: 2 ports detected
[    1.638028] xhci_hcd 0000:02:00.3: xHCI Host Controller
[    1.638038] xhci_hcd 0000:02:00.3: new USB bus registered, assigned bus number 3
[    1.638136] xhci_hcd 0000:02:00.3: hcc params 0x0260ffe5 hci version 0x110 quirks 0x0000000000000410
[    1.638658] xhci_hcd 0000:02:00.3: xHCI Host Controller
[    1.638662] xhci_hcd 0000:02:00.3: new USB bus registered, assigned bus number 4
[    1.638664] xhci_hcd 0000:02:00.3: Host supports USB 3.1 Enhanced SuperSpeed
