[    0.000000] Linux version 6.2.0-36-generic (buildd@lcy02-amd64-050) (x86_64-linux-gnu-gcc-11 (Ubuntu 11.4.0-1ubuntu1~22.04) 11.4.0, GNU ld (GNU Binutils for Ubuntu) 2.38) #37~22.04.1-Ubuntu SMP PREEMPT_DYNAMIC Mon Oct  9 15:34:04 UTC 2 (Ubuntu 6.2.0-36.37~22.04.1-generic 6.2.16)
[    0.000000] Command line: BOOT_IMAGE=/boot/vmlinuz-6.2.0-36-generic root=UUID=81f73b6b-69f2-406e-96ec-7fba60d03b05 ro udev.event-timeout=10 quiet splash vt.handoff=7
[    0.000000] KERNEL supported cpus:
[    0.000000]   Intel GenuineIntel
[    0.000000]   AMD AuthenticAMD
[    0.000000]   Hygon HygonGenuine
[    0.000000]   Centaur CentaurHauls
[    0.000000]   zhaoxin   Shanghai  
[    0.000000] BIOS-provided physical RAM map:
[    0.000000] BIOS-e820: [mem 0x0000000000000000-0x000000000009ffff] usable
[    0.000000] BIOS-e820: [mem 0x00000000000a0000-0x00000000000fffff] reserved
[    0.000000] BIOS-e820: [mem 0x0000000000100000-0x000000002fffffff] usable
[    0.000000] BIOS-e820: [mem 0x0000000030000000-0x000000003000afff] ACPI NVS
[    0.000000] BIOS-e820: [mem 0x000000003000b000-0x0000000075daffff] usable
[    0.000000] BIOS-e820: [mem 0x0000000075db0000-0x0000000075ffffff] reserved
[    0.000000] BIOS-e820: [mem 0x0000000076000000-0x000000007ffe7fff] usable
[    0.000000] BIOS-e820: [mem 0x000000007ffe8000-0x00000000aa567fff] reserved
[    0.000000] BIOS-e820: [mem 0x00000000aa568000-0x00000000aa652fff] ACPI data
[    0.000000] BIOS-e820: [mem 0x00000000aa653000-0x00000000aaad3fff] ACPI NVS
[    0.000000] BIOS-e820: [mem 0x00000000aaad4000-0x00000000ab9fefff] reserved
[    0.000000] BIOS-e820: [mem 0x00000000ab9ff000-0x00000000abffffff] usable
[    0.000000] BIOS-e820: [mem 0x00000000ac000000-0x00000000afffffff] reserved
[    0.000000] BIOS-e820: [mem 0x00000000b6d00000-0x00000000b6dfffff] reserved
[    0.000000] BIOS-e820: [mem 0x00000000b6f00000-0x00000000b7000fff] reserved
[    0.000000] BIOS-e820: [mem 0x00000000b7100000-0x00000000b71fffff] reserved
[    0.000000] BIOS-e820: [mem 0x00000000f2880000-0x00000000f2880fff] reserved
[    0.000000] BIOS-e820: [mem 0x00000000f3880000-0x00000000f3880fff] reserved
[    0.000000] BIOS-e820: [mem 0x00000000f9580000-0x00000000f9580fff] reserved
[    0.000000] BIOS-e820: [mem 0x00000000fea00000-0x00000000feafffff] reserved
[    0.000000] BIOS-e820: [mem 0x00000000fec00000-0x00000000fec00fff] reserved
[    0.000000] BIOS-e820: [mem 0x00000000fec10000-0x00000000fec10fff] reserved
[    0.000000] BIOS-e820: [mem 0x00000000fed00000-0x00000000fed00fff] reserved
[    0.000000] BIOS-e820: [mem 0x00000000fed40000-0x00000000fed44fff] reserved
[    0.000000] BIOS-e820: [mem 0x00000000fed80000-0x00000000fed8ffff] reserved
[    0.000000] BIOS-e820: [mem 0x00000000fedc0000-0x00000000fedc0fff] reserved
[    0.000000] BIOS-e820: [mem 0x00000000fedc2000-0x00000000fedc8fff] reserved
[    0.000000] BIOS-e820: [mem 0x00000000fee00000-0x00000000feefffff] reserved
[    0.000000] BIOS-e820: [mem 0x00000000ff000000-0x00000000ffffffff] reserved
[    0.000000] BIOS-e820: [mem 0x0000000100000000-0x000000104fe7ffff] usable
[    0.000000] BIOS-e820: [mem 0x000000104fe80000-0x000000104fffffff] reserved
[    0.000000] BIOS-e820: [mem 0x0000001050000000-0x000000204f27ffff] usable
[    0.000000] BIOS-e820: [mem 0x000000204f280000-0x000000204fffffff] reserved
[    0.000000] BIOS-e820: [mem 0x00000ffc00000000-0x00000ffc03ffffff] reserved
[    0.000000] NX (Execute Disable) protection: active
[    0.000000] e820: update [mem 0x7a595018-0x7a5a4057] usable ==> usable
[    0.000000] e820: update [mem 0x7a595018-0x7a5a4057] usable ==> usable
[    0.000000] e820: update [mem 0x7a585018-0x7a594057] usable ==> usable
[    0.000000] e820: update [mem 0x7a585018-0x7a594057] usable ==> usable
[    0.000000] e820: update [mem 0x7a55b018-0x7a584457] usable ==> usable
[    0.000000] e820: update [mem 0x7a55b018-0x7a584457] usable ==> usable
[    0.000000] e820: update [mem 0x7a531018-0x7a55a457] usable ==> usable
[    0.000000] e820: update [mem 0x7a531018-0x7a55a457] usable ==> usable
[    0.000000] e820: update [mem 0x7a528018-0x7a530057] usable ==> usable
[    0.000000] e820: update [mem 0x7a528018-0x7a530057] usable ==> usable
[    0.000000] e820: update [mem 0x79f3e018-0x79f4d057] usable ==> usable
[    0.000000] e820: update [mem 0x79f3e018-0x79f4d057] usable ==> usable
[    0.000000] e820: update [mem 0x79f2e018-0x79f3d057] usable ==> usable
[    0.000000] e820: update [mem 0x79f2e018-0x79f3d057] usable ==> usable
[    0.000000] extended physical RAM map:
[    0.000000] reserve setup_data: [mem 0x0000000000000000-0x000000000009ffff] usable
[    0.000000] reserve setup_data: [mem 0x00000000000a0000-0x00000000000fffff] reserved
[    0.000000] reserve setup_data: [mem 0x0000000000100000-0x000000002fffffff] usable
[    0.000000] reserve setup_data: [mem 0x0000000030000000-0x000000003000afff] ACPI NVS
[    0.000000] reserve setup_data: [mem 0x000000003000b000-0x0000000075daffff] usable
[    0.000000] reserve setup_data: [mem 0x0000000075db0000-0x0000000075ffffff] reserved
[    0.000000] reserve setup_data: [mem 0x0000000076000000-0x0000000079f2e017] usable
[    0.000000] reserve setup_data: [mem 0x0000000079f2e018-0x0000000079f3d057] usable
[    0.000000] reserve setup_data: [mem 0x0000000079f3d058-0x0000000079f3e017] usable
[    0.000000] reserve setup_data: [mem 0x0000000079f3e018-0x0000000079f4d057] usable
[    0.000000] reserve setup_data: [mem 0x0000000079f4d058-0x000000007a528017] usable
[    0.000000] reserve setup_data: [mem 0x000000007a528018-0x000000007a530057] usable
[    0.000000] reserve setup_data: [mem 0x000000007a530058-0x000000007a531017] usable
[    0.000000] reserve setup_data: [mem 0x000000007a531018-0x000000007a55a457] usable
[    0.000000] reserve setup_data: [mem 0x000000007a55a458-0x000000007a55b017] usable
[    0.000000] reserve setup_data: [mem 0x000000007a55b018-0x000000007a584457] usable
[    0.000000] reserve setup_data: [mem 0x000000007a584458-0x000000007a585017] usable
[    0.000000] reserve setup_data: [mem 0x000000007a585018-0x000000007a594057] usable
[    0.000000] reserve setup_data: [mem 0x000000007a594058-0x000000007a595017] usable
[    0.000000] reserve setup_data: [mem 0x000000007a595018-0x000000007a5a4057] usable
[    0.000000] reserve setup_data: [mem 0x000000007a5a4058-0x000000007ffe7fff] usable
[    0.000000] reserve setup_data: [mem 0x000000007ffe8000-0x00000000aa567fff] reserved
[    0.000000] reserve setup_data: [mem 0x00000000aa568000-0x00000000aa652fff] ACPI data
[    0.000000] reserve setup_data: [mem 0x00000000aa653000-0x00000000aaad3fff] ACPI NVS
[    0.000000] reserve setup_data: [mem 0x00000000aaad4000-0x00000000ab9fefff] reserved
[    0.000000] reserve setup_data: [mem 0x00000000ab9ff000-0x00000000abffffff] usable
[    0.000000] reserve setup_data: [mem 0x00000000ac000000-0x00000000afffffff] reserved
[    0.000000] reserve setup_data: [mem 0x00000000b6d00000-0x00000000b6dfffff] reserved
[    0.000000] reserve setup_data: [mem 0x00000000b6f00000-0x00000000b7000fff] reserved
[    0.000000] reserve setup_data: [mem 0x00000000b7100000-0x00000000b71fffff] reserved
[    0.000000] reserve setup_data: [mem 0x00000000f2880000-0x00000000f2880fff] reserved
[    0.000000] reserve setup_data: [mem 0x00000000f3880000-0x00000000f3880fff] reserved
[    0.000000] reserve setup_data: [mem 0x00000000f9580000-0x00000000f9580fff] reserved
[    0.000000] reserve setup_data: [mem 0x00000000fea00000-0x00000000feafffff] reserved
[    0.000000] reserve setup_data: [mem 0x00000000fec00000-0x00000000fec00fff] reserved
[    0.000000] reserve setup_data: [mem 0x00000000fec10000-0x00000000fec10fff] reserved
[    0.000000] reserve setup_data: [mem 0x00000000fed00000-0x00000000fed00fff] reserved
[    0.000000] reserve setup_data: [mem 0x00000000fed40000-0x00000000fed44fff] reserved
[    0.000000] reserve setup_data: [mem 0x00000000fed80000-0x00000000fed8ffff] reserved
[    0.000000] reserve setup_data: [mem 0x00000000fedc0000-0x00000000fedc0fff] reserved
[    0.000000] reserve setup_data: [mem 0x00000000fedc2000-0x00000000fedc8fff] reserved
[    0.000000] reserve setup_data: [mem 0x00000000fee00000-0x00000000feefffff] reserved
[    0.000000] reserve setup_data: [mem 0x00000000ff000000-0x00000000ffffffff] reserved
[    0.000000] reserve setup_data: [mem 0x0000000100000000-0x000000104fe7ffff] usable
[    0.000000] reserve setup_data: [mem 0x000000104fe80000-0x000000104fffffff] reserved
[    0.000000] reserve setup_data: [mem 0x0000001050000000-0x000000204f27ffff] usable
[    0.000000] reserve setup_data: [mem 0x000000204f280000-0x000000204fffffff] reserved
[    0.000000] reserve setup_data: [mem 0x00000ffc00000000-0x00000ffc03ffffff] reserved
[    0.000000] efi: EFI v2.80 by American Megatrends
[    0.000000] efi: ACPI=0xaa652000 ACPI 2.0=0xaa652014 SMBIOS=0xab49c000 SMBIOS 3.0=0xab49b000 MEMATTR=0x7a605018 ESRT=0x7b5fdf18 MOKvar=0xab54f000 RNG=0xaa5ed018 
[    0.000000] random: crng init done
[    0.000000] efi: Remove mem42: MMIO range=[0xb6d00000-0xb6dfffff] (1MB) from e820 map
[    0.000000] e820: remove [mem 0xb6d00000-0xb6dfffff] reserved
[    0.000000] efi: Remove mem43: MMIO range=[0xb6f00000-0xb7000fff] (1MB) from e820 map
[    0.000000] e820: remove [mem 0xb6f00000-0xb7000fff] reserved
[    0.000000] efi: Remove mem44: MMIO range=[0xb7100000-0xb71fffff] (1MB) from e820 map
[    0.000000] e820: remove [mem 0xb7100000-0xb71fffff] reserved
[    0.000000] efi: Not removing mem45: MMIO range=[0xf2880000-0xf2880fff] (4KB) from e820 map
[    0.000000] efi: Not removing mem46: MMIO range=[0xf3880000-0xf3880fff] (4KB) from e820 map
[    0.000000] efi: Not removing mem47: MMIO range=[0xf9580000-0xf9580fff] (4KB) from e820 map
[    0.000000] efi: Remove mem48: MMIO range=[0xfea00000-0xfeafffff] (1MB) from e820 map
[    0.000000] e820: remove [mem 0xfea00000-0xfeafffff] reserved
[    0.000000] efi: Not removing mem49: MMIO range=[0xfec00000-0xfec00fff] (4KB) from e820 map
[    0.000000] efi: Not removing mem50: MMIO range=[0xfec10000-0xfec10fff] (4KB) from e820 map
[    0.000000] efi: Not removing mem51: MMIO range=[0xfed00000-0xfed00fff] (4KB) from e820 map
[    0.000000] efi: Not removing mem52: MMIO range=[0xfed40000-0xfed44fff] (20KB) from e820 map
[    0.000000] efi: Not removing mem53: MMIO range=[0xfed80000-0xfed8ffff] (64KB) from e820 map
[    0.000000] efi: Not removing mem54: MMIO range=[0xfedc0000-0xfedc0fff] (4KB) from e820 map
[    0.000000] efi: Not removing mem55: MMIO range=[0xfedc2000-0xfedc8fff] (28KB) from e820 map
[    0.000000] efi: Remove mem56: MMIO range=[0xfee00000-0xfeefffff] (1MB) from e820 map
[    0.000000] e820: remove [mem 0xfee00000-0xfeefffff] reserved
[    0.000000] efi: Remove mem57: MMIO range=[0xff000000-0xffffffff] (16MB) from e820 map
[    0.000000] e820: remove [mem 0xff000000-0xffffffff] reserved
[    0.000000] efi: Remove mem60: MMIO range=[0xffc00000000-0xffc03ffffff] (64MB) from e820 map
[    0.000000] e820: remove [mem 0xffc00000000-0xffc03ffffff] reserved
[    0.000000] secureboot: Secure boot disabled
[    0.000000] SMBIOS 3.3.0 present.
[    0.000000] DMI: ASUSTeK COMPUTER INC. KRPA-U16-M Series/KRPA-U16-M Series, BIOS 0701 09/07/2022
[    0.000000] tsc: Fast TSC calibration using PIT
[    0.000000] tsc: Detected 2645.103 MHz processor
[    0.000247] e820: update [mem 0x00000000-0x00000fff] usable ==> reserved
[    0.000249] e820: remove [mem 0x000a0000-0x000fffff] usable
[    0.000259] last_pfn = 0x204f280 max_arch_pfn = 0x400000000
[    0.000266] total RAM covered: 2815M
[    0.000379] Found optimal setting for mtrr clean up
[    0.000380]  gran_size: 64K 	chunk_size: 128M 	num_reg: 4  	lose cover RAM: 0G
[    0.000382] x86/PAT: Configuration [0-7]: WB  WC  UC- UC  WB  WP  UC- WT  
[    0.001361] e820: update [mem 0xaafd0000-0xaafdffff] usable ==> reserved
[    0.001367] e820: update [mem 0xb0000000-0xffffffff] usable ==> reserved
[    0.001370] last_pfn = 0xac000 max_arch_pfn = 0x400000000
[    0.005284] esrt: Reserving ESRT space from 0x000000007b5fdf18 to 0x000000007b5fdf50.
[    0.005289] e820: update [mem 0x7b5fd000-0x7b5fdfff] usable ==> reserved
[    0.005307] Using GB pages for direct mapping
[    0.005971] secureboot: Secure boot disabled
[    0.005972] RAMDISK: [mem 0x65eab000-0x6a0e5fff]
[    0.005977] ACPI: Early table checksum verification disabled
[    0.005980] ACPI: RSDP 0x00000000AA652014 000024 (v02 AMD   )
[    0.005983] ACPI: XSDT 0x00000000AA651728 0000C4 (v01 AMD    AmdTable 03242016 AMI  01000013)
[    0.005988] ACPI: FACP 0x00000000AA64A000 000114 (v06 AMD    AmdTable 03242016 AMI  00010013)
[    0.005992] ACPI: DSDT 0x00000000AA637000 012637 (v02 AMD    AmdTable 03242016 INTL 20190509)
[    0.005994] ACPI: FACS 0x00000000AAAAE000 000040
[    0.005996] ACPI: SSDT 0x00000000AA650000 00092A (v02 AMD    AmdTable 00000002 MSFT 04000000)
[    0.005998] ACPI: SPMI 0x00000000AA64F000 000041 (v05 AMD    AmdTable 00000000 AMI. 00000000)
[    0.006000] ACPI: SSDT 0x00000000AA64B000 0033A1 (v02 AMD    AMD AFC  00000001 INTL 20190509)
[    0.006002] ACPI: FIDT 0x00000000AA636000 00009C (v01 AMD    AmdTable 03242016 AMI  00010013)
[    0.006004] ACPI: FPDT 0x00000000AA630000 000034 (v01 AMD    A M I    01072009 AMI  01000013)
[    0.006006] ACPI: MCFG 0x00000000AA634000 00003C (v01 AMD    AmdTable 03242016 MSFT 00010013)
[    0.006008] ACPI: SSDT 0x00000000AA633000 00059C (v02 AMD    CPUSSDT  03242016 AMI  03242016)
[    0.006010] ACPI: SSDT 0x00000000AA632000 000342 (v02 AMD    CPMRAS   00000001 INTL 20190509)
[    0.006012] ACPI: BERT 0x00000000AA631000 000030 (v01 AMD    AmdTable 00000001 AMD  00000001)
[    0.006014] ACPI: HPET 0x00000000AA62F000 000038 (v01 AMD    AmdTable 03242016 AMI  00000005)
[    0.006016] ACPI: IVRS 0x00000000AA62E000 0001F0 (v02 AMD    AmdTable 00000001 AMD  00000001)
[    0.006018] ACPI: PCCT 0x00000000AA62D000 00006E (v02 AMD    AmdTable 00000001 AMD  00000001)
[    0.006020] ACPI: SSDT 0x00000000AA621000 00BDA9 (v02 AMD    AmdTable 00000001 AMD  00000001)
[    0.006022] ACPI: CRAT 0x00000000AA61E000 002BD0 (v01 AMD    AmdTable 00000001 AMD  00000001)
[    0.006024] ACPI: CDIT 0x00000000AA61D000 000029 (v01 AMD    AmdTable 00000001 AMD  00000001)
[    0.006026] ACPI: SSDT 0x00000000AA61B000 00182E (v02 AMD    CPMCMN   00000001 INTL 20190509)
[    0.006028] ACPI: APIC 0x00000000AA61A000 000882 (v04 AMD    AmdTable 03242016 AMI  00010013)
[    0.006030] ACPI: ERST 0x00000000AA619000 000230 (v01 AMIER  AMI.ERST 00000000 AMI. 00000000)
[    0.006032] ACPI: HEST 0x00000000AA5EE000 02AA74 (v01 AMD    AmdTable 00000001 AMD  00000001)
[    0.006033] ACPI: Reserving FACP table memory at [mem 0xaa64a000-0xaa64a113]
[    0.006034] ACPI: Reserving DSDT table memory at [mem 0xaa637000-0xaa649636]
[    0.006035] ACPI: Reserving FACS table memory at [mem 0xaaaae000-0xaaaae03f]
[    0.006035] ACPI: Reserving SSDT table memory at [mem 0xaa650000-0xaa650929]
[    0.006036] ACPI: Reserving SPMI table memory at [mem 0xaa64f000-0xaa64f040]
[    0.006037] ACPI: Reserving SSDT table memory at [mem 0xaa64b000-0xaa64e3a0]
[    0.006037] ACPI: Reserving FIDT table memory at [mem 0xaa636000-0xaa63609b]
[    0.006038] ACPI: Reserving FPDT table memory at [mem 0xaa630000-0xaa630033]
[    0.006038] ACPI: Reserving MCFG table memory at [mem 0xaa634000-0xaa63403b]
[    0.006039] ACPI: Reserving SSDT table memory at [mem 0xaa633000-0xaa63359b]
[    0.006039] ACPI: Reserving SSDT table memory at [mem 0xaa632000-0xaa632341]
[    0.006040] ACPI: Reserving BERT table memory at [mem 0xaa631000-0xaa63102f]
[    0.006041] ACPI: Reserving HPET table memory at [mem 0xaa62f000-0xaa62f037]
[    0.006041] ACPI: Reserving IVRS table memory at [mem 0xaa62e000-0xaa62e1ef]
[    0.006042] ACPI: Reserving PCCT table memory at [mem 0xaa62d000-0xaa62d06d]
[    0.006042] ACPI: Reserving SSDT table memory at [mem 0xaa621000-0xaa62cda8]
[    0.006043] ACPI: Reserving CRAT table memory at [mem 0xaa61e000-0xaa620bcf]
[    0.006044] ACPI: Reserving CDIT table memory at [mem 0xaa61d000-0xaa61d028]
[    0.006044] ACPI: Reserving SSDT table memory at [mem 0xaa61b000-0xaa61c82d]
[    0.006045] ACPI: Reserving APIC table memory at [mem 0xaa61a000-0xaa61a881]
[    0.006045] ACPI: Reserving ERST table memory at [mem 0xaa619000-0xaa61922f]
[    0.006046] ACPI: Reserving HEST table memory at [mem 0xaa5ee000-0xaa618a73]
[    0.006149] No NUMA configuration found
[    0.006150] Faking a node at [mem 0x0000000000000000-0x000000204f27ffff]
[    0.006155] NODE_DATA(0) allocated [mem 0x204f255000-0x204f27ffff]
[    0.006331] Zone ranges:
[    0.006332]   DMA      [mem 0x0000000000001000-0x0000000000ffffff]
[    0.006333]   DMA32    [mem 0x0000000001000000-0x00000000ffffffff]
[    0.006334]   Normal   [mem 0x0000000100000000-0x000000204f27ffff]
[    0.006335]   Device   empty
[    0.006336] Movable zone start for each node
[    0.006337] Early memory node ranges
[    0.006337]   node   0: [mem 0x0000000000001000-0x000000000009ffff]
[    0.006338]   node   0: [mem 0x0000000000100000-0x000000002fffffff]
[    0.006339]   node   0: [mem 0x000000003000b000-0x0000000075daffff]
[    0.006340]   node   0: [mem 0x0000000076000000-0x000000007ffe7fff]
[    0.006340]   node   0: [mem 0x00000000ab9ff000-0x00000000abffffff]
[    0.006341]   node   0: [mem 0x0000000100000000-0x000000104fe7ffff]
[    0.006345]   node   0: [mem 0x0000001050000000-0x000000204f27ffff]
[    0.006349] Initmem setup node 0 [mem 0x0000000000001000-0x000000204f27ffff]
[    0.006353] On node 0, zone DMA: 1 pages in unavailable ranges
[    0.006364] On node 0, zone DMA: 96 pages in unavailable ranges
[    0.007590] On node 0, zone DMA32: 11 pages in unavailable ranges
[    0.007718] On node 0, zone DMA32: 592 pages in unavailable ranges
[    0.007786] On node 0, zone DMA32: 14871 pages in unavailable ranges
[    0.072465] On node 0, zone Normal: 16384 pages in unavailable ranges
[    0.139836] On node 0, zone Normal: 384 pages in unavailable ranges
[    0.139857] On node 0, zone Normal: 3456 pages in unavailable ranges
[    0.140003] ACPI: PM-Timer IO Port: 0x808
[    0.140017] ACPI: LAPIC_NMI (acpi_id[0xff] high edge lint[0x1])
[    0.140031] IOAPIC[0]: apic_id 240, version 33, address 0xfec00000, GSI 0-23
[    0.140036] IOAPIC[1]: apic_id 241, version 33, address 0xb7000000, GSI 24-55
[    0.140041] IOAPIC[2]: apic_id 242, version 33, address 0xf3880000, GSI 56-87
[    0.140045] IOAPIC[3]: apic_id 243, version 33, address 0xf2880000, GSI 88-119
[    0.140050] IOAPIC[4]: apic_id 244, version 33, address 0xf9580000, GSI 120-151
[    0.140052] ACPI: INT_SRC_OVR (bus 0 bus_irq 0 global_irq 2 dfl dfl)
[    0.140053] ACPI: INT_SRC_OVR (bus 0 bus_irq 9 global_irq 9 low level)
[    0.140057] ACPI: Using ACPI (MADT) for SMP configuration information
[    0.140058] ACPI: HPET id: 0x10228201 base: 0xfed00000
[    0.140062] smpboot: Allowing 48 CPUs, 0 hotplug CPUs
[    0.140086] PM: hibernation: Registered nosave memory: [mem 0x00000000-0x00000fff]
[    0.140088] PM: hibernation: Registered nosave memory: [mem 0x000a0000-0x000fffff]
[    0.140089] PM: hibernation: Registered nosave memory: [mem 0x30000000-0x3000afff]
[    0.140091] PM: hibernation: Registered nosave memory: [mem 0x75db0000-0x75ffffff]
[    0.140092] PM: hibernation: Registered nosave memory: [mem 0x79f2e000-0x79f2efff]
[    0.140093] PM: hibernation: Registered nosave memory: [mem 0x79f3d000-0x79f3dfff]
[    0.140094] PM: hibernation: Registered nosave memory: [mem 0x79f3e000-0x79f3efff]
[    0.140095] PM: hibernation: Registered nosave memory: [mem 0x79f4d000-0x79f4dfff]
[    0.140096] PM: hibernation: Registered nosave memory: [mem 0x7a528000-0x7a528fff]
[    0.140098] PM: hibernation: Registered nosave memory: [mem 0x7a530000-0x7a530fff]
[    0.140098] PM: hibernation: Registered nosave memory: [mem 0x7a531000-0x7a531fff]
[    0.140099] PM: hibernation: Registered nosave memory: [mem 0x7a55a000-0x7a55afff]
[    0.140100] PM: hibernation: Registered nosave memory: [mem 0x7a55b000-0x7a55bfff]
[    0.140101] PM: hibernation: Registered nosave memory: [mem 0x7a584000-0x7a584fff]
[    0.140102] PM: hibernation: Registered nosave memory: [mem 0x7a585000-0x7a585fff]
[    0.140103] PM: hibernation: Registered nosave memory: [mem 0x7a594000-0x7a594fff]
[    0.140103] PM: hibernation: Registered nosave memory: [mem 0x7a595000-0x7a595fff]
[    0.140105] PM: hibernation: Registered nosave memory: [mem 0x7a5a4000-0x7a5a4fff]
[    0.140106] PM: hibernation: Registered nosave memory: [mem 0x7b5fd000-0x7b5fdfff]
[    0.140108] PM: hibernation: Registered nosave memory: [mem 0x7ffe8000-0xaa567fff]
[    0.140108] PM: hibernation: Registered nosave memory: [mem 0xaa568000-0xaa652fff]
[    0.140109] PM: hibernation: Registered nosave memory: [mem 0xaa653000-0xaaad3fff]
[    0.140109] PM: hibernation: Registered nosave memory: [mem 0xaaad4000-0xab9fefff]
[    0.140110] PM: hibernation: Registered nosave memory: [mem 0xac000000-0xafffffff]
[    0.140111] PM: hibernation: Registered nosave memory: [mem 0xb0000000-0xf287ffff]
[    0.140111] PM: hibernation: Registered nosave memory: [mem 0xf2880000-0xf2880fff]
[    0.140112] PM: hibernation: Registered nosave memory: [mem 0xf2881000-0xf387ffff]
[    0.140112] PM: hibernation: Registered nosave memory: [mem 0xf3880000-0xf3880fff]
[    0.140113] PM: hibernation: Registered nosave memory: [mem 0xf3881000-0xf957ffff]
[    0.140113] PM: hibernation: Registered nosave memory: [mem 0xf9580000-0xf9580fff]
[    0.140114] PM: hibernation: Registered nosave memory: [mem 0xf9581000-0xfebfffff]
[    0.140114] PM: hibernation: Registered nosave memory: [mem 0xfec00000-0xfec00fff]
[    0.140115] PM: hibernation: Registered nosave memory: [mem 0xfec01000-0xfec0ffff]
[    0.140115] PM: hibernation: Registered nosave memory: [mem 0xfec10000-0xfec10fff]
[    0.140116] PM: hibernation: Registered nosave memory: [mem 0xfec11000-0xfecfffff]
[    0.140116] PM: hibernation: Registered nosave memory: [mem 0xfed00000-0xfed00fff]
[    0.140117] PM: hibernation: Registered nosave memory: [mem 0xfed01000-0xfed3ffff]
[    0.140117] PM: hibernation: Registered nosave memory: [mem 0xfed40000-0xfed44fff]
[    0.140117] PM: hibernation: Registered nosave memory: [mem 0xfed45000-0xfed7ffff]
[    0.140118] PM: hibernation: Registered nosave memory: [mem 0xfed80000-0xfed8ffff]
[    0.140118] PM: hibernation: Registered nosave memory: [mem 0xfed90000-0xfedbffff]
[    0.140119] PM: hibernation: Registered nosave memory: [mem 0xfedc0000-0xfedc0fff]
[    0.140119] PM: hibernation: Registered nosave memory: [mem 0xfedc1000-0xfedc1fff]
[    0.140120] PM: hibernation: Registered nosave memory: [mem 0xfedc2000-0xfedc8fff]
[    0.140120] PM: hibernation: Registered nosave memory: [mem 0xfedc9000-0xffffffff]
[    0.140122] PM: hibernation: Registered nosave memory: [mem 0x104fe80000-0x104fffffff]
[    0.140123] [mem 0xb0000000-0xf287ffff] available for PCI devices
[    0.140125] Booting paravirtualized kernel on bare hardware
[    0.140127] clocksource: refined-jiffies: mask: 0xffffffff max_cycles: 0xffffffff, max_idle_ns: 7645519600211568 ns
[    0.140134] setup_percpu: NR_CPUS:8192 nr_cpumask_bits:48 nr_cpu_ids:48 nr_node_ids:1
[    0.141256] percpu: Embedded 62 pages/cpu s217088 r8192 d28672 u262144
[    0.141263] pcpu-alloc: s217088 r8192 d28672 u262144 alloc=1*2097152
[    0.141265] pcpu-alloc: [0] 00 01 02 03 04 05 06 07 [0] 08 09 10 11 12 13 14 15 
[    0.141272] pcpu-alloc: [0] 16 17 18 19 20 21 22 23 [0] 24 25 26 27 28 29 30 31 
[    0.141278] pcpu-alloc: [0] 32 33 34 35 36 37 38 39 [0] 40 41 42 43 44 45 46 47 
[    0.141309] Fallback order for Node 0: 0 
[    0.141312] Built 1 zonelists, mobility grouping on.  Total pages: 32833461
[    0.141313] Policy zone: Normal
[    0.141314] Kernel command line: BOOT_IMAGE=/boot/vmlinuz-6.2.0-36-generic root=UUID=81f73b6b-69f2-406e-96ec-7fba60d03b05 ro udev.event-timeout=10 quiet splash vt.handoff=7
[    0.141379] Unknown kernel command line parameters "splash BOOT_IMAGE=/boot/vmlinuz-6.2.0-36-generic", will be passed to user space.
[    0.141396] printk: log_buf_len individual max cpu contribution: 4096 bytes
[    0.141396] printk: log_buf_len total cpu_extra contributions: 192512 bytes
[    0.141397] printk: log_buf_len min size: 262144 bytes
[    0.141619] printk: log_buf_len: 524288 bytes
[    0.141620] printk: early log buf free: 239480(91%)
[    0.145860] Dentry cache hash table entries: 8388608 (order: 14, 67108864 bytes, linear)
[    0.147986] Inode-cache hash table entries: 4194304 (order: 13, 33554432 bytes, linear)
[    0.148296] mem auto-init: stack:off, heap alloc:on, heap free:off
[    0.148331] software IO TLB: area num 64.
[    0.320874] Memory: 130944116K/133419188K available (20480K kernel code, 4153K rwdata, 12732K rodata, 4768K init, 17536K bss, 2474812K reserved, 0K cma-reserved)
[    0.320981] SLUB: HWalign=64, Order=0-3, MinObjects=0, CPUs=48, Nodes=1
[    0.321002] ftrace: allocating 53440 entries in 209 pages
[    0.331588] ftrace: allocated 209 pages with 4 groups
[    0.332353] Dynamic Preempt: voluntary
[    0.332411] rcu: Preemptible hierarchical RCU implementation.
[    0.332412] rcu: 	RCU restricting CPUs from NR_CPUS=8192 to nr_cpu_ids=48.
[    0.332413] 	Trampoline variant of Tasks RCU enabled.
[    0.332413] 	Rude variant of Tasks RCU enabled.
[    0.332414] 	Tracing variant of Tasks RCU enabled.
[    0.332414] rcu: RCU calculated value of scheduler-enlistment delay is 25 jiffies.
[    0.332415] rcu: Adjusting geometry for rcu_fanout_leaf=16, nr_cpu_ids=48
[    0.334326] NR_IRQS: 524544, nr_irqs: 2984, preallocated irqs: 16
[    0.334509] rcu: srcu_init: Setting srcu_struct sizes based on contention.
[    0.334593] Console: colour dummy device 80x25
[    0.334595] printk: console [tty0] enabled
[    0.334637] ACPI: Core revision 20221020
[    0.334809] clocksource: hpet: mask: 0xffffffff max_cycles: 0xffffffff, max_idle_ns: 133484873504 ns
[    0.334826] APIC: Switch to symmetric I/O mode setup
[    0.335653] AMD-Vi: Using global IVHD EFR:0x841f77e022094ace, EFR2:0x0
[    0.336235] Switched APIC routing to physical flat.
[    0.337592] ..TIMER: vector=0x30 apic1=0 pin1=2 apic2=-1 pin2=-1
[    0.354826] clocksource: tsc-early: mask: 0xffffffffffffffff max_cycles: 0x2620ab0d8f6, max_idle_ns: 440795210568 ns
[    0.354831] Calibrating delay loop (skipped), value calculated using timer frequency.. 5290.20 BogoMIPS (lpj=10580412)
[    0.354846] x86/cpu: User Mode Instruction Prevention (UMIP) activated
[    0.354948] LVT offset 2 assigned for vector 0xf4
[    0.354977] process: using mwait in idle threads
[    0.354978] Last level iTLB entries: 4KB 512, 2MB 512, 4MB 256
[    0.354979] Last level dTLB entries: 4KB 2048, 2MB 2048, 4MB 1024, 1GB 0
[    0.354982] Spectre V1 : Mitigation: usercopy/swapgs barriers and __user pointer sanitization
[    0.354984] Spectre V2 : Mitigation: Retpolines
[    0.354984] Spectre V2 : Spectre v2 / SpectreRSB mitigation: Filling RSB on context switch
[    0.354985] Spectre V2 : Spectre v2 / SpectreRSB : Filling RSB on VMEXIT
[    0.354985] Spectre V2 : Enabling Restricted Speculation for firmware calls
[    0.354987] Spectre V2 : mitigation: Enabling conditional Indirect Branch Prediction Barrier
[    0.354987] Spectre V2 : User space: Mitigation: STIBP always-on protection
[    0.354989] Speculative Store Bypass: Mitigation: Speculative Store Bypass disabled via prctl
[    0.354990] Speculative Return Stack Overflow: Mitigation: safe RET
[    0.354994] x86/fpu: Supporting XSAVE feature 0x001: 'x87 floating point registers'
[    0.354995] x86/fpu: Supporting XSAVE feature 0x002: 'SSE registers'
[    0.354996] x86/fpu: Supporting XSAVE feature 0x004: 'AVX registers'
[    0.354996] x86/fpu: Supporting XSAVE feature 0x200: 'Protection Keys User registers'
[    0.354998] x86/fpu: xstate_offset[2]:  576, xstate_sizes[2]:  256
[    0.354999] x86/fpu: xstate_offset[9]:  832, xstate_sizes[9]:    8
[    0.354999] x86/fpu: Enabled xstate features 0x207, context size is 840 bytes, using 'compacted' format.
[    0.376958] Freeing SMP alternatives memory: 44K
[    0.376962] pid_max: default: 49152 minimum: 384
[    0.379428] LSM: initializing lsm=lockdown,capability,landlock,yama,integrity,apparmor
[    0.379443] landlock: Up and running.
[    0.379444] Yama: becoming mindful.
[    0.379472] AppArmor: AppArmor initialized
[    0.379558] Mount-cache hash table entries: 131072 (order: 8, 1048576 bytes, linear)
[    0.379609] Mountpoint-cache hash table entries: 131072 (order: 8, 1048576 bytes, linear)
[    0.488148] smpboot: CPU0: AMD EPYC 7413 24-Core Processor (family: 0x19, model: 0x1, stepping: 0x1)
[    0.488291] cblist_init_generic: Setting adjustable number of callback queues.
[    0.488292] cblist_init_generic: Setting shift to 6 and lim to 1.
[    0.488310] cblist_init_generic: Setting adjustable number of callback queues.
[    0.488311] cblist_init_generic: Setting shift to 6 and lim to 1.
[    0.488329] cblist_init_generic: Setting adjustable number of callback queues.
[    0.488330] cblist_init_generic: Setting shift to 6 and lim to 1.
[    0.488347] Performance Events: Fam17h+ 16-deep BRS, core perfctr, AMD PMU driver.
[    0.488377] ... version:                0
[    0.488378] ... bit width:              48
[    0.488379] ... generic registers:      6
[    0.488380] ... value mask:             0000ffffffffffff
[    0.488382] ... max period:             00007fffffffffff
[    0.488383] ... fixed-purpose events:   0
[    0.488384] ... event mask:             000000000000003f
[    0.488478] signal: max sigframe size: 3376
[    0.488503] rcu: Hierarchical SRCU implementation.
[    0.488504] rcu: 	Max phase no-delay instances is 1000.
[    0.488874] NMI watchdog: Enabled. Permanently consumes one hw-PMU counter.
[    0.489254] smp: Bringing up secondary CPUs ...
[    0.489365] x86: Booting SMP configuration:
[    0.489366] .... node  #0, CPUs:        #1  #2  #3  #4  #5  #6  #7  #8  #9 #10 #11 #12 #13 #14 #15 #16 #17 #18 #19 #20 #21 #22 #23 #24
[    0.550948] Spectre V2 : Update user space SMT mitigation: STIBP always-on
[    0.550998]  #25 #26 #27 #28 #29 #30 #31 #32 #33 #34 #35 #36 #37 #38 #39 #40 #41 #42 #43 #44 #45 #46 #47
[    0.610880] smp: Brought up 1 node, 48 CPUs
[    0.610880] smpboot: Max logical packages: 1
[    0.610880] smpboot: Total of 48 processors activated (253929.88 BogoMIPS)
[    0.618839] devtmpfs: initialized
[    0.618895] x86/mm: Memory block size: 2048MB
[    0.620022] ACPI: PM: Registering ACPI NVS region [mem 0x30000000-0x3000afff] (45056 bytes)
[    0.620022] ACPI: PM: Registering ACPI NVS region [mem 0xaa653000-0xaaad3fff] (4722688 bytes)
[    0.620022] clocksource: jiffies: mask: 0xffffffff max_cycles: 0xffffffff, max_idle_ns: 7645041785100000 ns
[    0.620022] futex hash table entries: 16384 (order: 8, 1048576 bytes, linear)
[    0.620022] pinctrl core: initialized pinctrl subsystem
[    0.620022] PM: RTC time: 00:12:14, date: 2023-11-10
[    0.620022] NET: Registered PF_NETLINK/PF_ROUTE protocol family
[    0.620079] DMA: preallocated 4096 KiB GFP_KERNEL pool for atomic allocations
[    0.620251] DMA: preallocated 4096 KiB GFP_KERNEL|GFP_DMA pool for atomic allocations
[    0.620425] DMA: preallocated 4096 KiB GFP_KERNEL|GFP_DMA32 pool for atomic allocations
[    0.620434] audit: initializing netlink subsys (disabled)
[    0.620442] audit: type=2000 audit(1699575134.284:1): state=initialized audit_enabled=0 res=1
[    0.620442] thermal_sys: Registered thermal governor 'fair_share'
[    0.620442] thermal_sys: Registered thermal governor 'bang_bang'
[    0.620442] thermal_sys: Registered thermal governor 'step_wise'
[    0.620442] thermal_sys: Registered thermal governor 'user_space'
[    0.620442] thermal_sys: Registered thermal governor 'power_allocator'
[    0.620442] EISA bus registered
[    0.620442] cpuidle: using governor ladder
[    0.620442] cpuidle: using governor menu
[    0.620442] Detected 1 PCC Subspaces
[    0.620442] Registering PCC driver as Mailbox controller
[    0.620442] acpiphp: ACPI Hot Plug PCI Controller Driver version: 0.5
[    0.620442] PCI: MMCONFIG for domain 0000 [bus 00-ff] at [mem 0xe0000000-0xefffffff] (base 0xe0000000)
[    0.620442] PCI: not using MMCONFIG
[    0.620442] PCI: Using configuration type 1 for base access
[    0.620442] PCI: Using configuration type 1 for extended access
[    0.623676] kprobes: kprobe jump-optimization is enabled. All kprobes are optimized if possible.
[    0.623676] HugeTLB: registered 1.00 GiB page size, pre-allocated 0 pages
[    0.623676] HugeTLB: 16380 KiB vmemmap can be freed for a 1.00 GiB page
[    0.623676] HugeTLB: registered 2.00 MiB page size, pre-allocated 0 pages
[    0.623676] HugeTLB: 28 KiB vmemmap can be freed for a 2.00 MiB page
[    0.623676] ACPI: Added _OSI(Module Device)
[    0.623676] ACPI: Added _OSI(Processor Device)
[    0.623676] ACPI: Added _OSI(3.0 _SCP Extensions)
[    0.623676] ACPI: Added _OSI(Processor Aggregator Device)
[    0.667075] ACPI: 7 ACPI AML tables successfully acquired and loaded
[    0.681674] ACPI: Interpreter enabled
[    0.681692] ACPI: PM: (supports S0 S5)
[    0.681694] ACPI: Using IOAPIC for interrupt routing
[    0.685701] PCI: MMCONFIG for domain 0000 [bus 00-ff] at [mem 0xe0000000-0xefffffff] (base 0xe0000000)
[    0.685992] PCI: MMCONFIG at [mem 0xe0000000-0xefffffff] reserved as ACPI motherboard resource
[    0.740359] HEST: Table parsing has been initialized.
[    0.758386] GHES: APEI firmware first mode is enabled by APEI bit.
[    0.758392] PCI: Using host bridge windows from ACPI; if necessary, use "pci=nocrs" and report a bug
[    0.758393] PCI: Using E820 reservations for host bridge windows
[    0.760239] ACPI: Enabled 3 GPEs in block 00 to 1F
[    0.763366] ACPI: \_SB_.S0D0.C001.SATA.P0SA: New power resource
[    0.763408] ACPI: \_SB_.S0D0.C001.SATA.P3SA: New power resource
[    0.764178] ACPI: \_SB_.S0D0.C002.SATA.P0SA: New power resource
[    0.764220] ACPI: \_SB_.S0D0.C002.SATA.P3SA: New power resource
[    0.767289] ACPI: \_SB_.S0D1.C011.SATA.P0SA: New power resource
[    0.767330] ACPI: \_SB_.S0D1.C011.SATA.P3SA: New power resource
[    0.768089] ACPI: \_SB_.S0D1.C012.SATA.P0SA: New power resource
[    0.768129] ACPI: \_SB_.S0D1.C012.SATA.P3SA: New power resource
[    0.771270] ACPI: \_SB_.S0D2.C021.SATA.P0SA: New power resource
[    0.771310] ACPI: \_SB_.S0D2.C021.SATA.P3SA: New power resource
[    0.772068] ACPI: \_SB_.S0D2.C022.SATA.P0SA: New power resource
[    0.772109] ACPI: \_SB_.S0D2.C022.SATA.P3SA: New power resource
[    0.775779] ACPI: \_SB_.PCI0.C031.SATA.P0SA: New power resource
[    0.775822] ACPI: \_SB_.PCI0.C031.SATA.P3SA: New power resource
[    0.776577] ACPI: \_SB_.PCI0.C032.SATA.P0SA: New power resource
[    0.776619] ACPI: \_SB_.PCI0.C032.SATA.P3SA: New power resource
[    0.784094] ACPI: \_SB_.S1D0.C101.SATA.P0SA: New power resource
[    0.784136] ACPI: \_SB_.S1D0.C101.SATA.P3SA: New power resource
[    0.784905] ACPI: \_SB_.S1D0.C102.SATA.P0SA: New power resource
[    0.784945] ACPI: \_SB_.S1D0.C102.SATA.P3SA: New power resource
[    0.787610] ACPI: \_SB_.S1D1.C111.SATA.P0SA: New power resource
[    0.787652] ACPI: \_SB_.S1D1.C111.SATA.P3SA: New power resource
[    0.788424] ACPI: \_SB_.S1D1.C112.SATA.P0SA: New power resource
[    0.788465] ACPI: \_SB_.S1D1.C112.SATA.P3SA: New power resource
[    0.791125] ACPI: \_SB_.S1D2.C121.SATA.P0SA: New power resource
[    0.791167] ACPI: \_SB_.S1D2.C121.SATA.P3SA: New power resource
[    0.791939] ACPI: \_SB_.S1D2.C122.SATA.P0SA: New power resource
[    0.791981] ACPI: \_SB_.S1D2.C122.SATA.P3SA: New power resource
[    0.794638] ACPI: \_SB_.S1D3.C131.SATA.P0SA: New power resource
[    0.794682] ACPI: \_SB_.S1D3.C131.SATA.P3SA: New power resource
[    0.795452] ACPI: \_SB_.S1D3.C132.SATA.P0SA: New power resource
[    0.795494] ACPI: \_SB_.S1D3.C132.SATA.P3SA: New power resource
[    0.802288] ACPI: PCI Root Bridge [S0D0] (domain 0000 [bus c0-ff])
[    0.802296] acpi PNP0A08:00: _OSC: OS supports [ExtendedConfig ASPM ClockPM Segments MSI EDR HPX-Type3]
[    0.802486] acpi PNP0A08:00: _OSC: platform does not support [AER LTR DPC]
[    0.802840] acpi PNP0A08:00: _OSC: OS now controls [PCIeHotplug SHPCHotplug PME PCIeCapability]
[    0.803538] PCI host bridge to bus 0000:c0
[    0.803540] pci_bus 0000:c0: root bus resource [io  0x03b0-0x03df window]
[    0.803542] pci_bus 0000:c0: root bus resource [io  0x7000-0xffff window]
[    0.803544] pci_bus 0000:c0: root bus resource [mem 0x000a0000-0x000bffff window]
[    0.803546] pci_bus 0000:c0: root bus resource [mem 0xb0000000-0xb6bfffff window]
[    0.803548] pci_bus 0000:c0: root bus resource [mem 0x10020200000-0x180201fffff window]
[    0.803550] pci_bus 0000:c0: root bus resource [bus c0-ff]
[    0.803568] pci 0000:c0:00.0: [1022:1480] type 00 class 0x060000
[    0.803668] pci 0000:c0:00.2: [1022:164f] type 00 class 0x080600
[    0.803799] pci 0000:c0:01.0: [1022:1482] type 00 class 0x060000
[    0.803874] pci 0000:c0:01.2: [1022:1483] type 01 class 0x060400
[    0.803953] pci 0000:c0:01.2: PME# supported from D0 D3hot D3cold
[    0.804109] pci 0000:c0:02.0: [1022:1482] type 00 class 0x060000
[    0.804182] pci 0000:c0:03.0: [1022:1482] type 00 class 0x060000
[    0.804254] pci 0000:c0:03.1: [1022:1483] type 01 class 0x060400
[    0.804332] pci 0000:c0:03.1: PME# supported from D0 D3hot D3cold
[    0.804480] pci 0000:c0:03.2: [1022:1483] type 01 class 0x060400
[    0.804557] pci 0000:c0:03.2: PME# supported from D0 D3hot D3cold
[    0.804705] pci 0000:c0:03.3: [1022:1483] type 01 class 0x060400
[    0.804782] pci 0000:c0:03.3: PME# supported from D0 D3hot D3cold
[    0.804928] pci 0000:c0:04.0: [1022:1482] type 00 class 0x060000
[    0.805003] pci 0000:c0:05.0: [1022:1482] type 00 class 0x060000
[    0.805077] pci 0000:c0:07.0: [1022:1482] type 00 class 0x060000
[    0.805151] pci 0000:c0:07.1: [1022:1484] type 01 class 0x060400
[    0.805179] pci 0000:c0:07.1: enabling Extended Tags
[    0.805224] pci 0000:c0:07.1: PME# supported from D0 D3hot D3cold
[    0.805371] pci 0000:c0:08.0: [1022:1482] type 00 class 0x060000
[    0.805445] pci 0000:c0:08.1: [1022:1484] type 01 class 0x060400
[    0.805474] pci 0000:c0:08.1: enabling Extended Tags
[    0.805519] pci 0000:c0:08.1: PME# supported from D0 D3hot D3cold
[    0.805734] pci 0000:c1:00.0: [10ec:8125] type 00 class 0x020000
[    0.805749] pci 0000:c1:00.0: reg 0x10: [io  0xf000-0xf0ff]
[    0.805767] pci 0000:c1:00.0: reg 0x18: [mem 0xb4770000-0xb477ffff 64bit]
[    0.805779] pci 0000:c1:00.0: reg 0x20: [mem 0xb479c000-0xb479ffff 64bit]
[    0.805881] pci 0000:c1:00.0: supports D1 D2
[    0.805882] pci 0000:c1:00.0: PME# supported from D0 D1 D2 D3hot D3cold
[    0.805930] pci 0000:c1:00.0: reg 0x1b4: [mem 0xb4700000-0xb470ffff 64bit]
[    0.805932] pci 0000:c1:00.0: VF(n) BAR2 space: [mem 0xb4700000-0xb476ffff 64bit] (contains BAR2 for 7 VFs)
[    0.805943] pci 0000:c1:00.0: reg 0x1bc: [mem 0xb4780000-0xb4783fff 64bit]
[    0.805945] pci 0000:c1:00.0: VF(n) BAR4 space: [mem 0xb4780000-0xb479bfff 64bit] (contains BAR4 for 7 VFs)
[    0.806157] pci 0000:c0:01.2: PCI bridge to [bus c1]
[    0.806162] pci 0000:c0:01.2:   bridge window [io  0xf000-0xffff]
[    0.806165] pci 0000:c0:01.2:   bridge window [mem 0xb4700000-0xb47fffff]
[    0.806364] pci 0000:c2:00.0: [15b3:1017] type 00 class 0x020000
[    0.806516] pci 0000:c2:00.0: reg 0x10: [mem 0x1801c000000-0x1801dffffff 64bit pref]
[    0.806749] pci 0000:c2:00.0: reg 0x30: [mem 0xb4300000-0xb43fffff pref]
[    0.807489] pci 0000:c2:00.0: PME# supported from D3cold
[    0.807781] pci 0000:c2:00.0: reg 0x1a4: [mem 0x1801e800000-0x1801e8fffff 64bit pref]
[    0.807783] pci 0000:c2:00.0: VF(n) BAR0 space: [mem 0x1801e800000-0x1801effffff 64bit pref] (contains BAR0 for 8 VFs)
[    0.809395] pci 0000:c2:00.1: [15b3:1017] type 00 class 0x020000
[    0.809549] pci 0000:c2:00.1: reg 0x10: [mem 0x1801a000000-0x1801bffffff 64bit pref]
[    0.809782] pci 0000:c2:00.1: reg 0x30: [mem 0xb4200000-0xb42fffff pref]
[    0.810467] pci 0000:c2:00.1: PME# supported from D3cold
[    0.810741] pci 0000:c2:00.1: reg 0x1a4: [mem 0x1801e000000-0x1801e0fffff 64bit pref]
[    0.810744] pci 0000:c2:00.1: VF(n) BAR0 space: [mem 0x1801e000000-0x1801e7fffff 64bit pref] (contains BAR0 for 8 VFs)
[    0.812114] pci 0000:c0:03.1: PCI bridge to [bus c2]
[    0.812120] pci 0000:c0:03.1:   bridge window [mem 0xb4200000-0xb43fffff]
[    0.812124] pci 0000:c0:03.1:   bridge window [mem 0x1801a000000-0x1801effffff 64bit pref]
[    0.812193] pci 0000:c3:00.0: [1a03:1150] type 01 class 0x060400
[    0.812332] pci 0000:c3:00.0: supports D1 D2
[    0.812334] pci 0000:c3:00.0: PME# supported from D0 D1 D2 D3hot D3cold
[    0.826856] pci 0000:c0:03.2: PCI bridge to [bus c3-c4]
[    0.826866] pci 0000:c0:03.2:   bridge window [io  0xe000-0xefff]
[    0.826872] pci 0000:c0:03.2:   bridge window [mem 0xb0000000-0xb40fffff]
[    0.826930] pci_bus 0000:c4: extended config space not accessible
[    0.826982] pci 0000:c4:00.0: [1a03:2000] type 00 class 0x030000
[    0.827013] pci 0000:c4:00.0: reg 0x10: [mem 0xb0000000-0xb3ffffff]
[    0.827032] pci 0000:c4:00.0: reg 0x14: [mem 0xb4000000-0xb401ffff]
[    0.827050] pci 0000:c4:00.0: reg 0x18: [io  0xe000-0xe07f]
[    0.827130] pci 0000:c4:00.0: BAR 0: assigned to efifb
[    0.827144] pci 0000:c4:00.0: Video device with shadowed ROM at [mem 0x000c0000-0x000dffff]
[    0.827199] pci 0000:c4:00.0: supports D1 D2
[    0.827203] pci 0000:c4:00.0: PME# supported from D0 D1 D2 D3hot D3cold
[    0.827358] pci 0000:c3:00.0: PCI bridge to [bus c4]
[    0.827368] pci 0000:c3:00.0:   bridge window [io  0xe000-0xefff]
[    0.827374] pci 0000:c3:00.0:   bridge window [mem 0xb0000000-0xb40fffff]
[    0.830035] pci 0000:c5:00.0: [8086:1521] type 00 class 0x020000
[    0.831120] pci 0000:c5:00.0: reg 0x10: [mem 0xb4620000-0xb463ffff]
[    0.832157] pci 0000:c5:00.0: reg 0x18: [io  0xd020-0xd03f]
[    0.832643] pci 0000:c5:00.0: reg 0x1c: [mem 0xb46c4000-0xb46c7fff]
[    0.841963] pci 0000:c5:00.0: PME# supported from D0 D3hot D3cold
[    0.844654] pci 0000:c5:00.0: reg 0x184: [mem 0xb46a0000-0xb46a3fff]
[    0.844656] pci 0000:c5:00.0: VF(n) BAR0 space: [mem 0xb46a0000-0xb46bffff] (contains BAR0 for 8 VFs)
[    0.846200] pci 0000:c5:00.0: reg 0x190: [mem 0xb4680000-0xb4683fff]
[    0.846202] pci 0000:c5:00.0: VF(n) BAR3 space: [mem 0xb4680000-0xb469ffff] (contains BAR3 for 8 VFs)
[    0.863040] pci 0000:c5:00.1: [8086:1521] type 00 class 0x020000
[    0.864213] pci 0000:c5:00.1: reg 0x10: [mem 0xb4600000-0xb461ffff]
[    0.865241] pci 0000:c5:00.1: reg 0x18: [io  0xd000-0xd01f]
[    0.865746] pci 0000:c5:00.1: reg 0x1c: [mem 0xb46c0000-0xb46c3fff]
[    0.874508] pci 0000:c5:00.1: PME# supported from D0 D3hot D3cold
[    0.876900] pci 0000:c5:00.1: reg 0x184: [mem 0xb4660000-0xb4663fff]
[    0.876902] pci 0000:c5:00.1: VF(n) BAR0 space: [mem 0xb4660000-0xb467ffff] (contains BAR0 for 8 VFs)
[    0.878448] pci 0000:c5:00.1: reg 0x190: [mem 0xb4640000-0xb4643fff]
[    0.878450] pci 0000:c5:00.1: VF(n) BAR3 space: [mem 0xb4640000-0xb465ffff] (contains BAR3 for 8 VFs)
[    0.892716] pci 0000:c0:03.3: PCI bridge to [bus c5]
[    0.892721] pci 0000:c0:03.3:   bridge window [io  0xd000-0xdfff]
[    0.892724] pci 0000:c0:03.3:   bridge window [mem 0xb4600000-0xb46fffff]
[    0.892802] pci 0000:c6:00.0: [1022:148a] type 00 class 0x130000
[    0.892836] pci 0000:c6:00.0: enabling Extended Tags
[    0.893016] pci 0000:c6:00.2: [1022:1498] type 00 class 0x108000
[    0.893033] pci 0000:c6:00.2: reg 0x18: [mem 0xb4500000-0xb457ffff]
[    0.893045] pci 0000:c6:00.2: reg 0x24: [mem 0xb4580000-0xb4581fff]
[    0.893054] pci 0000:c6:00.2: enabling Extended Tags
[    0.893224] pci 0000:c0:07.1: PCI bridge to [bus c6]
[    0.893229] pci 0000:c0:07.1:   bridge window [mem 0xb4500000-0xb45fffff]
[    0.893325] pci 0000:c7:00.0: [1022:1485] type 00 class 0x130000
[    0.893361] pci 0000:c7:00.0: enabling Extended Tags
[    0.893551] pci 0000:c7:00.2: [1022:1498] type 00 class 0x108000
[    0.893568] pci 0000:c7:00.2: reg 0x18: [mem 0xb4400000-0xb447ffff]
[    0.893581] pci 0000:c7:00.2: reg 0x24: [mem 0xb4480000-0xb4481fff]
[    0.893591] pci 0000:c7:00.2: enabling Extended Tags
[    0.893775] pci 0000:c0:08.1: PCI bridge to [bus c7]
[    0.893781] pci 0000:c0:08.1:   bridge window [mem 0xb4400000-0xb44fffff]
[    0.894882] ACPI: PCI Root Bridge [S0D1] (domain 0000 [bus 80-bf])
[    0.894887] acpi PNP0A08:01: _OSC: OS supports [ExtendedConfig ASPM ClockPM Segments MSI EDR HPX-Type3]
[    0.895080] acpi PNP0A08:01: _OSC: platform does not support [AER LTR DPC]
[    0.895429] acpi PNP0A08:01: _OSC: OS now controls [PCIeHotplug SHPCHotplug PME PCIeCapability]
[    0.896009] PCI host bridge to bus 0000:80
[    0.896011] pci_bus 0000:80: root bus resource [io  0x5000-0x6fff window]
[    0.896013] pci_bus 0000:80: root bus resource [mem 0xf4700000-0xf70fffff window]
[    0.896015] pci_bus 0000:80: root bus resource [mem 0x18050200000-0x200501fffff window]
[    0.896017] pci_bus 0000:80: root bus resource [bus 80-bf]
[    0.896032] pci 0000:80:00.0: [1022:1480] type 00 class 0x060000
[    0.896119] pci 0000:80:00.2: [1022:164f] type 00 class 0x080600
[    0.896246] pci 0000:80:01.0: [1022:1482] type 00 class 0x060000
[    0.896319] pci 0000:80:02.0: [1022:1482] type 00 class 0x060000
[    0.896391] pci 0000:80:03.0: [1022:1482] type 00 class 0x060000
[    0.896466] pci 0000:80:03.1: [1022:1483] type 01 class 0x060400
[    0.896546] pci 0000:80:03.1: PME# supported from D0 D3hot D3cold
[    0.896694] pci 0000:80:04.0: [1022:1482] type 00 class 0x060000
[    0.896766] pci 0000:80:05.0: [1022:1482] type 00 class 0x060000
[    0.896842] pci 0000:80:07.0: [1022:1482] type 00 class 0x060000
[    0.896915] pci 0000:80:07.1: [1022:1484] type 01 class 0x060400
[    0.896944] pci 0000:80:07.1: enabling Extended Tags
[    0.896990] pci 0000:80:07.1: PME# supported from D0 D3hot D3cold
[    0.897134] pci 0000:80:08.0: [1022:1482] type 00 class 0x060000
[    0.897208] pci 0000:80:08.1: [1022:1484] type 01 class 0x060400
[    0.897238] pci 0000:80:08.1: enabling Extended Tags
[    0.897285] pci 0000:80:08.1: PME# supported from D0 D3hot D3cold
[    0.897442] pci 0000:80:08.3: [1022:1484] type 01 class 0x060400
[    0.897472] pci 0000:80:08.3: enabling Extended Tags
[    0.897519] pci 0000:80:08.3: PME# supported from D0 D3hot D3cold
[    0.897724] pci 0000:81:00.0: [8086:10fb] type 00 class 0x020000
[    0.897740] pci 0000:81:00.0: reg 0x10: [mem 0xf6880000-0xf68fffff 64bit]
[    0.897747] pci 0000:81:00.0: reg 0x18: [io  0x6020-0x603f]
[    0.897761] pci 0000:81:00.0: reg 0x20: [mem 0xf6d04000-0xf6d07fff 64bit]
[    0.897768] pci 0000:81:00.0: reg 0x30: [mem 0xf6800000-0xf687ffff pref]
[    0.897826] pci 0000:81:00.0: PME# supported from D0 D3hot
[    0.897853] pci 0000:81:00.0: reg 0x184: [mem 0xf6c00000-0xf6c03fff 64bit]
[    0.897856] pci 0000:81:00.0: VF(n) BAR0 space: [mem 0xf6c00000-0xf6cfffff 64bit] (contains BAR0 for 64 VFs)
[    0.897869] pci 0000:81:00.0: reg 0x190: [mem 0xf6b00000-0xf6b03fff 64bit]
[    0.897871] pci 0000:81:00.0: VF(n) BAR3 space: [mem 0xf6b00000-0xf6bfffff 64bit] (contains BAR3 for 64 VFs)
[    0.898119] pci 0000:81:00.1: [8086:10fb] type 00 class 0x020000
[    0.898134] pci 0000:81:00.1: reg 0x10: [mem 0xf6780000-0xf67fffff 64bit]
[    0.898141] pci 0000:81:00.1: reg 0x18: [io  0x6000-0x601f]
[    0.898155] pci 0000:81:00.1: reg 0x20: [mem 0xf6d00000-0xf6d03fff 64bit]
[    0.898161] pci 0000:81:00.1: reg 0x30: [mem 0xf6700000-0xf677ffff pref]
[    0.898219] pci 0000:81:00.1: PME# supported from D0 D3hot
[    0.898243] pci 0000:81:00.1: reg 0x184: [mem 0xf6a00000-0xf6a03fff 64bit]
[    0.898245] pci 0000:81:00.1: VF(n) BAR0 space: [mem 0xf6a00000-0xf6afffff 64bit] (contains BAR0 for 64 VFs)
[    0.898257] pci 0000:81:00.1: reg 0x190: [mem 0xf6900000-0xf6903fff 64bit]
[    0.898259] pci 0000:81:00.1: VF(n) BAR3 space: [mem 0xf6900000-0xf69fffff 64bit] (contains BAR3 for 64 VFs)
[    0.898492] pci 0000:80:03.1: PCI bridge to [bus 81]
[    0.898497] pci 0000:80:03.1:   bridge window [io  0x6000-0x6fff]
[    0.898500] pci 0000:80:03.1:   bridge window [mem 0xf6700000-0xf6dfffff]
[    0.898578] pci 0000:82:00.0: [1022:148a] type 00 class 0x130000
[    0.898612] pci 0000:82:00.0: enabling Extended Tags
[    0.898798] pci 0000:82:00.2: [1022:1498] type 00 class 0x108000
[    0.898815] pci 0000:82:00.2: reg 0x18: [mem 0xf7000000-0xf707ffff]
[    0.898830] pci 0000:82:00.2: reg 0x24: [mem 0xf7080000-0xf7081fff]
[    0.898839] pci 0000:82:00.2: enabling Extended Tags
[    0.899014] pci 0000:80:07.1: PCI bridge to [bus 82]
[    0.899019] pci 0000:80:07.1:   bridge window [mem 0xf7000000-0xf70fffff]
[    0.899117] pci 0000:83:00.0: [1022:1485] type 00 class 0x130000
[    0.899153] pci 0000:83:00.0: enabling Extended Tags
[    0.899347] pci 0000:83:00.2: [1022:1498] type 00 class 0x108000
[    0.899365] pci 0000:83:00.2: reg 0x18: [mem 0xf6f00000-0xf6f7ffff]
[    0.899379] pci 0000:83:00.2: reg 0x24: [mem 0xf6f80000-0xf6f81fff]
[    0.899389] pci 0000:83:00.2: enabling Extended Tags
[    0.899570] pci 0000:80:08.1: PCI bridge to [bus 83]
[    0.899576] pci 0000:80:08.1:   bridge window [mem 0xf6f00000-0xf6ffffff]
[    0.899640] pci 0000:84:00.0: [1022:7901] type 00 class 0x010601
[    0.899678] pci 0000:84:00.0: reg 0x24: [mem 0xf6e00000-0xf6e007ff]
[    0.899690] pci 0000:84:00.0: enabling Extended Tags
[    0.899752] pci 0000:84:00.0: PME# supported from D3hot D3cold
[    0.899923] pci 0000:80:08.3: PCI bridge to [bus 84]
[    0.899929] pci 0000:80:08.3:   bridge window [mem 0xf6e00000-0xf6efffff]
[    0.900900] ACPI: PCI Root Bridge [S0D2] (domain 0000 [bus 40-7f])
[    0.900905] acpi PNP0A08:02: _OSC: OS supports [ExtendedConfig ASPM ClockPM Segments MSI EDR HPX-Type3]
[    0.901097] acpi PNP0A08:02: _OSC: platform does not support [AER LTR DPC]
[    0.901447] acpi PNP0A08:02: _OSC: OS now controls [PCIeHotplug SHPCHotplug PME PCIeCapability]
[    0.902027] PCI host bridge to bus 0000:40
[    0.902029] pci_bus 0000:40: root bus resource [io  0x4000-0x4fff window]
[    0.902031] pci_bus 0000:40: root bus resource [mem 0xf0000000-0xf26fffff window]
[    0.902033] pci_bus 0000:40: root bus resource [mem 0x20080200000-0x280801fffff window]
[    0.902035] pci_bus 0000:40: root bus resource [bus 40-7f]
[    0.902049] pci 0000:40:00.0: [1022:1480] type 00 class 0x060000
[    0.902133] pci 0000:40:00.2: [1022:164f] type 00 class 0x080600
[    0.902256] pci 0000:40:01.0: [1022:1482] type 00 class 0x060000
[    0.902329] pci 0000:40:01.2: [1022:1483] type 01 class 0x060400
[    0.902405] pci 0000:40:01.2: PME# supported from D0 D3hot D3cold
[    0.902550] pci 0000:40:02.0: [1022:1482] type 00 class 0x060000
[    0.902621] pci 0000:40:03.0: [1022:1482] type 00 class 0x060000
[    0.902691] pci 0000:40:04.0: [1022:1482] type 00 class 0x060000
[    0.902761] pci 0000:40:05.0: [1022:1482] type 00 class 0x060000
[    0.902834] pci 0000:40:07.0: [1022:1482] type 00 class 0x060000
[    0.902909] pci 0000:40:07.1: [1022:1484] type 01 class 0x060400
[    0.902936] pci 0000:40:07.1: enabling Extended Tags
[    0.902980] pci 0000:40:07.1: PME# supported from D0 D3hot D3cold
[    0.903124] pci 0000:40:08.0: [1022:1482] type 00 class 0x060000
[    0.903196] pci 0000:40:08.1: [1022:1484] type 01 class 0x060400
[    0.903224] pci 0000:40:08.1: enabling Extended Tags
[    0.903270] pci 0000:40:08.1: PME# supported from D0 D3hot D3cold
[    0.903425] pci 0000:40:08.2: [1022:1484] type 01 class 0x060400
[    0.903453] pci 0000:40:08.2: enabling Extended Tags
[    0.903498] pci 0000:40:08.2: PME# supported from D0 D3hot D3cold
[    0.903636] pci 0000:40:08.3: [1022:1484] type 01 class 0x060400
[    0.903665] pci 0000:40:08.3: enabling Extended Tags
[    0.903711] pci 0000:40:08.3: PME# supported from D0 D3hot D3cold
[    0.904020] pci 0000:41:00.0: [144d:a808] type 00 class 0x010802
[    0.904040] pci 0000:41:00.0: reg 0x10: [mem 0xf2600000-0xf2603fff 64bit]
[    0.904277] pci 0000:40:01.2: PCI bridge to [bus 41]
[    0.904283] pci 0000:40:01.2:   bridge window [mem 0xf2600000-0xf26fffff]
[    0.904361] pci 0000:42:00.0: [1022:148a] type 00 class 0x130000
[    0.904394] pci 0000:42:00.0: enabling Extended Tags
[    0.904574] pci 0000:42:00.2: [1022:1498] type 00 class 0x108000
[    0.904590] pci 0000:42:00.2: reg 0x18: [mem 0xf2500000-0xf257ffff]
[    0.904602] pci 0000:42:00.2: reg 0x24: [mem 0xf2580000-0xf2581fff]
[    0.904611] pci 0000:42:00.2: enabling Extended Tags
[    0.904781] pci 0000:40:07.1: PCI bridge to [bus 42]
[    0.904787] pci 0000:40:07.1:   bridge window [mem 0xf2500000-0xf25fffff]
[    0.904883] pci 0000:43:00.0: [1022:1485] type 00 class 0x130000
[    0.904918] pci 0000:43:00.0: enabling Extended Tags
[    0.905106] pci 0000:43:00.1: [1022:1486] type 00 class 0x108000
[    0.905123] pci 0000:43:00.1: reg 0x18: [mem 0xf2100000-0xf21fffff]
[    0.905136] pci 0000:43:00.1: reg 0x24: [mem 0xf2282000-0xf2283fff]
[    0.905146] pci 0000:43:00.1: enabling Extended Tags
[    0.905310] pci 0000:43:00.2: [1022:1498] type 00 class 0x108000
[    0.905327] pci 0000:43:00.2: reg 0x18: [mem 0xf2200000-0xf227ffff]
[    0.905340] pci 0000:43:00.2: reg 0x24: [mem 0xf2280000-0xf2281fff]
[    0.905350] pci 0000:43:00.2: enabling Extended Tags
[    0.905517] pci 0000:43:00.3: [1022:148c] type 00 class 0x0c0330
[    0.905531] pci 0000:43:00.3: reg 0x10: [mem 0xf2000000-0xf20fffff 64bit]
[    0.905563] pci 0000:43:00.3: enabling Extended Tags
[    0.905612] pci 0000:43:00.3: PME# supported from D0 D3hot D3cold
[    0.905763] pci 0000:40:08.1: PCI bridge to [bus 43]
[    0.905768] pci 0000:40:08.1:   bridge window [mem 0xf2000000-0xf22fffff]
[    0.905830] pci 0000:44:00.0: [1022:7901] type 00 class 0x010601
[    0.905867] pci 0000:44:00.0: reg 0x24: [mem 0xf2400000-0xf24007ff]
[    0.905879] pci 0000:44:00.0: enabling Extended Tags
[    0.905938] pci 0000:44:00.0: PME# supported from D3hot D3cold
[    0.906106] pci 0000:40:08.2: PCI bridge to [bus 44]
[    0.906112] pci 0000:40:08.2:   bridge window [mem 0xf2400000-0xf24fffff]
[    0.906175] pci 0000:45:00.0: [1022:7901] type 00 class 0x010601
[    0.906212] pci 0000:45:00.0: reg 0x24: [mem 0xf2300000-0xf23007ff]
[    0.906223] pci 0000:45:00.0: enabling Extended Tags
[    0.906283] pci 0000:45:00.0: PME# supported from D3hot D3cold
[    0.906450] pci 0000:40:08.3: PCI bridge to [bus 45]
[    0.906456] pci 0000:40:08.3:   bridge window [mem 0xf2300000-0xf23fffff]
[    0.907507] ACPI: PCI Root Bridge [PCI0] (domain 0000 [bus 00-3f])
[    0.907512] acpi PNP0A08:03: _OSC: OS supports [ExtendedConfig ASPM ClockPM Segments MSI EDR HPX-Type3]
[    0.907703] acpi PNP0A08:03: _OSC: platform does not support [AER LTR DPC]
[    0.908058] acpi PNP0A08:03: _OSC: OS now controls [PCIeHotplug SHPCHotplug PME PCIeCapability]
[    0.908800] PCI host bridge to bus 0000:00
[    0.908802] pci_bus 0000:00: root bus resource [io  0x0000-0x03af window]
[    0.908805] pci_bus 0000:00: root bus resource [io  0x03e0-0x0cf7 window]
[    0.908807] pci_bus 0000:00: root bus resource [io  0x1000-0x3fff window]
[    0.908808] pci_bus 0000:00: root bus resource [mem 0x000c0000-0x000dffff window]
[    0.908810] pci_bus 0000:00: root bus resource [mem 0xf7100000-0xf93fffff window]
[    0.908812] pci_bus 0000:00: root bus resource [mem 0x280b0200000-0x380b01fffff window]
[    0.908814] pci_bus 0000:00: root bus resource [bus 00-3f]
[    0.908830] pci 0000:00:00.0: [1022:1480] type 00 class 0x060000
[    0.908918] pci 0000:00:00.2: [1022:164f] type 00 class 0x080600
[    0.909047] pci 0000:00:01.0: [1022:1482] type 00 class 0x060000
[    0.909125] pci 0000:00:02.0: [1022:1482] type 00 class 0x060000
[    0.909204] pci 0000:00:03.0: [1022:1482] type 00 class 0x060000
[    0.909284] pci 0000:00:04.0: [1022:1482] type 00 class 0x060000
[    0.909362] pci 0000:00:05.0: [1022:1482] type 00 class 0x060000
[    0.909440] pci 0000:00:07.0: [1022:1482] type 00 class 0x060000
[    0.909514] pci 0000:00:07.1: [1022:1484] type 01 class 0x060400
[    0.909543] pci 0000:00:07.1: enabling Extended Tags
[    0.909588] pci 0000:00:07.1: PME# supported from D0 D3hot D3cold
[    0.909740] pci 0000:00:08.0: [1022:1482] type 00 class 0x060000
[    0.909814] pci 0000:00:08.1: [1022:1484] type 01 class 0x060400
[    0.909844] pci 0000:00:08.1: enabling Extended Tags
[    0.909891] pci 0000:00:08.1: PME# supported from D0 D3hot D3cold
[    0.910074] pci 0000:00:14.0: [1022:790b] type 00 class 0x0c0500
[    0.910223] pci 0000:00:14.3: [1022:790e] type 00 class 0x060100
[    0.910397] pci 0000:00:18.0: [1022:1650] type 00 class 0x060000
[    0.910453] pci 0000:00:18.1: [1022:1651] type 00 class 0x060000
[    0.910505] pci 0000:00:18.2: [1022:1652] type 00 class 0x060000
[    0.910557] pci 0000:00:18.3: [1022:1653] type 00 class 0x060000
[    0.910610] pci 0000:00:18.4: [1022:1654] type 00 class 0x060000
[    0.910662] pci 0000:00:18.5: [1022:1655] type 00 class 0x060000
[    0.910714] pci 0000:00:18.6: [1022:1656] type 00 class 0x060000
[    0.910767] pci 0000:00:18.7: [1022:1657] type 00 class 0x060000
[    0.910902] pci 0000:01:00.0: [1022:148a] type 00 class 0x130000
[    0.910936] pci 0000:01:00.0: enabling Extended Tags
[    0.911117] pci 0000:01:00.2: [1022:1498] type 00 class 0x108000
[    0.911134] pci 0000:01:00.2: reg 0x18: [mem 0xf9300000-0xf937ffff]
[    0.911146] pci 0000:01:00.2: reg 0x24: [mem 0xf9380000-0xf9381fff]
[    0.911156] pci 0000:01:00.2: enabling Extended Tags
[    0.911328] pci 0000:00:07.1: PCI bridge to [bus 01]
[    0.911334] pci 0000:00:07.1:   bridge window [mem 0xf9300000-0xf93fffff]
[    0.911431] pci 0000:02:00.0: [1022:1485] type 00 class 0x130000
[    0.911467] pci 0000:02:00.0: enabling Extended Tags
[    0.911664] pci 0000:02:00.2: [1022:1498] type 00 class 0x108000
[    0.911682] pci 0000:02:00.2: reg 0x18: [mem 0xf9200000-0xf927ffff]
[    0.911696] pci 0000:02:00.2: reg 0x24: [mem 0xf9280000-0xf9281fff]
[    0.911706] pci 0000:02:00.2: enabling Extended Tags
[    0.911878] pci 0000:02:00.3: [1022:148c] type 00 class 0x0c0330
[    0.911892] pci 0000:02:00.3: reg 0x10: [mem 0xf9100000-0xf91fffff 64bit]
[    0.911925] pci 0000:02:00.3: enabling Extended Tags
[    0.911978] pci 0000:02:00.3: PME# supported from D0 D3hot D3cold
[    0.912133] pci 0000:00:08.1: PCI bridge to [bus 02]
[    0.912139] pci 0000:00:08.1:   bridge window [mem 0xf9100000-0xf92fffff]
[    0.914366] ACPI: PCI: Interrupt link LNKA configured for IRQ 0
[    0.914461] ACPI: PCI: Interrupt link LNKB configured for IRQ 0
[    0.914546] ACPI: PCI: Interrupt link LNKC configured for IRQ 0
[    0.914645] ACPI: PCI: Interrupt link LNKD configured for IRQ 0
[    0.914738] ACPI: PCI: Interrupt link LNKE configured for IRQ 0
[    0.914814] ACPI: PCI: Interrupt link LNKF configured for IRQ 0
[    0.914894] ACPI: PCI: Interrupt link LNKG configured for IRQ 0
[    0.914971] ACPI: PCI: Interrupt link LNKH configured for IRQ 0
[    0.918876] iommu: Default domain type: Translated 
[    0.918876] iommu: DMA domain TLB invalidation policy: lazy mode 
[    0.919067] SCSI subsystem initialized
[    0.919082] libata version 3.00 loaded.
[    0.919082] ACPI: bus type USB registered
[    0.919082] usbcore: registered new interface driver usbfs
[    0.919082] usbcore: registered new interface driver hub
[    0.919082] usbcore: registered new device driver usb
[    0.919310] pps_core: LinuxPPS API ver. 1 registered
[    0.919312] pps_core: Software ver. 5.3.6 - Copyright 2005-2007 Rodolfo Giometti <giometti@linux.it>
[    0.919315] PTP clock support registered
[    0.919340] EDAC MC: Ver: 3.0.0
[    0.919560] Registered efivars operations
[    0.923103] NetLabel: Initializing
[    0.923105] NetLabel:  domain hash size = 128
[    0.923106] NetLabel:  protocols = UNLABELED CIPSOv4 CALIPSO
[    0.923129] NetLabel:  unlabeled traffic allowed by default
[    0.923149] mctp: management component transport protocol core
[    0.923149] NET: Registered PF_MCTP protocol family
[    0.923149] PCI: Using ACPI for IRQ routing
[    0.925682] PCI: pci_cache_line_size set to 64 bytes
[    0.926436] e820: reserve RAM buffer [mem 0x75db0000-0x77ffffff]
[    0.926438] e820: reserve RAM buffer [mem 0x79f2e018-0x7bffffff]
[    0.926440] e820: reserve RAM buffer [mem 0x79f3e018-0x7bffffff]
[    0.926442] e820: reserve RAM buffer [mem 0x7a528018-0x7bffffff]
[    0.926443] e820: reserve RAM buffer [mem 0x7a531018-0x7bffffff]
[    0.926445] e820: reserve RAM buffer [mem 0x7a55b018-0x7bffffff]
[    0.926446] e820: reserve RAM buffer [mem 0x7a585018-0x7bffffff]
[    0.926448] e820: reserve RAM buffer [mem 0x7a595018-0x7bffffff]
[    0.926449] e820: reserve RAM buffer [mem 0x7b5fd000-0x7bffffff]
[    0.926451] e820: reserve RAM buffer [mem 0x7ffe8000-0x7fffffff]
[    0.926452] e820: reserve RAM buffer [mem 0x104fe80000-0x104fffffff]
[    0.926454] e820: reserve RAM buffer [mem 0x204f280000-0x204fffffff]
[    0.926840] pci 0000:c4:00.0: vgaarb: setting as boot VGA device
[    0.926842] pci 0000:c4:00.0: vgaarb: bridge control possible
[    0.926844] pci 0000:c4:00.0: vgaarb: VGA device added: decodes=io+mem,owns=io+mem,locks=none
[    0.926857] vgaarb: loaded
[    0.926936] hpet0: at MMIO 0xfed00000, IRQs 2, 8, 0
[    0.926942] hpet0: 3 comparators, 32-bit 14.318180 MHz counter
[    0.931988] clocksource: Switched to clocksource tsc-early
[    0.947254] VFS: Disk quotas dquot_6.6.0
[    0.947278] VFS: Dquot-cache hash table entries: 512 (order 0, 4096 bytes)
[    0.947475] AppArmor: AppArmor Filesystem Enabled
[    0.947511] pnp: PnP ACPI init
[    0.949426] system 00:00: [mem 0xe0000000-0xefffffff] has been reserved
[    0.950435] system 00:02: [io  0x0a00-0x0a0f] has been reserved
[    0.950438] system 00:02: [io  0x0a10-0x0a1f] has been reserved
[    0.950440] system 00:02: [io  0x0290-0x029f] has been reserved
[    0.950442] system 00:02: [io  0x0a30-0x0a3f] has been reserved
[    0.950835] pnp 00:03: [dma 0 disabled]
[    0.951260] pnp 00:04: [dma 0 disabled]
[    0.951656] pnp 00:05: disabling [io  0xfe00-0xfefe] because it overlaps 0000:c0:01.2 BAR 13 [io  0xf000-0xffff]
[    0.951745] system 00:05: [io  0x04d0-0x04d1] has been reserved
[    0.951747] system 00:05: [io  0x040b] has been reserved
[    0.951749] system 00:05: [io  0x04d6] has been reserved
[    0.951751] system 00:05: [io  0x0c00-0x0c01] has been reserved
[    0.951755] system 00:05: [io  0x0c14] has been reserved
[    0.951757] system 00:05: [io  0x0c50-0x0c51] has been reserved
[    0.951759] system 00:05: [io  0x0c52] has been reserved
[    0.951761] system 00:05: [io  0x0c6c] has been reserved
[    0.951763] system 00:05: [io  0x0c6f] has been reserved
[    0.951765] system 00:05: [io  0x0cd0-0x0cd1] has been reserved
[    0.951767] system 00:05: [io  0x0cd2-0x0cd3] has been reserved
[    0.951769] system 00:05: [io  0x0cd4-0x0cd5] has been reserved
[    0.951771] system 00:05: [io  0x0cd6-0x0cd7] has been reserved
[    0.951773] system 00:05: [io  0x0cd8-0x0cdf] has been reserved
[    0.951775] system 00:05: [io  0x0800-0x089f] has been reserved
[    0.951777] system 00:05: [io  0x0b00-0x0b0f] has been reserved
[    0.951779] system 00:05: [io  0x0b20-0x0b3f] has been reserved
[    0.951781] system 00:05: [io  0x0900-0x090f] has been reserved
[    0.951783] system 00:05: [io  0x0910-0x091f] has been reserved
[    0.951785] system 00:05: [mem 0xfedc0000-0xfedc0fff] has been reserved
[    0.951787] system 00:05: [mem 0xfee00000-0xfee00fff] has been reserved
[    0.951789] system 00:05: [mem 0xfed80000-0xfed814ff] has been reserved
[    0.951791] system 00:05: [mem 0xfed81900-0xfed8ffff] has been reserved
[    0.951794] system 00:05: [mem 0xfec10000-0xfec10fff] has been reserved
[    0.951796] system 00:05: [mem 0xff000000-0xffffffff] has been reserved
[    0.952717] pnp: PnP ACPI: found 6 devices
[    0.958818] clocksource: acpi_pm: mask: 0xffffff max_cycles: 0xffffff, max_idle_ns: 2085701024 ns
[    0.958896] NET: Registered PF_INET protocol family
[    0.959060] IP idents hash table entries: 262144 (order: 9, 2097152 bytes, linear)
[    0.961619] tcp_listen_portaddr_hash hash table entries: 65536 (order: 8, 1048576 bytes, linear)
[    0.961692] Table-perturb hash table entries: 65536 (order: 6, 262144 bytes, linear)
[    0.961979] TCP established hash table entries: 524288 (order: 10, 4194304 bytes, linear)
[    0.962446] TCP bind hash table entries: 65536 (order: 9, 2097152 bytes, linear)
[    0.962550] TCP: Hash tables configured (established 524288 bind 65536)
[    0.962822] MPTCP token hash table entries: 65536 (order: 8, 1572864 bytes, linear)
[    0.963010] UDP hash table entries: 65536 (order: 9, 2097152 bytes, linear)
[    0.963290] UDP-Lite hash table entries: 65536 (order: 9, 2097152 bytes, linear)
[    0.963521] NET: Registered PF_UNIX/PF_LOCAL protocol family
[    0.963530] NET: Registered PF_XDP protocol family
[    0.963545] pci 0000:c0:01.2: PCI bridge to [bus c1]
[    0.963548] pci 0000:c0:01.2:   bridge window [io  0xf000-0xffff]
[    0.963552] pci 0000:c0:01.2:   bridge window [mem 0xb4700000-0xb47fffff]
[    0.963558] pci 0000:c0:03.1: PCI bridge to [bus c2]
[    0.963562] pci 0000:c0:03.1:   bridge window [mem 0xb4200000-0xb43fffff]
[    0.963565] pci 0000:c0:03.1:   bridge window [mem 0x1801a000000-0x1801effffff 64bit pref]
[    0.963571] pci 0000:c3:00.0: PCI bridge to [bus c4]
[    0.963574] pci 0000:c3:00.0:   bridge window [io  0xe000-0xefff]
[    0.963580] pci 0000:c3:00.0:   bridge window [mem 0xb0000000-0xb40fffff]
[    0.963590] pci 0000:c0:03.2: PCI bridge to [bus c3-c4]
[    0.963593] pci 0000:c0:03.2:   bridge window [io  0xe000-0xefff]
[    0.963596] pci 0000:c0:03.2:   bridge window [mem 0xb0000000-0xb40fffff]
[    0.963602] pci 0000:c0:03.3: PCI bridge to [bus c5]
[    0.963604] pci 0000:c0:03.3:   bridge window [io  0xd000-0xdfff]
[    0.963608] pci 0000:c0:03.3:   bridge window [mem 0xb4600000-0xb46fffff]
[    0.963614] pci 0000:c0:07.1: PCI bridge to [bus c6]
[    0.963618] pci 0000:c0:07.1:   bridge window [mem 0xb4500000-0xb45fffff]
[    0.963623] pci 0000:c0:08.1: PCI bridge to [bus c7]
[    0.963627] pci 0000:c0:08.1:   bridge window [mem 0xb4400000-0xb44fffff]
[    0.963633] pci_bus 0000:c0: resource 4 [io  0x03b0-0x03df window]
[    0.963635] pci_bus 0000:c0: resource 5 [io  0x7000-0xffff window]
[    0.963637] pci_bus 0000:c0: resource 6 [mem 0x000a0000-0x000bffff window]
[    0.963638] pci_bus 0000:c0: resource 7 [mem 0xb0000000-0xb6bfffff window]
[    0.963640] pci_bus 0000:c0: resource 8 [mem 0x10020200000-0x180201fffff window]
[    0.963642] pci_bus 0000:c1: resource 0 [io  0xf000-0xffff]
[    0.963644] pci_bus 0000:c1: resource 1 [mem 0xb4700000-0xb47fffff]
[    0.963646] pci_bus 0000:c2: resource 1 [mem 0xb4200000-0xb43fffff]
[    0.963648] pci_bus 0000:c2: resource 2 [mem 0x1801a000000-0x1801effffff 64bit pref]
[    0.963650] pci_bus 0000:c3: resource 0 [io  0xe000-0xefff]
[    0.963651] pci_bus 0000:c3: resource 1 [mem 0xb0000000-0xb40fffff]
[    0.963653] pci_bus 0000:c4: resource 0 [io  0xe000-0xefff]
[    0.963655] pci_bus 0000:c4: resource 1 [mem 0xb0000000-0xb40fffff]
[    0.963657] pci_bus 0000:c5: resource 0 [io  0xd000-0xdfff]
[    0.963658] pci_bus 0000:c5: resource 1 [mem 0xb4600000-0xb46fffff]
[    0.963660] pci_bus 0000:c6: resource 1 [mem 0xb4500000-0xb45fffff]
[    0.963662] pci_bus 0000:c7: resource 1 [mem 0xb4400000-0xb44fffff]
[    0.963722] pci 0000:80:03.1: PCI bridge to [bus 81]
[    0.963725] pci 0000:80:03.1:   bridge window [io  0x6000-0x6fff]
[    0.963728] pci 0000:80:03.1:   bridge window [mem 0xf6700000-0xf6dfffff]
[    0.963734] pci 0000:80:07.1: PCI bridge to [bus 82]
[    0.963738] pci 0000:80:07.1:   bridge window [mem 0xf7000000-0xf70fffff]
[    0.963744] pci 0000:80:08.1: PCI bridge to [bus 83]
[    0.963747] pci 0000:80:08.1:   bridge window [mem 0xf6f00000-0xf6ffffff]
[    0.963753] pci 0000:80:08.3: PCI bridge to [bus 84]
[    0.963757] pci 0000:80:08.3:   bridge window [mem 0xf6e00000-0xf6efffff]
[    0.963763] pci_bus 0000:80: resource 4 [io  0x5000-0x6fff window]
[    0.963764] pci_bus 0000:80: resource 5 [mem 0xf4700000-0xf70fffff window]
[    0.963766] pci_bus 0000:80: resource 6 [mem 0x18050200000-0x200501fffff window]
[    0.963768] pci_bus 0000:81: resource 0 [io  0x6000-0x6fff]
[    0.963770] pci_bus 0000:81: resource 1 [mem 0xf6700000-0xf6dfffff]
[    0.963772] pci_bus 0000:82: resource 1 [mem 0xf7000000-0xf70fffff]
[    0.963774] pci_bus 0000:83: resource 1 [mem 0xf6f00000-0xf6ffffff]
[    0.963775] pci_bus 0000:84: resource 1 [mem 0xf6e00000-0xf6efffff]
[    0.963831] pci 0000:40:01.2: PCI bridge to [bus 41]
[    0.963835] pci 0000:40:01.2:   bridge window [mem 0xf2600000-0xf26fffff]
[    0.963841] pci 0000:40:07.1: PCI bridge to [bus 42]
[    0.963844] pci 0000:40:07.1:   bridge window [mem 0xf2500000-0xf25fffff]
[    0.963850] pci 0000:40:08.1: PCI bridge to [bus 43]
[    0.963854] pci 0000:40:08.1:   bridge window [mem 0xf2000000-0xf22fffff]
[    0.963859] pci 0000:40:08.2: PCI bridge to [bus 44]
[    0.963863] pci 0000:40:08.2:   bridge window [mem 0xf2400000-0xf24fffff]
[    0.963868] pci 0000:40:08.3: PCI bridge to [bus 45]
[    0.963872] pci 0000:40:08.3:   bridge window [mem 0xf2300000-0xf23fffff]
[    0.963878] pci_bus 0000:40: resource 4 [io  0x4000-0x4fff window]
[    0.963879] pci_bus 0000:40: resource 5 [mem 0xf0000000-0xf26fffff window]
[    0.963881] pci_bus 0000:40: resource 6 [mem 0x20080200000-0x280801fffff window]
[    0.963883] pci_bus 0000:41: resource 1 [mem 0xf2600000-0xf26fffff]
[    0.963885] pci_bus 0000:42: resource 1 [mem 0xf2500000-0xf25fffff]
[    0.963887] pci_bus 0000:43: resource 1 [mem 0xf2000000-0xf22fffff]
[    0.963889] pci_bus 0000:44: resource 1 [mem 0xf2400000-0xf24fffff]
[    0.963890] pci_bus 0000:45: resource 1 [mem 0xf2300000-0xf23fffff]
[    0.963948] pci 0000:00:07.1: PCI bridge to [bus 01]
[    0.963952] pci 0000:00:07.1:   bridge window [mem 0xf9300000-0xf93fffff]
[    0.963958] pci 0000:00:08.1: PCI bridge to [bus 02]
[    0.963961] pci 0000:00:08.1:   bridge window [mem 0xf9100000-0xf92fffff]
[    0.963967] pci_bus 0000:00: resource 4 [io  0x0000-0x03af window]
[    0.963969] pci_bus 0000:00: resource 5 [io  0x03e0-0x0cf7 window]
[    0.963971] pci_bus 0000:00: resource 6 [io  0x1000-0x3fff window]
[    0.963973] pci_bus 0000:00: resource 7 [mem 0x000c0000-0x000dffff window]
[    0.963975] pci_bus 0000:00: resource 8 [mem 0xf7100000-0xf93fffff window]
[    0.963977] pci_bus 0000:00: resource 9 [mem 0x280b0200000-0x380b01fffff window]
[    0.963979] pci_bus 0000:01: resource 1 [mem 0xf9300000-0xf93fffff]
[    0.963980] pci_bus 0000:02: resource 1 [mem 0xf9100000-0xf92fffff]
[    0.964922] PCI: CLS 64 bytes, default 64
[    0.964962] pci 0000:c0:00.2: AMD-Vi: IOMMU performance counters supported
[    0.965010] Trying to unpack rootfs image as initramfs...
[    0.965906] pci 0000:c0:01.0: Adding to iommu group 0
[    0.965932] pci 0000:c0:01.2: Adding to iommu group 1
[    0.965972] pci 0000:c0:02.0: Adding to iommu group 2
[    0.966014] pci 0000:c0:03.0: Adding to iommu group 3
[    0.966039] pci 0000:c0:03.1: Adding to iommu group 4
[    0.966064] pci 0000:c0:03.2: Adding to iommu group 5
[    0.966088] pci 0000:c0:03.3: Adding to iommu group 6
[    0.966128] pci 0000:c0:04.0: Adding to iommu group 7
[    0.966169] pci 0000:c0:05.0: Adding to iommu group 8
[    0.966209] pci 0000:c0:07.0: Adding to iommu group 9
[    0.966233] pci 0000:c0:07.1: Adding to iommu group 10
[    0.966273] pci 0000:c0:08.0: Adding to iommu group 11
[    0.966300] pci 0000:c0:08.1: Adding to iommu group 12
[    0.966325] pci 0000:c1:00.0: Adding to iommu group 13
[    0.966372] pci 0000:c2:00.0: Adding to iommu group 14
[    0.966417] pci 0000:c2:00.1: Adding to iommu group 15
[    0.966444] pci 0000:c3:00.0: Adding to iommu group 16
[    0.966450] pci 0000:c4:00.0: Adding to iommu group 16
[    0.966475] pci 0000:c5:00.0: Adding to iommu group 17
[    0.966499] pci 0000:c5:00.1: Adding to iommu group 18
[    0.966525] pci 0000:c6:00.0: Adding to iommu group 19
[    0.966553] pci 0000:c6:00.2: Adding to iommu group 20
[    0.966579] pci 0000:c7:00.0: Adding to iommu group 21
[    0.966604] pci 0000:c7:00.2: Adding to iommu group 22
[    0.971852] pci 0000:80:00.2: AMD-Vi: IOMMU performance counters supported
[    0.972828] pci 0000:80:01.0: Adding to iommu group 23
[    0.972868] pci 0000:80:02.0: Adding to iommu group 24
[    0.972909] pci 0000:80:03.0: Adding to iommu group 25
[    0.972935] pci 0000:80:03.1: Adding to iommu group 26
[    0.972974] pci 0000:80:04.0: Adding to iommu group 27
[    0.973013] pci 0000:80:05.0: Adding to iommu group 28
[    0.973054] pci 0000:80:07.0: Adding to iommu group 29
[    0.973079] pci 0000:80:07.1: Adding to iommu group 30
[    0.973120] pci 0000:80:08.0: Adding to iommu group 31
[    0.973145] pci 0000:80:08.1: Adding to iommu group 32
[    0.973171] pci 0000:80:08.3: Adding to iommu group 33
[    0.973197] pci 0000:81:00.0: Adding to iommu group 34
[    0.973222] pci 0000:81:00.1: Adding to iommu group 35
[    0.973251] pci 0000:82:00.0: Adding to iommu group 36
[    0.973281] pci 0000:82:00.2: Adding to iommu group 37
[    0.973308] pci 0000:83:00.0: Adding to iommu group 38
[    0.973335] pci 0000:83:00.2: Adding to iommu group 39
[    0.973360] pci 0000:84:00.0: Adding to iommu group 40
[    0.977298] pci 0000:40:00.2: AMD-Vi: IOMMU performance counters supported
[    0.978204] pci 0000:40:01.0: Adding to iommu group 41
[    0.978230] pci 0000:40:01.2: Adding to iommu group 42
[    0.978271] pci 0000:40:02.0: Adding to iommu group 43
[    0.978311] pci 0000:40:03.0: Adding to iommu group 44
[    0.978350] pci 0000:40:04.0: Adding to iommu group 45
[    0.978389] pci 0000:40:05.0: Adding to iommu group 46
[    0.978431] pci 0000:40:07.0: Adding to iommu group 47
[    0.978456] pci 0000:40:07.1: Adding to iommu group 48
[    0.978499] pci 0000:40:08.0: Adding to iommu group 49
[    0.978525] pci 0000:40:08.1: Adding to iommu group 50
[    0.978553] pci 0000:40:08.2: Adding to iommu group 51
[    0.978578] pci 0000:40:08.3: Adding to iommu group 52
[    0.978604] pci 0000:41:00.0: Adding to iommu group 53
[    0.978630] pci 0000:42:00.0: Adding to iommu group 54
[    0.978658] pci 0000:42:00.2: Adding to iommu group 55
[    0.978684] pci 0000:43:00.0: Adding to iommu group 56
[    0.978711] pci 0000:43:00.1: Adding to iommu group 57
[    0.978737] pci 0000:43:00.2: Adding to iommu group 58
[    0.978765] pci 0000:43:00.3: Adding to iommu group 59
[    0.978790] pci 0000:44:00.0: Adding to iommu group 60
[    0.978815] pci 0000:45:00.0: Adding to iommu group 61
[    0.983399] pci 0000:00:00.2: AMD-Vi: IOMMU performance counters supported
[    0.984300] pci 0000:00:01.0: Adding to iommu group 62
[    0.984341] pci 0000:00:02.0: Adding to iommu group 63
[    0.984381] pci 0000:00:03.0: Adding to iommu group 64
[    0.984421] pci 0000:00:04.0: Adding to iommu group 65
[    0.984460] pci 0000:00:05.0: Adding to iommu group 66
[    0.984502] pci 0000:00:07.0: Adding to iommu group 67
[    0.984527] pci 0000:00:07.1: Adding to iommu group 68
[    0.984568] pci 0000:00:08.0: Adding to iommu group 69
[    0.984593] pci 0000:00:08.1: Adding to iommu group 70
[    0.984649] pci 0000:00:14.0: Adding to iommu group 71
[    0.984684] pci 0000:00:14.3: Adding to iommu group 71
[    0.984834] pci 0000:00:18.0: Adding to iommu group 72
[    0.984869] pci 0000:00:18.1: Adding to iommu group 72
[    0.984904] pci 0000:00:18.2: Adding to iommu group 72
[    0.984939] pci 0000:00:18.3: Adding to iommu group 72
[    0.984974] pci 0000:00:18.4: Adding to iommu group 72
[    0.985010] pci 0000:00:18.5: Adding to iommu group 72
[    0.985045] pci 0000:00:18.6: Adding to iommu group 72
[    0.985080] pci 0000:00:18.7: Adding to iommu group 72
[    0.985106] pci 0000:01:00.0: Adding to iommu group 73
[    0.985133] pci 0000:01:00.2: Adding to iommu group 74
[    0.985160] pci 0000:02:00.0: Adding to iommu group 75
[    0.985187] pci 0000:02:00.2: Adding to iommu group 76
[    0.985213] pci 0000:02:00.3: Adding to iommu group 77
[    0.988909] pci 0000:c0:00.2: AMD-Vi: Found IOMMU cap 0x40
[    0.988911] AMD-Vi: Extended features (0x841f77e022094ace, 0x0): PPR X2APIC NX IA GA PC SNP
[    0.988921] pci 0000:80:00.2: AMD-Vi: Found IOMMU cap 0x40
[    0.988922] AMD-Vi: Extended features (0x841f77e022094ace, 0x0): PPR X2APIC NX IA GA PC SNP
[    0.988929] pci 0000:40:00.2: AMD-Vi: Found IOMMU cap 0x40
[    0.988931] AMD-Vi: Extended features (0x841f77e022094ace, 0x0): PPR X2APIC NX IA GA PC SNP
[    0.988938] pci 0000:00:00.2: AMD-Vi: Found IOMMU cap 0x40
[    0.988939] AMD-Vi: Extended features (0x841f77e022094ace, 0x0): PPR X2APIC NX IA GA PC SNP
[    0.988946] AMD-Vi: Interrupt remapping enabled
[    0.988947] AMD-Vi: X2APIC enabled
[    0.989272] PCI-DMA: Using software bounce buffering for IO (SWIOTLB)
[    0.989275] software IO TLB: mapped [mem 0x0000000071db0000-0x0000000075db0000] (64MB)
[    0.989344] LVT offset 0 assigned for vector 0x400
[    0.989870] perf: AMD IBS detected (0x000003ff)
[    0.989879] perf/amd_iommu: Detected AMD IOMMU #0 (2 banks, 4 counters/bank).
[    0.989887] perf/amd_iommu: Detected AMD IOMMU #1 (2 banks, 4 counters/bank).
[    0.989895] perf/amd_iommu: Detected AMD IOMMU #2 (2 banks, 4 counters/bank).
[    0.989904] perf/amd_iommu: Detected AMD IOMMU #3 (2 banks, 4 counters/bank).
[    0.992764] Initialise system trusted keyrings
[    0.992774] Key type blacklist registered
[    0.992819] workingset: timestamp_bits=36 max_order=25 bucket_order=0
[    0.992835] zbud: loaded
[    0.993109] squashfs: version 4.0 (2009/01/31) Phillip Lougher
[    0.993321] fuse: init (API version 7.38)
[    0.993475] integrity: Platform Keyring initialized
[    0.993480] integrity: Machine keyring initialized
[    0.996472] Key type asymmetric registered
[    0.996474] Asymmetric key parser 'x509' registered
[    0.996492] Block layer SCSI generic (bsg) driver version 0.4 loaded (major 243)
[    0.996553] io scheduler mq-deadline registered
[    0.999025] pcieport 0000:c0:01.2: PME: Signaling with IRQ 30
[    0.999164] pcieport 0000:c0:03.1: PME: Signaling with IRQ 31
[    0.999301] pcieport 0000:c0:03.2: PME: Signaling with IRQ 32
[    0.999433] pcieport 0000:c0:03.3: PME: Signaling with IRQ 33
[    0.999691] pcieport 0000:c0:07.1: PME: Signaling with IRQ 35
[    0.999907] pcieport 0000:c0:08.1: PME: Signaling with IRQ 37
[    1.000067] pcieport 0000:80:03.1: PME: Signaling with IRQ 38
[    1.000279] pcieport 0000:80:07.1: PME: Signaling with IRQ 40
[    1.000488] pcieport 0000:80:08.1: PME: Signaling with IRQ 42
[    1.000692] pcieport 0000:80:08.3: PME: Signaling with IRQ 43
[    1.000830] pcieport 0000:40:01.2: PME: Signaling with IRQ 44
[    1.001043] pcieport 0000:40:07.1: PME: Signaling with IRQ 46
[    1.001188] pcieport 0000:40:08.1: PME: Signaling with IRQ 47
[    1.001394] pcieport 0000:40:08.2: PME: Signaling with IRQ 48
[    1.001577] pcieport 0000:40:08.3: PME: Signaling with IRQ 49
[    1.001780] pcieport 0000:00:07.1: PME: Signaling with IRQ 51
[    1.001925] pcieport 0000:00:08.1: PME: Signaling with IRQ 52
[    1.002117] shpchp: Standard Hot Plug PCI Controller Driver version: 0.4
[    1.003534] input: Power Button as /devices/LNXSYSTM:00/LNXSYBUS:00/PNP0C0C:00/input/input0
[    1.003559] ACPI: button: Power Button [PWRB]
[    1.003601] input: Power Button as /devices/LNXSYSTM:00/LNXPWRBN:00/input/input1
[    1.003701] ACPI: button: Power Button [PWRF]
[    1.008817] Estimated ratio of average max frequency by base frequency (times 1024): 1213
[    1.008910] Monitor-Mwait will be used to enter C-1 state
[    1.008921] ACPI: \_SB_.C000: Found 2 idle states
[    1.009111] ACPI: \_SB_.C002: Found 2 idle states
[    1.009363] ACPI: \_SB_.C004: Found 2 idle states
[    1.009604] ACPI: \_SB_.C006: Found 2 idle states
[    1.009846] ACPI: \_SB_.C008: Found 2 idle states
[    1.010083] ACPI: \_SB_.C00A: Found 2 idle states
[    1.010240] ACPI: \_SB_.C00C: Found 2 idle states
[    1.010399] ACPI: \_SB_.C00E: Found 2 idle states
[    1.010557] ACPI: \_SB_.C010: Found 2 idle states
[    1.010716] ACPI: \_SB_.C012: Found 2 idle states
[    1.010872] ACPI: \_SB_.C014: Found 2 idle states
[    1.011033] ACPI: \_SB_.C016: Found 2 idle states
[    1.011194] ACPI: \_SB_.C018: Found 2 idle states
[    1.011357] ACPI: \_SB_.C01A: Found 2 idle states
[    1.011515] ACPI: \_SB_.C01C: Found 2 idle states
[    1.011671] ACPI: \_SB_.C01E: Found 2 idle states
[    1.011785] ACPI: \_SB_.C020: Found 2 idle states
[    1.011939] ACPI: \_SB_.C022: Found 2 idle states
[    1.012089] ACPI: \_SB_.C024: Found 2 idle states
[    1.012249] ACPI: \_SB_.C026: Found 2 idle states
[    1.012411] ACPI: \_SB_.C028: Found 2 idle states
[    1.012573] ACPI: \_SB_.C02A: Found 2 idle states
[    1.012751] ACPI: \_SB_.C02C: Found 2 idle states
[    1.012933] ACPI: \_SB_.C02E: Found 2 idle states
[    1.013102] ACPI: \_SB_.C001: Found 2 idle states
[    1.013265] ACPI: \_SB_.C003: Found 2 idle states
[    1.013421] ACPI: \_SB_.C005: Found 2 idle states
[    1.013571] ACPI: \_SB_.C007: Found 2 idle states
[    1.013728] ACPI: \_SB_.C009: Found 2 idle states
[    1.013886] ACPI: \_SB_.C00B: Found 2 idle states
[    1.014050] ACPI: \_SB_.C00D: Found 2 idle states
[    1.014206] ACPI: \_SB_.C00F: Found 2 idle states
[    1.014360] ACPI: \_SB_.C011: Found 2 idle states
[    1.014526] ACPI: \_SB_.C013: Found 2 idle states
[    1.014679] ACPI: \_SB_.C015: Found 2 idle states
[    1.014829] ACPI: \_SB_.C017: Found 2 idle states
[    1.014977] ACPI: \_SB_.C019: Found 2 idle states
[    1.015130] ACPI: \_SB_.C01B: Found 2 idle states
[    1.015281] ACPI: \_SB_.C01D: Found 2 idle states
[    1.015445] ACPI: \_SB_.C01F: Found 2 idle states
[    1.015552] ACPI: \_SB_.C021: Found 2 idle states
[    1.015700] ACPI: \_SB_.C023: Found 2 idle states
[    1.015862] ACPI: \_SB_.C025: Found 2 idle states
[    1.016022] ACPI: \_SB_.C027: Found 2 idle states
[    1.016177] ACPI: \_SB_.C029: Found 2 idle states
[    1.016335] ACPI: \_SB_.C02B: Found 2 idle states
[    1.016501] ACPI: \_SB_.C02D: Found 2 idle states
[    1.016666] ACPI: \_SB_.C02F: Found 2 idle states
[    1.017011] ERST: Error Record Serialization Table (ERST) support is initialized.
[    1.017017] pstore: Registered erst as persistent store backend
[    1.020564] Serial: 8250/16550 driver, 32 ports, IRQ sharing enabled
[    1.041149] 00:03: ttyS0 at I/O 0x3f8 (irq = 4, base_baud = 115200) is a 16550A
[    1.067863] 00:04: ttyS1 at I/O 0x2f8 (irq = 3, base_baud = 115200) is a 16550A
[    1.076029] Linux agpgart interface v0.103
[    1.085858] loop: module loaded
[    1.086694] tun: Universal TUN/TAP device driver, 1.6
[    1.086723] PPP generic driver version 2.4.2
[    1.087674] i8042: PNP: No PS/2 controller found.
[    1.087723] mousedev: PS/2 mouse device common for all mice
[    1.088050] rtc_cmos 00:01: registered as rtc0
[    1.088080] rtc_cmos 00:01: setting system clock to 2023-11-10T00:12:15 UTC (1699575135)
[    1.088110] rtc_cmos 00:01: alarms up to one month, y3k, 114 bytes nvram, hpet irqs
[    1.088119] i2c_dev: i2c /dev entries driver
[    1.088936] device-mapper: core: CONFIG_IMA_DISABLE_HTABLE is disabled. Duplicate IMA measurements will not be recorded in the IMA log.
[    1.088945] device-mapper: uevent: version 1.0.3
[    1.088986] device-mapper: ioctl: 4.47.0-ioctl (2022-07-28) initialised: dm-devel@redhat.com
[    1.089011] platform eisa.0: Probing EISA bus 0
[    1.089013] platform eisa.0: EISA: Cannot allocate resource for mainboard
[    1.089015] platform eisa.0: Cannot allocate resource for EISA slot 1
[    1.089017] platform eisa.0: Cannot allocate resource for EISA slot 2
[    1.089018] platform eisa.0: Cannot allocate resource for EISA slot 3
[    1.089020] platform eisa.0: Cannot allocate resource for EISA slot 4
[    1.089021] platform eisa.0: Cannot allocate resource for EISA slot 5
[    1.089023] platform eisa.0: Cannot allocate resource for EISA slot 6
[    1.089025] platform eisa.0: Cannot allocate resource for EISA slot 7
[    1.089026] platform eisa.0: Cannot allocate resource for EISA slot 8
[    1.089028] platform eisa.0: EISA: Detected 0 cards
[    1.089455] ledtrig-cpu: registered to indicate activity on CPUs
[    1.089485] efifb: probing for efifb
[    1.089496] efifb: No BGRT, not showing boot graphics
[    1.089497] efifb: framebuffer at 0xb0000000, using 3072k, total 3072k
[    1.089499] efifb: mode is 1024x768x32, linelength=4096, pages=1
[    1.089500] efifb: scrolling: redraw
[    1.089501] efifb: Truecolor: size=8:8:8:8, shift=24:16:8:0
[    1.089542] fbcon: Deferring console take-over
[    1.089544] fb0: EFI VGA frame buffer device
[    1.090206] drop_monitor: Initializing network drop monitor service
[    1.103152] NET: Registered PF_INET6 protocol family
[    1.252511] Freeing initrd memory: 67820K
[    1.258866] Segment Routing with IPv6
[    1.258879] In-situ OAM (IOAM) with IPv6
[    1.258904] NET: Registered PF_PACKET protocol family
[    1.258955] Key type dns_resolver registered
[    1.261591] microcode: microcode updated early to new patch_level=0x0a0011d1
[    1.261630] microcode: CPU1: patch_level=0x0a0011d1
[    1.261630] microcode: CPU2: patch_level=0x0a0011d1
[    1.261631] microcode: CPU3: patch_level=0x0a0011d1
[    1.261632] microcode: CPU4: patch_level=0x0a0011d1
[    1.261633] microcode: CPU5: patch_level=0x0a0011d1
[    1.261635] microcode: CPU7: patch_level=0x0a0011d1
[    1.261634] microcode: CPU6: patch_level=0x0a0011d1
[    1.261635] microcode: CPU8: patch_level=0x0a0011d1
[    1.261636] microcode: CPU9: patch_level=0x0a0011d1
[    1.261637] microcode: CPU10: patch_level=0x0a0011d1
[    1.261638] microcode: CPU11: patch_level=0x0a0011d1
[    1.261639] microcode: CPU13: patch_level=0x0a0011d1
[    1.261639] microcode: CPU14: patch_level=0x0a0011d1
[    1.261640] microcode: CPU15: patch_level=0x0a0011d1
[    1.261639] microcode: CPU12: patch_level=0x0a0011d1
[    1.261641] microcode: CPU17: patch_level=0x0a0011d1
[    1.261643] microcode: CPU0: patch_level=0x0a0011d1
[    1.261646] microcode: CPU19: patch_level=0x0a0011d1
[    1.261646] microcode: CPU20: patch_level=0x0a0011d1
[    1.261646] microcode: CPU18: patch_level=0x0a0011d1
[    1.261646] microcode: CPU21: patch_level=0x0a0011d1
[    1.261648] microcode: CPU22: patch_level=0x0a0011d1
[    1.261648] microcode: CPU23: patch_level=0x0a0011d1
[    1.261662] microcode: CPU40: patch_level=0x0a0011d1
[    1.261853] microcode: CPU2: new patch_level=0x0a0011d1
[    1.261855] microcode: CPU3: new patch_level=0x0a0011d1
[    1.261856] microcode: CPU1: new patch_level=0x0a0011d1
[    1.261859] microcode: CPU26: patch_level=0x0a0011d1
[    1.261860] microcode: CPU5: new patch_level=0x0a0011d1
[    1.261860] microcode: CPU6: new patch_level=0x0a0011d1
[    1.261860] microcode: CPU4: new patch_level=0x0a0011d1
[    1.261860] microcode: CPU27: patch_level=0x0a0011d1
[    1.261862] microcode: CPU25: patch_level=0x0a0011d1
[    1.261863] microcode: CPU8: new patch_level=0x0a0011d1
[    1.261863] microcode: CPU9: new patch_level=0x0a0011d1
[    1.261864] microcode: CPU10: new patch_level=0x0a0011d1
[    1.261865] microcode: CPU30: patch_level=0x0a0011d1
[    1.261865] microcode: CPU29: patch_level=0x0a0011d1
[    1.261866] microcode: CPU7: new patch_level=0x0a0011d1
[    1.261866] microcode: CPU28: patch_level=0x0a0011d1
[    1.261867] microcode: CPU11: new patch_level=0x0a0011d1
[    1.261868] microcode: CPU32: patch_level=0x0a0011d1
[    1.261868] microcode: CPU33: patch_level=0x0a0011d1
[    1.261868] microcode: CPU15: new patch_level=0x0a0011d1
[    1.261869] microcode: CPU34: patch_level=0x0a0011d1
[    1.261870] microcode: CPU14: new patch_level=0x0a0011d1
[    1.261871] microcode: CPU31: patch_level=0x0a0011d1
[    1.261872] microcode: CPU12: new patch_level=0x0a0011d1
[    1.261873] microcode: CPU35: patch_level=0x0a0011d1
[    1.261873] microcode: CPU39: patch_level=0x0a0011d1
[    1.261873] microcode: CPU17: new patch_level=0x0a0011d1
[    1.261873] microcode: CPU13: new patch_level=0x0a0011d1
[    1.261874] microcode: CPU38: patch_level=0x0a0011d1
[    1.261876] microcode: CPU20: new patch_level=0x0a0011d1
[    1.261876] microcode: CPU36: patch_level=0x0a0011d1
[    1.261877] microcode: CPU21: new patch_level=0x0a0011d1
[    1.261877] microcode: CPU41: patch_level=0x0a0011d1
[    1.261878] microcode: CPU37: patch_level=0x0a0011d1
[    1.261878] microcode: CPU0: new patch_level=0x0a0011d1
[    1.261881] microcode: CPU44: patch_level=0x0a0011d1
[    1.261881] microcode: CPU23: new patch_level=0x0a0011d1
[    1.261882] microcode: CPU45: patch_level=0x0a0011d1
[    1.261883] microcode: CPU22: new patch_level=0x0a0011d1
[    1.261883] microcode: CPU24: patch_level=0x0a0011d1
[    1.261884] microcode: CPU46: patch_level=0x0a0011d1
[    1.261886] microcode: CPU19: new patch_level=0x0a0011d1
[    1.261887] microcode: CPU47: patch_level=0x0a0011d1
[    1.261887] microcode: CPU43: patch_level=0x0a0011d1
[    1.261897] microcode: CPU40: new patch_level=0x0a0011d1
[    1.261904] microcode: CPU16: patch_level=0x0a0011d1
[    1.261922] microcode: CPU18: new patch_level=0x0a0011d1
[    1.261928] microcode: CPU42: patch_level=0x0a0011d1
[    1.262089] microcode: CPU27: new patch_level=0x0a0011d1
[    1.262090] microcode: CPU26: new patch_level=0x0a0011d1
[    1.262093] microcode: CPU30: new patch_level=0x0a0011d1
[    1.262094] microcode: CPU25: new patch_level=0x0a0011d1
[    1.262097] microcode: CPU32: new patch_level=0x0a0011d1
[    1.262097] microcode: CPU28: new patch_level=0x0a0011d1
[    1.262099] microcode: CPU33: new patch_level=0x0a0011d1
[    1.262100] microcode: CPU34: new patch_level=0x0a0011d1
[    1.262100] microcode: CPU31: new patch_level=0x0a0011d1
[    1.262101] microcode: CPU35: new patch_level=0x0a0011d1
[    1.262105] microcode: CPU39: new patch_level=0x0a0011d1
[    1.262105] microcode: CPU29: new patch_level=0x0a0011d1
[    1.262106] microcode: CPU38: new patch_level=0x0a0011d1
[    1.262108] microcode: CPU36: new patch_level=0x0a0011d1
[    1.262109] microcode: CPU41: new patch_level=0x0a0011d1
[    1.262110] microcode: CPU37: new patch_level=0x0a0011d1
[    1.262115] microcode: CPU24: new patch_level=0x0a0011d1
[    1.262115] microcode: CPU44: new patch_level=0x0a0011d1
[    1.262117] microcode: CPU46: new patch_level=0x0a0011d1
[    1.262118] microcode: CPU47: new patch_level=0x0a0011d1
[    1.262118] microcode: CPU45: new patch_level=0x0a0011d1
[    1.262119] microcode: CPU43: new patch_level=0x0a0011d1
[    1.262136] microcode: CPU16: new patch_level=0x0a0011d1
[    1.262207] microcode: CPU42: new patch_level=0x0a0011d1
[    1.262275] microcode: Microcode Update Driver: v2.2.
[    1.262761] resctrl: L3 allocation detected
[    1.262764] resctrl: MB allocation detected
[    1.262765] resctrl: L3 monitoring detected
[    1.262769] IPI shorthand broadcast: enabled
[    1.264746] sched_clock: Marking stable (1264201665, 291106)->(1275003379, -10510608)
[    1.266658] registered taskstats version 1
[    1.267789] Loading compiled-in X.509 certificates
[    1.268244] Loaded X.509 cert 'Build time autogenerated kernel key: 02b4aef41bceebf2b94b5d3e24eaba090bc7b371'
[    1.268623] Loaded X.509 cert 'Canonical Ltd. Live Patch Signing: 14df34d1a87cf37625abec039ef2bf521249b969'
[    1.268995] Loaded X.509 cert 'Canonical Ltd. Kernel Module Signing: 88f752e560a1e0737e31163a466ad7b70a850c19'
[    1.268997] blacklist: Loading compiled-in revocation X.509 certificates
[    1.269012] Loaded X.509 cert 'Canonical Ltd. Secure Boot Signing: 61482aa2830d0ab2ad5af10b7250da9033ddcef0'
[    1.269026] Loaded X.509 cert 'Canonical Ltd. Secure Boot Signing (2017): 242ade75ac4a15e50d50c84b0d45ff3eae707a03'
[    1.269039] Loaded X.509 cert 'Canonical Ltd. Secure Boot Signing (ESM 2018): 365188c1d374d6b07c3c8f240f8ef722433d6a8b'
[    1.269055] Loaded X.509 cert 'Canonical Ltd. Secure Boot Signing (2019): c0746fd6c5da3ae827864651ad66ae47fe24b3e8'
[    1.269068] Loaded X.509 cert 'Canonical Ltd. Secure Boot Signing (2021 v1): a8d54bbb3825cfb94fa13c9f8a594a195c107b8d'
[    1.269083] Loaded X.509 cert 'Canonical Ltd. Secure Boot Signing (2021 v2): 4cf046892d6fd3c9a5b03f98d845f90851dc6a8c'
[    1.269097] Loaded X.509 cert 'Canonical Ltd. Secure Boot Signing (2021 v3): 100437bb6de6e469b581e61cd66bce3ef4ed53af'
[    1.269111] Loaded X.509 cert 'Canonical Ltd. Secure Boot Signing (Ubuntu Core 2019): c1d57b8f6b743f23ee41f4f7ee292f06eecadfb9'
[    1.270262] zswap: loaded using pool lzo/zbud
[    1.272729] Key type .fscrypt registered
[    1.272731] Key type fscrypt-provisioning registered
[    1.272807] pstore: Using crash dump compression: deflate
[    1.276220] Key type encrypted registered
[    1.276225] AppArmor: AppArmor sha1 policy hashing enabled
[    1.276365] integrity: Loading X.509 certificate: UEFI:db
[    1.276556] integrity: Loaded X.509 cert 'ASUSTeK MotherBoard SW Key Certificate: da83b990422ebc8c441f8d8b039a65a2'
[    1.276557] integrity: Loading X.509 certificate: UEFI:db
[    1.276681] integrity: Loaded X.509 cert 'ASUSTeK Notebook SW Key Certificate: b8e581e4df77a5bb4282d5ccfc00c071'
[    1.276682] integrity: Loading X.509 certificate: UEFI:db
[    1.276700] integrity: Loaded X.509 cert 'Microsoft Corporation UEFI CA 2011: 13adbf4309bd82709c8cd54f316ed522988a1bd4'
[    1.276701] integrity: Loading X.509 certificate: UEFI:db
[    1.276716] integrity: Loaded X.509 cert 'Microsoft Windows Production PCA 2011: a92902398e16c49778cd90f99e4f9ae17c55af53'
[    1.276717] integrity: Loading X.509 certificate: UEFI:db
[    1.276844] integrity: Loaded X.509 cert 'Canonical Ltd. Master Certificate Authority: ad91990bc22ab1f517048c23b6655a268e345a63'
[    1.277081] ima: No TPM chip found, activating TPM-bypass!
[    1.277083] Loading compiled-in module X.509 certificates
[    1.277464] Loaded X.509 cert 'Build time autogenerated kernel key: 02b4aef41bceebf2b94b5d3e24eaba090bc7b371'
[    1.277466] ima: Allocated hash algorithm: sha1
[    1.277473] ima: No architecture policies found
[    1.277487] evm: Initialising EVM extended attributes:
[    1.277488] evm: security.selinux
[    1.277490] evm: security.SMACK64
[    1.277491] evm: security.SMACK64EXEC
[    1.277492] evm: security.SMACK64TRANSMUTE
[    1.277493] evm: security.SMACK64MMAP
[    1.277494] evm: security.apparmor
[    1.277495] evm: security.ima
[    1.277496] evm: security.capability
[    1.277497] evm: HMAC attrs: 0x1
[    1.277834] BERT: Error records from previous boot:
[    1.277836] [Hardware Error]: It has been corrected by h/w and requires no further action
[    1.277837] [Hardware Error]: event severity: corrected
[    1.277839] [Hardware Error]:  Error 0, type: corrected
[    1.277840] [Hardware Error]:  fru_text: DIMM Locate:  P0A1
[    1.277842] [Hardware Error]:   section_type: memory error
[    1.277843] [Hardware Error]:    error_status: Storage error in DRAM memory (0x0000000000040400)
[    1.277845] [Hardware Error]:   physical_address: 0x0000000ced558080
[    1.277848] [Hardware Error]:   node:0 card:0 module:1 rank:2 bank:6 row:37802 column:16 
[    1.277849] BERT: Total records found: 1
[    1.277880] PM:   Magic number: 15:944:202
[    1.278000] acpi device:57: hash matches
[    1.278009] acpi device:2a: hash matches
[    1.278050] GHES GHES.21556: hash matches
[    1.278216] GHES GHES.5198: hash matches
[    1.278267] GHES GHES.4808: hash matches
[    1.410592] RAS: Correctable Errors collector initialized.
[    1.414897] Freeing unused decrypted memory: 2036K
[    1.415931] Freeing unused kernel image (initmem) memory: 4768K
[    1.424304] Write protecting the kernel read-only data: 34816k
[    1.425437] Freeing unused kernel image (rodata/data gap) memory: 1604K
[    1.488206] x86/mm: Checked W+X mappings: passed, no W+X pages found.
[    1.488211] Run /init as init process
[    1.488213]   with arguments:
[    1.488214]     /init
[    1.488216]     splash
[    1.488217]   with environment:
[    1.488218]     HOME=/
[    1.488219]     TERM=linux
[    1.488220]     BOOT_IMAGE=/boot/vmlinuz-6.2.0-36-generic
[    1.843807] piix4_smbus 0000:00:14.0: SMBus Host Controller at 0xb00, revision 0
[    1.843812] piix4_smbus 0000:00:14.0: Using register 0x02 for SMBus port selection
[    1.844030] piix4_smbus 0000:00:14.0: Auxiliary SMBus Host Controller at 0xb20
[    1.844567] xhci_hcd 0000:43:00.3: xHCI Host Controller
[    1.844598] xhci_hcd 0000:43:00.3: new USB bus registered, assigned bus number 1
[    1.844708] xhci_hcd 0000:43:00.3: hcc params 0x0260ffe5 hci version 0x110 quirks 0x0000000000000410
[    1.845223] xhci_hcd 0000:43:00.3: xHCI Host Controller
[    1.845228] xhci_hcd 0000:43:00.3: new USB bus registered, assigned bus number 2
[    1.845232] xhci_hcd 0000:43:00.3: Host supports USB 3.1 Enhanced SuperSpeed
[    1.845276] usb usb1: New USB device found, idVendor=1d6b, idProduct=0002, bcdDevice= 6.02
[    1.845278] usb usb1: New USB device strings: Mfr=3, Product=2, SerialNumber=1
[    1.845280] usb usb1: Product: xHCI Host Controller
[    1.845282] usb usb1: Manufacturer: Linux 6.2.0-36-generic xhci-hcd
[    1.845284] usb usb1: SerialNumber: 0000:43:00.3
[    1.845468] hub 1-0:1.0: USB hub found
[    1.845477] hub 1-0:1.0: 2 ports detected
[    1.845744] usb usb2: We don't know the algorithms for LPM for this host, disabling LPM.
[    1.845770] usb usb2: New USB device found, idVendor=1d6b, idProduct=0003, bcdDevice= 6.02
[    1.845772] usb usb2: New USB device strings: Mfr=3, Product=2, SerialNumber=1
[    1.845774] usb usb2: Product: xHCI Host Controller
[    1.845776] usb usb2: Manufacturer: Linux 6.2.0-36-generic xhci-hcd
[    1.845777] usb usb2: SerialNumber: 0000:43:00.3
[    1.846009] hub 2-0:1.0: USB hub found
[    1.846017] hub 2-0:1.0: 2 ports detected
[    1.846652] xhci_hcd 0000:02:00.3: xHCI Host Controller
[    1.846657] xhci_hcd 0000:02:00.3: new USB bus registered, assigned bus number 3
[    1.846759] xhci_hcd 0000:02:00.3: hcc params 0x0260ffe5 hci version 0x110 quirks 0x0000000000000410
[    1.847248] xhci_hcd 0000:02:00.3: xHCI Host Controller
[    1.847251] xhci_hcd 0000:02:00.3: new USB bus registered, assigned bus number 4
[    1.847256] xhci_hcd 0000:02:00.3: Host supports USB 3.1 Enhanced SuperSpeed
[    1.847295] usb usb3: New USB device found, idVendor=1d6b, idProduct=0002, bcdDevice= 6.02
[    1.847298] usb usb3: New USB device strings: Mfr=3, Product=2, SerialNumber=1
[    1.847299] usb usb3: Product: xHCI Host Controller
[    1.847301] usb usb3: Manufacturer: Linux 6.2.0-36-generic xhci-hcd
[    1.847303] usb usb3: SerialNumber: 0000:02:00.3
[    1.847461] hub 3-0:1.0: USB hub found
[    1.847470] hub 3-0:1.0: 2 ports detected
[    1.847740] usb usb4: We don't know the algorithms for LPM for this host, disabling LPM.
[    1.847778] usb usb4: New USB device found, idVendor=1d6b, idProduct=0003, bcdDevice= 6.02
[    1.847782] usb usb4: New USB device strings: Mfr=3, Product=2, SerialNumber=1
[    1.847784] usb usb4: Product: xHCI Host Controller
[    1.847787] usb usb4: Manufacturer: Linux 6.2.0-36-generic xhci-hcd
[    1.847789] usb usb4: SerialNumber: 0000:02:00.3
[    1.847963] hub 4-0:1.0: USB hub found
[    1.847975] hub 4-0:1.0: 2 ports detected
[    1.849588] ahci 0000:84:00.0: version 3.0
[    1.850279] dca service started, version 1.12.1
[    1.854509] r8169 0000:c1:00.0: enabling device (0000 -> 0003)
[    1.855132] nvme nvme0: pci function 0000:41:00.0
[    1.857776] igb: Intel(R) Gigabit Ethernet Network Driver
[    1.857778] igb: Copyright (c) 2007-2014 Intel Corporation.
[    1.857982] igb 0000:c5:00.0: enabling device (0000 -> 0002)
